Archive member included to satisfy reference by file (symbol)

app/libapp.a(main.c.obj)      (--whole-archive)
zephyr/libzephyr.a(heap.c.obj)
                              (--whole-archive)
zephyr/libzephyr.a(cbprintf_packaged.c.obj)
                              (--whole-archive)
zephyr/libzephyr.a(printk.c.obj)
                              (--whole-archive)
zephyr/libzephyr.a(sem.c.obj)
                              (--whole-archive)
zephyr/libzephyr.a(thread_entry.c.obj)
                              (--whole-archive)
zephyr/libzephyr.a(cbprintf_complete.c.obj)
                              (--whole-archive)
zephyr/libzephyr.a(assert.c.obj)
                              (--whole-archive)
zephyr/libzephyr.a(mpsc_pbuf.c.obj)
                              (--whole-archive)
zephyr/libzephyr.a(reboot.c.obj)
                              (--whole-archive)
zephyr/libzephyr.a(dec.c.obj)
                              (--whole-archive)
zephyr/libzephyr.a(hex.c.obj)
                              (--whole-archive)
zephyr/libzephyr.a(rb.c.obj)  (--whole-archive)
zephyr/libzephyr.a(timeutil.c.obj)
                              (--whole-archive)
zephyr/libzephyr.a(bitarray.c.obj)
                              (--whole-archive)
zephyr/libzephyr.a(ring_buffer.c.obj)
                              (--whole-archive)
zephyr/libzephyr.a(configs.c.obj)
                              (--whole-archive)
zephyr/libzephyr.a(stm32cube_hal.c.obj)
                              (--whole-archive)
zephyr/libzephyr.a(soc_config.c.obj)
                              (--whole-archive)
zephyr/libzephyr.a(soc.c.obj)
                              (--whole-archive)
zephyr/libzephyr.a(log_core.c.obj)
                              (--whole-archive)
zephyr/libzephyr.a(log_mgmt.c.obj)
                              (--whole-archive)
zephyr/libzephyr.a(log_cache.c.obj)
                              (--whole-archive)
zephyr/libzephyr.a(log_msg.c.obj)
                              (--whole-archive)
zephyr/libzephyr.a(log_output.c.obj)
                              (--whole-archive)
zephyr/libzephyr.a(log_backend_uart.c.obj)
                              (--whole-archive)
zephyr/libzephyr.a(mem_attr.c.obj)
                              (--whole-archive)
zephyr/libzephyr.a(tracing_none.c.obj)
                              (--whole-archive)
zephyr/arch/common/libarch__common.a(sw_isr_common.c.obj)
                              (--whole-archive)
zephyr/arch/arch/arm/core/libarch__arm__core.a(fatal.c.obj)
                              (--whole-archive)
zephyr/arch/arch/arm/core/libarch__arm__core.a(nmi.c.obj)
                              (--whole-archive)
zephyr/arch/arch/arm/core/libarch__arm__core.a(nmi_on_reset.S.obj)
                              (--whole-archive)
zephyr/arch/arch/arm/core/libarch__arm__core.a(tls.c.obj)
                              (--whole-archive)
zephyr/arch/arch/arm/core/cortex_m/libarch__arm__core__cortex_m.a(exc_exit.c.obj)
                              (--whole-archive)
zephyr/arch/arch/arm/core/cortex_m/libarch__arm__core__cortex_m.a(fault.c.obj)
                              (--whole-archive)
zephyr/arch/arch/arm/core/cortex_m/libarch__arm__core__cortex_m.a(fault_s.S.obj)
                              (--whole-archive)
zephyr/arch/arch/arm/core/cortex_m/libarch__arm__core__cortex_m.a(fpu.c.obj)
                              (--whole-archive)
zephyr/arch/arch/arm/core/cortex_m/libarch__arm__core__cortex_m.a(reset.S.obj)
                              (--whole-archive)
zephyr/arch/arch/arm/core/cortex_m/libarch__arm__core__cortex_m.a(scb.c.obj)
                              (--whole-archive)
zephyr/arch/arch/arm/core/cortex_m/libarch__arm__core__cortex_m.a(thread_abort.c.obj)
                              (--whole-archive)
zephyr/arch/arch/arm/core/cortex_m/libarch__arm__core__cortex_m.a(vector_table.S.obj)
                              (--whole-archive)
zephyr/arch/arch/arm/core/cortex_m/libarch__arm__core__cortex_m.a(swap_helper.S.obj)
                              (--whole-archive)
zephyr/arch/arch/arm/core/cortex_m/libarch__arm__core__cortex_m.a(irq_manage.c.obj)
                              (--whole-archive)
zephyr/arch/arch/arm/core/cortex_m/libarch__arm__core__cortex_m.a(prep_c.c.obj)
                              (--whole-archive)
zephyr/arch/arch/arm/core/cortex_m/libarch__arm__core__cortex_m.a(thread.c.obj)
                              (--whole-archive)
zephyr/arch/arch/arm/core/cortex_m/libarch__arm__core__cortex_m.a(cpu_idle.c.obj)
                              (--whole-archive)
zephyr/arch/arch/arm/core/cortex_m/libarch__arm__core__cortex_m.a(irq_init.c.obj)
                              (--whole-archive)
zephyr/arch/arch/arm/core/cortex_m/libarch__arm__core__cortex_m.a(isr_wrapper.c.obj)
                              (--whole-archive)
zephyr/arch/arch/arm/core/cortex_m/libarch__arm__core__cortex_m.a(__aeabi_read_tp.S.obj)
                              (--whole-archive)
[...]
Memory Configuration

Name             Origin             Length             Attributes
FLASH            0x0000000008000000 0x0000000000080000 xr
RAM              0x0000000020000000 0x0000000000018000 xw
IDT_LIST         0x00000000ffff7fff 0x0000000000008000 xw
*default*        0x0000000000000000 0xffffffffffffffff

Linker script and memory map

                0x0000000008006cc4                vfprintf = __l_vfprintf
                0x0000000000000000                vfscanf = __l_vfscanf
LOAD zephyr/CMakeFiles/zephyr_final.dir/misc/empty_file.c.obj
LOAD zephyr/CMakeFiles/zephyr_final.dir/isr_tables.c.obj
LOAD zephyr/CMakeFiles/offsets.dir/./arch/arm/core/offsets/offsets.c.obj
LOAD app/libapp.a
LOAD zephyr/libzephyr.a
LOAD zephyr/arch/common/libarch__common.a
LOAD zephyr/arch/arch/arm/core/libarch__arm__core.a
LOAD zephyr/arch/arch/arm/core/cortex_m/libarch__arm__core__cortex_m.a
LOAD zephyr/arch/arch/arm/core/mpu/libarch__arm__core__mpu.a
LOAD zephyr/lib/libc/picolibc/liblib__libc__picolibc.a
LOAD zephyr/lib/libc/common/liblib__libc__common.a
LOAD zephyr/subsys/random/libsubsys__random.a
LOAD zephyr/drivers/interrupt_controller/libdrivers__interrupt_controller.a
LOAD zephyr/drivers/clock_control/libdrivers__clock_control.a
LOAD zephyr/drivers/console/libdrivers__console.a
LOAD zephyr/drivers/gpio/libdrivers__gpio.a
LOAD zephyr/drivers/lora/libloramac-node.a
LOAD zephyr/drivers/pinctrl/libdrivers__pinctrl.a
LOAD zephyr/drivers/reset/libdrivers__reset.a
LOAD zephyr/drivers/serial/libdrivers__serial.a
LOAD zephyr/drivers/spi/libdrivers__spi.a
LOAD zephyr/drivers/timer/libdrivers__timer.a
LOAD modules/hal_stm32/stm32cube/lib..__modules__hal__stm32__stm32cube.a
LOAD zephyr/kernel/libkernel.a
LOAD zephyr/arch/common/libisr_tables.a
LOAD c:\users\zainsiddiqui\.zephyr_ide\toolchains\zephyr-sdk-0.17.0\arm-zephyr-eabi\bin\../lib/gcc/../../picolibc/arm-zephyr-eabi/lib/thumb/v7e-m/nofp\libc.a
LOAD c:/users/zainsiddiqui/.zephyr_ide/toolchains/zephyr-sdk-0.17.0/arm-zephyr-eabi/bin/../lib/gcc/arm-zephyr-eabi/12.2.0/thumb/v7e-m/nofp\libgcc.a
                0x0000000000000020                _region_min_align = 0x20

.rel.plt        0x0000000008000000        0x0
 *(SORT_BY_ALIGNMENT(.rel.plt))
                [!provide]                        PROVIDE (__rel_iplt_start = .)
 *(SORT_BY_ALIGNMENT(.rel.iplt))
 .rel.iplt      0x0000000008000000        0x0 zephyr/CMakeFiles/zephyr_final.dir/isr_tables.c.obj
                [!provide]                        PROVIDE (__rel_iplt_end = .)

.rela.plt       0x0000000000000000        0x0
 *(SORT_BY_ALIGNMENT(.rela.plt))
                [!provide]                        PROVIDE (__rela_iplt_start = .)
 *(SORT_BY_ALIGNMENT(.rela.iplt))
                [!provide]                        PROVIDE (__rela_iplt_end = .)

.rel.dyn
 *(SORT_BY_ALIGNMENT(.rel.*))

.rela.dyn
 *(SORT_BY_ALIGNMENT(.rela.*))

/DISCARD/
 *(SORT_BY_ALIGNMENT(.plt))

/DISCARD/
 *(SORT_BY_ALIGNMENT(.iplt))
                0x0000000008000000                __rom_region_start = 0x8000000

rom_start       0x0000000008000000      0x194
                0x0000000008000000                __rom_start_address = .
 FILL mask 0x00
                0x0000000008000000                . = (. + (0x0 - (. - __rom_start_address)))
                0x0000000008000000                . = ALIGN (0x4)
                0x0000000008000000                . = ALIGN (0x80)
                0x0000000008000000                . = ALIGN (0x200)
                0x0000000008000000                _vector_start = .
 *(SORT_BY_ALIGNMENT(.exc_vector_table))
 *(SORT_BY_ALIGNMENT(.exc_vector_table.*))
 .exc_vector_table._vector_table_section
                0x0000000008000000       0x40 zephyr/arch/arch/arm/core/cortex_m/libarch__arm__core__cortex_m.a(vector_table.S.obj)
                0x0000000008000000                _vector_table
 *(SORT_BY_ALIGNMENT(.vectors))
                0x0000000008000194                _vector_end = .
                0x0000000008000040                . = ALIGN (0x4)
 *(SORT_BY_ALIGNMENT(.gnu.linkonce.irq_vector_table*))
 .gnu.linkonce.irq_vector_table
                0x0000000008000040      0x154 zephyr/CMakeFiles/zephyr_final.dir/isr_tables.c.obj
                0x0000000008000040                _irq_vector_table
                0x0000000008000194                _vector_end = .

text            0x0000000008000194     0x930c
                0x0000000008000194                __text_region_start = .
 *(SORT_BY_ALIGNMENT(.text))
 .text          0x0000000008000194       0x30 c:/users/zainsiddiqui/.zephyr_ide/toolchains/zephyr-sdk-0.17.0/arm-zephyr-eabi/bin/../lib/gcc/arm-zephyr-eabi/12.2.0/thumb/v7e-m/nofp\libgcc.a(_aeabi_uldivmod.o)
                0x0000000008000194                __aeabi_uldivmod
 .text          0x00000000080001c4        0x4 c:/users/zainsiddiqui/.zephyr_ide/toolchains/zephyr-sdk-0.17.0/arm-zephyr-eabi/bin/../lib/gcc/arm-zephyr-eabi/12.2.0/thumb/v7e-m/nofp\libgcc.a(_dvmd_tls.o)
                0x00000000080001c4                __aeabi_idiv0
                0x00000000080001c4                __aeabi_ldiv0
 .text          0x00000000080001c8       0x10 c:\users\zainsiddiqui\.zephyr_ide\toolchains\zephyr-sdk-0.17.0\arm-zephyr-eabi\bin\../lib/gcc/../../picolibc/arm-zephyr-eabi/lib/thumb/v7e-m/nofp\libc.a(strlen.S.o)
                0x00000000080001c8                strlen
 .text          0x00000000080001d8      0x2a0 c:/users/zainsiddiqui/.zephyr_ide/toolchains/zephyr-sdk-0.17.0/arm-zephyr-eabi/bin/../lib/gcc/arm-zephyr-eabi/12.2.0/thumb/v7e-m/nofp\libgcc.a(_udivmoddi4.o)
                0x00000000080001d8                __udivmoddi4
 *(SORT_BY_ALIGNMENT(.text.*))
 .text.configure_rx.constprop.0
                0x0000000008000478       0x50 app/libapp.a(main.c.obj)
 .text.tx_task.part.0
                0x00000000080004c8      0x188 app/libapp.a(main.c.obj)
 .text.tx_task  0x0000000008000650       0x28 app/libapp.a(main.c.obj)
                0x0000000008000650                tx_task
 .text.mesh_receive_cb
                0x0000000008000678      0x184 app/libapp.a(main.c.obj)
                0x0000000008000678                mesh_receive_cb
 .text.main     0x00000000080007fc      0x108 app/libapp.a(main.c.obj)
                0x00000000080007fc                main
 .text.cbvprintf_package
                0x0000000008000904      0x3a4 zephyr/libzephyr.a(cbprintf_packaged.c.obj)
                0x0000000008000904                cbvprintf_package
 .text.cbprintf_package_convert
                0x0000000008000ca8      0x3cc zephyr/libzephyr.a(cbprintf_packaged.c.obj)
                0x0000000008000ca8                cbprintf_package_convert
 .text.__printk_hook_install
                0x0000000008001074        0xc zephyr/libzephyr.a(printk.c.obj)
                0x0000000008001074                __printk_hook_install
 .text.z_thread_entry
                0x0000000008001080       0x34 zephyr/libzephyr.a(thread_entry.c.obj)
                0x0000000008001080                z_thread_entry
 .text.st_stm32_common_config
                0x00000000080010b4       0x14 zephyr/libzephyr.a(soc_config.c.obj)
 .text.soc_early_init_hook
                0x00000000080010c8       0x30 zephyr/libzephyr.a(soc.c.obj)
                0x00000000080010c8                soc_early_init_hook
 .text.activate_foreach_backend
                0x00000000080010f8       0x64 zephyr/libzephyr.a(log_core.c.obj)
 .text.enable_logger
                0x000000000800115c       0x5c zephyr/libzephyr.a(log_core.c.obj)
 .text.log_process_thread_timer_expiry_fn
                0x00000000080011b8        0xc zephyr/libzephyr.a(log_core.c.obj)
 .text.z_log_init
                0x00000000080011c4       0xa4 zephyr/libzephyr.a(log_core.c.obj)
 .text.log_format_func_t_get
                0x0000000008001268        0xc zephyr/libzephyr.a(log_core.c.obj)
                0x0000000008001268                log_format_func_t_get
 .text.log_set_timestamp_func
                0x0000000008001274       0x20 zephyr/libzephyr.a(log_core.c.obj)
                0x0000000008001274                log_set_timestamp_func
 .text.z_log_notify_backend_enabled
                0x0000000008001294       0x1c zephyr/libzephyr.a(log_core.c.obj)
                0x0000000008001294                z_log_notify_backend_enabled
 .text.z_log_dropped
                0x00000000080012b0       0x44 zephyr/libzephyr.a(log_core.c.obj)
                0x00000000080012b0                z_log_dropped
 .text.z_log_dropped_read_and_clear
                0x00000000080012f4       0x20 zephyr/libzephyr.a(log_core.c.obj)
                0x00000000080012f4                z_log_dropped_read_and_clear
 .text.dropped_notify
                0x0000000008001314       0x30 zephyr/libzephyr.a(log_core.c.obj)
                0x0000000008001314                dropped_notify
 .text.z_log_msg_init
                0x0000000008001344       0x20 zephyr/libzephyr.a(log_core.c.obj)
                0x0000000008001344                z_log_msg_init
 .text.log_core_init
                0x0000000008001364       0x34 zephyr/libzephyr.a(log_core.c.obj)
                0x0000000008001364                log_core_init
 .text.z_log_msg_alloc
                0x0000000008001398       0x10 zephyr/libzephyr.a(log_core.c.obj)
                0x0000000008001398                z_log_msg_alloc
 .text.z_log_msg_local_claim
                0x00000000080013a8        0xc zephyr/libzephyr.a(log_core.c.obj)
                0x00000000080013a8                z_log_msg_local_claim
 .text.z_log_msg_free
                0x00000000080013b4       0x10 zephyr/libzephyr.a(log_core.c.obj)
                0x00000000080013b4                z_log_msg_free
 .text.z_log_msg_pending
                0x00000000080013c4        0xc zephyr/libzephyr.a(log_core.c.obj)
                0x00000000080013c4                z_log_msg_pending
 .text.z_impl_log_process
                0x00000000080013d0       0xb4 zephyr/libzephyr.a(log_core.c.obj)
                0x00000000080013d0                z_impl_log_process
 .text.z_impl_log_panic
                0x0000000008001484       0x44 zephyr/libzephyr.a(log_core.c.obj)
                0x0000000008001484                z_impl_log_panic
 .text.log_process_thread_func
                0x00000000080014c8       0xa4 zephyr/libzephyr.a(log_core.c.obj)
 .text.z_log_msg_post_finalize
                0x000000000800156c       0x78 zephyr/libzephyr.a(log_core.c.obj)
 .text.z_log_msg_commit
                0x00000000080015e4       0x24 zephyr/libzephyr.a(log_core.c.obj)
                0x00000000080015e4                z_log_msg_commit
 .text.log_source_name_get
                0x0000000008001608       0x1c zephyr/libzephyr.a(log_mgmt.c.obj)
                0x0000000008001608                log_source_name_get
 .text.z_impl_z_log_msg_static_create
                0x0000000008001624      0x108 zephyr/libzephyr.a(log_msg.c.obj)
                0x0000000008001624                z_impl_z_log_msg_static_create
 .text.z_log_msg_runtime_vcreate
                0x000000000800172c       0xa0 zephyr/libzephyr.a(log_msg.c.obj)
                0x000000000800172c                z_log_msg_runtime_vcreate
 .text.log_msg_get_source_id
                0x00000000080017cc       0x18 zephyr/libzephyr.a(log_msg.c.obj)
                0x00000000080017cc                log_msg_get_source_id
 .text.print_formatted
                0x00000000080017e4       0x24 zephyr/libzephyr.a(log_output.c.obj)
 .text.newline_print
                0x0000000008001808       0x1c zephyr/libzephyr.a(log_output.c.obj)
 .text.log_output_process
                0x0000000008001824      0x2d4 zephyr/libzephyr.a(log_output.c.obj)
                0x0000000008001824                log_output_process
 .text.log_output_dropped_process
                0x0000000008001af8       0x58 zephyr/libzephyr.a(log_output.c.obj)
                0x0000000008001af8                log_output_dropped_process
 .text.log_output_timestamp_freq_set
                0x0000000008001b50       0x2c zephyr/libzephyr.a(log_output.c.obj)
                0x0000000008001b50                log_output_timestamp_freq_set
 .text.char_out
                0x0000000008001b7c       0x24 zephyr/libzephyr.a(log_backend_uart.c.obj)
 .text.mem_attr_get_regions
                0x0000000008001ba0        0xc zephyr/libzephyr.a(mem_attr.c.obj)
                0x0000000008001ba0                mem_attr_get_regions
 .text.z_arm_fatal_error
                0x0000000008001bac       0xb8 zephyr/arch/arch/arm/core/libarch__arm__core.a(fatal.c.obj)
                0x0000000008001bac                z_arm_fatal_error
 .text.z_arm_nmi
                0x0000000008001c64       0x14 zephyr/arch/arch/arm/core/libarch__arm__core.a(nmi.c.obj)
                0x0000000008001c64                z_arm_nmi
 .text.z_SysNmiOnReset
                0x0000000008001c78        0x8 zephyr/arch/arch/arm/core/libarch__arm__core.a(nmi_on_reset.S.obj)
                0x0000000008001c78                z_SysNmiOnReset
 .text.arch_tls_stack_setup
                0x0000000008001c80       0x40 zephyr/arch/arch/arm/core/libarch__arm__core.a(tls.c.obj)
                0x0000000008001c80                arch_tls_stack_setup
 .text._HandlerModeExit
                0x0000000008001cc0       0x20 zephyr/arch/arch/arm/core/cortex_m/libarch__arm__core__cortex_m.a(exc_exit.c.obj)
                0x0000000008001cc0                z_arm_int_exit
                0x0000000008001cc0                z_arm_exc_exit
 .text.bus_fault.constprop.0
                0x0000000008001ce0       0xd0 zephyr/arch/arch/arm/core/cortex_m/libarch__arm__core__cortex_m.a(fault.c.obj)
 .text.usage_fault.constprop.0
                0x0000000008001db0       0xa8 zephyr/arch/arch/arm/core/cortex_m/libarch__arm__core__cortex_m.a(fault.c.obj)
 .text.mem_manage_fault
                0x0000000008001e58      0x104 zephyr/arch/arch/arm/core/cortex_m/libarch__arm__core__cortex_m.a(fault.c.obj)
 .text.z_arm_fault
                0x0000000008001f5c      0x1d4 zephyr/arch/arch/arm/core/cortex_m/libarch__arm__core__cortex_m.a(fault.c.obj)
                0x0000000008001f5c                z_arm_fault
 .text.z_arm_fault_init
                0x0000000008002130       0x18 zephyr/arch/arch/arm/core/cortex_m/libarch__arm__core__cortex_m.a(fault.c.obj)
                0x0000000008002130                z_arm_fault_init
 .text.__fault  0x0000000008002148       0x14 zephyr/arch/arch/arm/core/cortex_m/libarch__arm__core__cortex_m.a(fault_s.S.obj)
                0x0000000008002148                z_arm_usage_fault
                0x0000000008002148                z_arm_mpu_fault
                0x0000000008002148                z_arm_exc_spurious
                0x0000000008002148                z_arm_debug_monitor
                0x0000000008002148                z_arm_hard_fault
                0x0000000008002148                z_arm_bus_fault
 .text._reset_section
                0x000000000800215c       0x2c zephyr/arch/arch/arm/core/cortex_m/libarch__arm__core__cortex_m.a(reset.S.obj)
                0x000000000800215c                __start
                0x000000000800215c                z_arm_reset
 .text.z_impl_k_thread_abort
                0x0000000008002188       0x2c zephyr/arch/arch/arm/core/cortex_m/libarch__arm__core__cortex_m.a(thread_abort.c.obj)
                0x0000000008002188                z_impl_k_thread_abort
 .text.z_arm_pendsv
                0x00000000080021b4       0x60 zephyr/arch/arch/arm/core/cortex_m/libarch__arm__core__cortex_m.a(swap_helper.S.obj)
                0x00000000080021b4                z_arm_pendsv
 .text.z_arm_svc
                0x0000000008002214       0x24 zephyr/arch/arch/arm/core/cortex_m/libarch__arm__core__cortex_m.a(swap_helper.S.obj)
                0x0000000008002214                z_arm_svc
 .text.arch_irq_enable
                0x0000000008002238       0x1c zephyr/arch/arch/arm/core/cortex_m/libarch__arm__core__cortex_m.a(irq_manage.c.obj)
                0x0000000008002238                arch_irq_enable
 .text.z_arm_irq_priority_set
                0x0000000008002254       0x30 zephyr/arch/arch/arm/core/cortex_m/libarch__arm__core__cortex_m.a(irq_manage.c.obj)
                0x0000000008002254                z_arm_irq_priority_set
 .text.z_prep_c
                0x0000000008002284       0x48 zephyr/arch/arch/arm/core/cortex_m/libarch__arm__core__cortex_m.a(prep_c.c.obj)
                0x0000000008002284                z_prep_c
 .text.arch_new_thread
                0x00000000080022cc       0x38 zephyr/arch/arch/arm/core/cortex_m/libarch__arm__core__cortex_m.a(thread.c.obj)
                0x00000000080022cc                arch_new_thread
 .text.z_check_thread_stack_fail
                0x0000000008002304       0x2c zephyr/arch/arch/arm/core/cortex_m/libarch__arm__core__cortex_m.a(thread.c.obj)
                0x0000000008002304                z_check_thread_stack_fail
 .text.arch_switch_to_main_thread
                0x0000000008002330       0x3c zephyr/arch/arch/arm/core/cortex_m/libarch__arm__core__cortex_m.a(thread.c.obj)
                0x0000000008002330                arch_switch_to_main_thread
 .text.z_arm_cpu_idle_init
                0x000000000800236c        0xc zephyr/arch/arch/arm/core/cortex_m/libarch__arm__core__cortex_m.a(cpu_idle.c.obj)
                0x000000000800236c                z_arm_cpu_idle_init
 .text.z_arm_interrupt_init
                0x0000000008002378       0x18 zephyr/arch/arch/arm/core/cortex_m/libarch__arm__core__cortex_m.a(irq_init.c.obj)
                0x0000000008002378                z_arm_interrupt_init
 .text._isr_wrapper
                0x0000000008002390       0x24 zephyr/arch/arch/arm/core/cortex_m/libarch__arm__core__cortex_m.a(isr_wrapper.c.obj)
                0x0000000008002390                _isr_wrapper
 .text.z_arm_configure_static_mpu_regions
                0x00000000080023b4       0x18 zephyr/arch/arch/arm/core/mpu/libarch__arm__core__mpu.a(arm_core_mpu.c.obj)
                0x00000000080023b4                z_arm_configure_static_mpu_regions
 .text.z_arm_configure_dynamic_mpu_regions
                0x00000000080023cc       0x20 zephyr/arch/arch/arm/core/mpu/libarch__arm__core__mpu.a(arm_core_mpu.c.obj)
                0x00000000080023cc                z_arm_configure_dynamic_mpu_regions
 .text.region_allocate_and_init
                0x00000000080023ec       0x54 zephyr/arch/arch/arm/core/mpu/libarch__arm__core__mpu.a(arm_mpu.c.obj)
 .text.mpu_configure_regions
                0x0000000008002440       0x68 zephyr/arch/arch/arm/core/mpu/libarch__arm__core__mpu.a(arm_mpu.c.obj)
 .text.arm_core_mpu_enable
                0x00000000080024a8       0x18 zephyr/arch/arch/arm/core/mpu/libarch__arm__core__mpu.a(arm_mpu.c.obj)
                0x00000000080024a8                arm_core_mpu_enable
 .text.arm_core_mpu_disable
                0x00000000080024c0       0x14 zephyr/arch/arch/arm/core/mpu/libarch__arm__core__mpu.a(arm_mpu.c.obj)
                0x00000000080024c0                arm_core_mpu_disable
 .text.arm_core_mpu_configure_static_mpu_regions
                0x00000000080024d4       0x14 zephyr/arch/arch/arm/core/mpu/libarch__arm__core__mpu.a(arm_mpu.c.obj)
                0x00000000080024d4                arm_core_mpu_configure_static_mpu_regions
 .text.arm_core_mpu_configure_dynamic_mpu_regions
                0x00000000080024e8       0x38 zephyr/arch/arch/arm/core/mpu/libarch__arm__core__mpu.a(arm_mpu.c.obj)
                0x00000000080024e8                arm_core_mpu_configure_dynamic_mpu_regions
 .text.z_arm_mpu_init
                0x0000000008002520      0x17c zephyr/arch/arch/arm/core/mpu/libarch__arm__core__mpu.a(arm_mpu.c.obj)
                0x0000000008002520                z_arm_mpu_init
 .text.cbvprintf
                0x000000000800269c       0x38 zephyr/lib/libc/picolibc/liblib__libc__picolibc.a(cbprintf.c.obj)
                0x000000000800269c                cbvprintf
 .text.z_impl_zephyr_fputc
                0x00000000080026d4       0x10 zephyr/lib/libc/picolibc/liblib__libc__picolibc.a(stdio.c.obj)
                0x00000000080026d4                z_impl_zephyr_fputc
 .text.__stdout_hook_install
                0x00000000080026e4       0x18 zephyr/lib/libc/picolibc/liblib__libc__picolibc.a(stdio.c.obj)
                0x00000000080026e4                __stdout_hook_install
 .text.malloc_prepare
                0x00000000080026fc       0x24 zephyr/lib/libc/common/liblib__libc__common.a(malloc.c.obj)
 .text.stm32_exti_isr
                0x0000000008002720       0x50 zephyr/drivers/interrupt_controller/libdrivers__interrupt_controller.a(intc_exti_stm32.c.obj)
 .text.stm32_fill_irq_table
                0x0000000008002770       0x18 zephyr/drivers/interrupt_controller/libdrivers__interrupt_controller.a(intc_exti_stm32.c.obj)
 .text.stm32_exti_init
                0x0000000008002788       0xac zephyr/drivers/interrupt_controller/libdrivers__interrupt_controller.a(intc_exti_stm32.c.obj)
 .text.stm32_gpio_intc_enable_line
                0x0000000008002834       0x2c zephyr/drivers/interrupt_controller/libdrivers__interrupt_controller.a(intc_exti_stm32.c.obj)
                0x0000000008002834                stm32_gpio_intc_enable_line
 .text.stm32_gpio_intc_disable_line
                0x0000000008002860       0x10 zephyr/drivers/interrupt_controller/libdrivers__interrupt_controller.a(intc_exti_stm32.c.obj)
                0x0000000008002860                stm32_gpio_intc_disable_line
 .text.stm32_gpio_intc_select_line_trigger
                0x0000000008002870       0x50 zephyr/drivers/interrupt_controller/libdrivers__interrupt_controller.a(intc_exti_stm32.c.obj)
                0x0000000008002870                stm32_gpio_intc_select_line_trigger
 .text.stm32_gpio_intc_set_irq_callback
                0x00000000080028c0       0x40 zephyr/drivers/interrupt_controller/libdrivers__interrupt_controller.a(intc_exti_stm32.c.obj)
                0x00000000080028c0                stm32_gpio_intc_set_irq_callback
 .text.stm32_gpio_intc_remove_irq_callback
                0x0000000008002900       0x24 zephyr/drivers/interrupt_controller/libdrivers__interrupt_controller.a(intc_exti_stm32.c.obj)
                0x0000000008002900                stm32_gpio_intc_remove_irq_callback
 .text.stm32_exti_get_line_src_port
                0x0000000008002924       0x30 zephyr/drivers/interrupt_controller/libdrivers__interrupt_controller.a(intc_exti_stm32.c.obj)
                0x0000000008002924                stm32_exti_get_line_src_port
 .text.stm32_clock_control_get_subsys_rate
                0x0000000008002954       0xac zephyr/drivers/clock_control/libdrivers__clock_control.a(clock_stm32_ll_common.c.obj)
 .text.stm32_clock_control_init
                0x0000000008002a00      0x124 zephyr/drivers/clock_control/libdrivers__clock_control.a(clock_stm32_ll_common.c.obj)
                0x0000000008002a00                stm32_clock_control_init
 .text.get_pllsrc_frequency
                0x0000000008002b24        0x8 zephyr/drivers/clock_control/libdrivers__clock_control.a(clock_stm32f2_f4_f7.c.obj)
                0x0000000008002b24                get_pllsrc_frequency
 .text.config_pll_sysclock
                0x0000000008002b2c       0x3c zephyr/drivers/clock_control/libdrivers__clock_control.a(clock_stm32f2_f4_f7.c.obj)
                0x0000000008002b2c                config_pll_sysclock
 .text.config_enable_default_clocks
                0x0000000008002b68       0x20 zephyr/drivers/clock_control/libdrivers__clock_control.a(clock_stm32f2_f4_f7.c.obj)
                0x0000000008002b68                config_enable_default_clocks
 .text.uart_console_init
                0x0000000008002b88       0x28 zephyr/drivers/console/libdrivers__console.a(uart_console.c.obj)
 .text.console_out
                0x0000000008002bb0       0x28 zephyr/drivers/console/libdrivers__console.a(uart_console.c.obj)
 .text.gpio_stm32_pin_interrupt_configure
                0x0000000008002bd8       0xb0 zephyr/drivers/gpio/libdrivers__gpio.a(gpio_stm32.c.obj)
 .text.gpio_stm32_init
                0x0000000008002c88       0x30 zephyr/drivers/gpio/libdrivers__gpio.a(gpio_stm32.c.obj)
 .text.timer_callback
                0x0000000008002cb8        0xc zephyr/drivers/lora/libloramac-node.a(hal_common.c.obj)
 .text.RtcGetTimerElapsedTime
                0x0000000008002cc4       0x14 zephyr/drivers/lora/libloramac-node.a(hal_common.c.obj)
                0x0000000008002cc4                RtcGetTimerElapsedTime
 .text.RtcStopAlarm
                0x0000000008002cd8        0xc zephyr/drivers/lora/libloramac-node.a(hal_common.c.obj)
                0x0000000008002cd8                RtcStopAlarm
 .text.RtcSetAlarm
                0x0000000008002ce4       0x20 zephyr/drivers/lora/libloramac-node.a(hal_common.c.obj)
                0x0000000008002ce4                RtcSetAlarm
 .text.RtcSetTimerContext
                0x0000000008002d04       0x10 zephyr/drivers/lora/libloramac-node.a(hal_common.c.obj)
                0x0000000008002d04                RtcSetTimerContext
 .text.RtcGetTimerContext
                0x0000000008002d14        0xc zephyr/drivers/lora/libloramac-node.a(hal_common.c.obj)
                0x0000000008002d14                RtcGetTimerContext
 .text.modem_release.constprop.0
                0x0000000008002d20       0x54 zephyr/drivers/lora/libloramac-node.a(sx12xx_common.c.obj)
 .text.sx12xx_ev_tx_done
                0x0000000008002d74       0x20 zephyr/drivers/lora/libloramac-node.a(sx12xx_common.c.obj)
 .text.sx12xx_ev_rx_error
                0x0000000008002d94       0x40 zephyr/drivers/lora/libloramac-node.a(sx12xx_common.c.obj)
 .text.sx12xx_ev_rx_done
                0x0000000008002dd4       0xb0 zephyr/drivers/lora/libloramac-node.a(sx12xx_common.c.obj)
 .text.__sx12xx_configure_pin
                0x0000000008002e84       0xd0 zephyr/drivers/lora/libloramac-node.a(sx12xx_common.c.obj)
                0x0000000008002e84                __sx12xx_configure_pin
 .text.sx12xx_lora_send_async
                0x0000000008002f54       0x4c zephyr/drivers/lora/libloramac-node.a(sx12xx_common.c.obj)
                0x0000000008002f54                sx12xx_lora_send_async
 .text.sx12xx_lora_send
                0x0000000008002fa0       0xb8 zephyr/drivers/lora/libloramac-node.a(sx12xx_common.c.obj)
                0x0000000008002fa0                sx12xx_lora_send
 .text.sx12xx_lora_recv
                0x0000000008003058       0xd4 zephyr/drivers/lora/libloramac-node.a(sx12xx_common.c.obj)
                0x0000000008003058                sx12xx_lora_recv
 .text.sx12xx_lora_recv_async
                0x000000000800312c       0x54 zephyr/drivers/lora/libloramac-node.a(sx12xx_common.c.obj)
                0x000000000800312c                sx12xx_lora_recv_async
 .text.sx12xx_lora_config
                0x0000000008003180       0xbc zephyr/drivers/lora/libloramac-node.a(sx12xx_common.c.obj)
                0x0000000008003180                sx12xx_lora_config
 .text.sx12xx_lora_test_cw
                0x000000000800323c       0x40 zephyr/drivers/lora/libloramac-node.a(sx12xx_common.c.obj)
                0x000000000800323c                sx12xx_lora_test_cw
 .text.sx12xx_init
                0x000000000800327c       0x60 zephyr/drivers/lora/libloramac-node.a(sx12xx_common.c.obj)
                0x000000000800327c                sx12xx_init
 .text.sx127x_dio_work_handle
                0x00000000080032dc       0x18 zephyr/drivers/lora/libloramac-node.a(sx127x.c.obj)
 .text.sx127x_irq_callback
                0x00000000080032f4       0x44 zephyr/drivers/lora/libloramac-node.a(sx127x.c.obj)
 .text.SX1276ReadBuffer.part.0
                0x0000000008003338       0x14 zephyr/drivers/lora/libloramac-node.a(sx127x.c.obj)
 .text.SX1276WriteBuffer.part.0
                0x000000000800334c       0x14 zephyr/drivers/lora/libloramac-node.a(sx127x.c.obj)
 .text.SX1276SetAntSwLowPower
                0x0000000008003360       0x10 zephyr/drivers/lora/libloramac-node.a(sx127x.c.obj)
                0x0000000008003360                SX1276SetAntSwLowPower
 .text.SX1276SetAntSw
                0x0000000008003370       0x14 zephyr/drivers/lora/libloramac-node.a(sx127x.c.obj)
                0x0000000008003370                SX1276SetAntSw
 .text.SX1276Reset
                0x0000000008003384       0x2c zephyr/drivers/lora/libloramac-node.a(sx127x.c.obj)
                0x0000000008003384                SX1276Reset
 .text.SX1276IoIrqInit
                0x00000000080033b0      0x134 zephyr/drivers/lora/libloramac-node.a(sx127x.c.obj)
                0x00000000080033b0                SX1276IoIrqInit
 .text.sx127x_read
                0x00000000080034e4       0x3c zephyr/drivers/lora/libloramac-node.a(sx127x.c.obj)
                0x00000000080034e4                sx127x_read
 .text.sx127x_lora_init.part.0
                0x0000000008003520       0x9c zephyr/drivers/lora/libloramac-node.a(sx127x.c.obj)
 .text.sx127x_lora_init
                0x00000000080035bc       0x50 zephyr/drivers/lora/libloramac-node.a(sx127x.c.obj)
 .text.sx127x_write
                0x000000000800360c       0x3c zephyr/drivers/lora/libloramac-node.a(sx127x.c.obj)
                0x000000000800360c                sx127x_write
 .text.SX1276SetRfTxPower
                0x0000000008003648       0xa4 zephyr/drivers/lora/libloramac-node.a(sx127x.c.obj)
                0x0000000008003648                SX1276SetRfTxPower
 .text.SX1276GetDio1PinState
                0x00000000080036ec       0x2c zephyr/drivers/lora/libloramac-node.a(sx127x.c.obj)
                0x00000000080036ec                SX1276GetDio1PinState
 .text.TimerInsertNewHeadTimer
                0x0000000008003718       0x18 zephyr/drivers/lora/libloramac-node.a(timer.c.obj)
 .text.TimerStart
                0x0000000008003730       0x70 zephyr/drivers/lora/libloramac-node.a(timer.c.obj)
                0x0000000008003730                TimerStart
 .text.TimerIrqHandler
                0x00000000080037a0       0x7c zephyr/drivers/lora/libloramac-node.a(timer.c.obj)
                0x00000000080037a0                TimerIrqHandler
 .text.TimerStop
                0x000000000800381c       0x54 zephyr/drivers/lora/libloramac-node.a(timer.c.obj)
                0x000000000800381c                TimerStop
 .text.GetFskBandwidthRegValue
                0x0000000008003870       0x2c zephyr/drivers/lora/libloramac-node.a(sx1276.c.obj)
 .text.SX1276OnDio4Irq
                0x000000000800389c       0x1c zephyr/drivers/lora/libloramac-node.a(sx1276.c.obj)
 .text.SX1276GetStatus
                0x00000000080038b8        0xc zephyr/drivers/lora/libloramac-node.a(sx1276.c.obj)
                0x00000000080038b8                SX1276GetStatus
 .text.SX1276GetTimeOnAir
                0x00000000080038c4       0xdc zephyr/drivers/lora/libloramac-node.a(sx1276.c.obj)
                0x00000000080038c4                SX1276GetTimeOnAir
 .text.SX1276SetChannel
                0x00000000080039a0       0x48 zephyr/drivers/lora/libloramac-node.a(sx1276.c.obj)
                0x00000000080039a0                SX1276SetChannel
 .text.SX1276OnDio3Irq
                0x00000000080039e8       0x50 zephyr/drivers/lora/libloramac-node.a(sx1276.c.obj)
 .text.SX1276OnDio2Irq
                0x0000000008003a38       0xd4 zephyr/drivers/lora/libloramac-node.a(sx1276.c.obj)
 .text.SX1276OnDio1Irq
                0x0000000008003b0c      0x118 zephyr/drivers/lora/libloramac-node.a(sx1276.c.obj)
 .text.SX1276OnDio0Irq
                0x0000000008003c24      0x260 zephyr/drivers/lora/libloramac-node.a(sx1276.c.obj)
 .text.RxChainCalibration
                0x0000000008003e84       0x94 zephyr/drivers/lora/libloramac-node.a(sx1276.c.obj)
 .text.SX1276SetSleep
                0x0000000008003f18       0x3c zephyr/drivers/lora/libloramac-node.a(sx1276.c.obj)
                0x0000000008003f18                SX1276SetSleep
 .text.SX1276SetStby
                0x0000000008003f54       0x34 zephyr/drivers/lora/libloramac-node.a(sx1276.c.obj)
                0x0000000008003f54                SX1276SetStby
 .text.SX1276Send
                0x0000000008003f88      0x194 zephyr/drivers/lora/libloramac-node.a(sx1276.c.obj)
                0x0000000008003f88                SX1276Send
 .text.SX1276SetRx
                0x000000000800411c      0x220 zephyr/drivers/lora/libloramac-node.a(sx1276.c.obj)
                0x000000000800411c                SX1276SetRx
 .text.SX1276ReadRssi
                0x000000000800433c       0x48 zephyr/drivers/lora/libloramac-node.a(sx1276.c.obj)
                0x000000000800433c                SX1276ReadRssi
 .text.SX1276SetModem
                0x0000000008004384       0x74 zephyr/drivers/lora/libloramac-node.a(sx1276.c.obj)
                0x0000000008004384                SX1276SetModem
 .text.SX1276Init
                0x00000000080043f8       0x80 zephyr/drivers/lora/libloramac-node.a(sx1276.c.obj)
                0x00000000080043f8                SX1276Init
 .text.SX1276SetRxConfig
                0x0000000008004478      0x2a8 zephyr/drivers/lora/libloramac-node.a(sx1276.c.obj)
                0x0000000008004478                SX1276SetRxConfig
 .text.SX1276SetTxConfig
                0x0000000008004720      0x23c zephyr/drivers/lora/libloramac-node.a(sx1276.c.obj)
                0x0000000008004720                SX1276SetTxConfig
 .text.SX1276SetTxContinuousWave
                0x000000000800495c       0x84 zephyr/drivers/lora/libloramac-node.a(sx1276.c.obj)
                0x000000000800495c                SX1276SetTxContinuousWave
 .text.SX1276SetMaxPayloadLength
                0x00000000080049e0       0x34 zephyr/drivers/lora/libloramac-node.a(sx1276.c.obj)
                0x00000000080049e0                SX1276SetMaxPayloadLength
 .text.SX1276SetPublicNetwork
                0x0000000008004a14       0x28 zephyr/drivers/lora/libloramac-node.a(sx1276.c.obj)
                0x0000000008004a14                SX1276SetPublicNetwork
 .text.SX1276OnTimeoutIrq
                0x0000000008004a3c       0xc8 zephyr/drivers/lora/libloramac-node.a(sx1276.c.obj)
 .text.pinctrl_configure_pins
                0x0000000008004b04       0x84 zephyr/drivers/pinctrl/libdrivers__pinctrl.a(pinctrl_stm32.c.obj)
                0x0000000008004b04                pinctrl_configure_pins
 .text.uart_stm32_set_baudrate.part.0
                0x0000000008004b88       0x14 zephyr/drivers/serial/libdrivers__serial.a(uart_stm32.c.obj)
 .text.uart_stm32_parameters_set
                0x0000000008004b9c       0xf8 zephyr/drivers/serial/libdrivers__serial.a(uart_stm32.c.obj)
 .text.uart_stm32_init
                0x0000000008004c94       0xd8 zephyr/drivers/serial/libdrivers__serial.a(uart_stm32.c.obj)
 .text.uart_stm32_configure
                0x0000000008004d6c      0x13c zephyr/drivers/serial/libdrivers__serial.a(uart_stm32.c.obj)
 .text.spi_stm32_get_err
                0x0000000008004ea8       0x68 zephyr/drivers/spi/libdrivers__spi.a(spi_ll_stm32.c.obj)
 .text.spi_stm32_init
                0x0000000008004f10      0x138 zephyr/drivers/spi/libdrivers__spi.a(spi_ll_stm32.c.obj)
 .text.spi_stm32_transceive
                0x0000000008005048      0x380 zephyr/drivers/spi/libdrivers__spi.a(spi_ll_stm32.c.obj)
 .text.elapsed  0x00000000080053c8       0x4c zephyr/drivers/timer/libdrivers__timer.a(cortex_m_systick.c.obj)
 .text.sys_clock_driver_init
                0x0000000008005414       0x38 zephyr/drivers/timer/libdrivers__timer.a(cortex_m_systick.c.obj)
 .text.sys_clock_isr
                0x000000000800544c       0x60 zephyr/drivers/timer/libdrivers__timer.a(cortex_m_systick.c.obj)
                0x000000000800544c                sys_clock_isr
 .text.sys_clock_set_timeout
                0x00000000080054ac       0xf8 zephyr/drivers/timer/libdrivers__timer.a(cortex_m_systick.c.obj)
                0x00000000080054ac                sys_clock_set_timeout
 .text.sys_clock_elapsed
                0x00000000080055a4       0x3c zephyr/drivers/timer/libdrivers__timer.a(cortex_m_systick.c.obj)
                0x00000000080055a4                sys_clock_elapsed
 .text.sys_clock_cycle_get_32
                0x00000000080055e0       0x28 zephyr/drivers/timer/libdrivers__timer.a(cortex_m_systick.c.obj)
                0x00000000080055e0                sys_clock_cycle_get_32
 .text.HAL_RCC_GetSysClockFreq
                0x0000000008005608       0x5c modules/hal_stm32/stm32cube/lib..__modules__hal__stm32__stm32cube.a(stm32f4xx_hal_rcc.c.obj)
                0x0000000008005608                HAL_RCC_GetSysClockFreq
 .text.LL_SetFlashLatency
                0x0000000008005664       0x9c modules/hal_stm32/stm32cube/lib..__modules__hal__stm32__stm32cube.a(stm32f4xx_ll_utils.c.obj)
                0x0000000008005664                LL_SetFlashLatency
 .text.k_sys_fatal_error_handler
                0x0000000008005700       0x20 zephyr/kernel/libkernel.a(fatal.c.obj)
                0x0000000008005700                k_sys_fatal_error_handler
 .text.z_fatal_error
                0x0000000008005720       0xe8 zephyr/kernel/libkernel.a(fatal.c.obj)
                0x0000000008005720                z_fatal_error
 .text.z_sys_init_run_level
                0x0000000008005808       0x2c zephyr/kernel/libkernel.a(init.c.obj)
 .text.bg_thread_main
                0x0000000008005834       0xc4 zephyr/kernel/libkernel.a(init.c.obj)
 .text.z_bss_zero
                0x00000000080058f8       0x18 zephyr/kernel/libkernel.a(init.c.obj)
                0x00000000080058f8                z_bss_zero
 .text.z_init_cpu
                0x0000000008005910       0x70 zephyr/kernel/libkernel.a(init.c.obj)
                0x0000000008005910                z_init_cpu
 .text.z_cstart
                0x0000000008005980       0xd4 zephyr/kernel/libkernel.a(init.c.obj)
                0x0000000008005980                z_cstart
 .text.z_impl_k_msgq_put
                0x0000000008005a54       0xbc zephyr/kernel/libkernel.a(msg_q.c.obj)
                0x0000000008005a54                z_impl_k_msgq_put
 .text.z_impl_k_msgq_get
                0x0000000008005b10       0xc4 zephyr/kernel/libkernel.a(msg_q.c.obj)
                0x0000000008005b10                z_impl_k_msgq_get
 .text.z_impl_k_sem_give
                0x0000000008005bd4       0x74 zephyr/kernel/libkernel.a(sem.c.obj)
                0x0000000008005bd4                z_impl_k_sem_give
 .text.z_impl_k_sem_take
                0x0000000008005c48       0x4c zephyr/kernel/libkernel.a(sem.c.obj)
                0x0000000008005c48                z_impl_k_sem_take
 .text.work_queue_main
                0x0000000008005c94      0x14c zephyr/kernel/libkernel.a(work.c.obj)
 .text.submit_to_queue_locked
                0x0000000008005de0       0xb4 zephyr/kernel/libkernel.a(work.c.obj)
 .text.k_work_submit
                0x0000000008005e94        0xc zephyr/kernel/libkernel.a(work.c.obj)
                0x0000000008005e94                k_work_submit
 .text.k_work_queue_start
                0x0000000008005ea0       0x7c zephyr/kernel/libkernel.a(work.c.obj)
                0x0000000008005ea0                k_work_queue_start
 .text.z_setup_new_thread
                0x0000000008005f1c       0x98 zephyr/kernel/libkernel.a(thread.c.obj)
                0x0000000008005f1c                z_setup_new_thread
 .text.z_impl_k_thread_create
                0x0000000008005fb4       0x58 zephyr/kernel/libkernel.a(thread.c.obj)
                0x0000000008005fb4                z_impl_k_thread_create
 .text.z_dummy_thread_init
                0x000000000800600c       0x20 zephyr/kernel/libkernel.a(thread.c.obj)
                0x000000000800600c                z_dummy_thread_init
 .text.z_swap_irqlock
                0x000000000800602c       0x30 zephyr/kernel/libkernel.a(sched.c.obj)
 .text.ready_thread
                0x000000000800605c       0x84 zephyr/kernel/libkernel.a(sched.c.obj)
 .text.unready_thread
                0x00000000080060e0       0x54 zephyr/kernel/libkernel.a(sched.c.obj)
 .text.move_thread_to_end_of_prio_q
                0x0000000008006134       0x90 zephyr/kernel/libkernel.a(sched.c.obj)
                0x0000000008006134                move_thread_to_end_of_prio_q
 .text.z_pend_curr
                0x00000000080061c4       0x58 zephyr/kernel/libkernel.a(sched.c.obj)
                0x00000000080061c4                z_pend_curr
 .text.z_reschedule
                0x000000000800621c       0x24 zephyr/kernel/libkernel.a(sched.c.obj)
                0x000000000800621c                z_reschedule
 .text.z_reschedule_irqlock
                0x0000000008006240       0x28 zephyr/kernel/libkernel.a(sched.c.obj)
                0x0000000008006240                z_reschedule_irqlock
 .text.k_sched_lock
                0x0000000008006268       0x28 zephyr/kernel/libkernel.a(sched.c.obj)
                0x0000000008006268                k_sched_lock
 .text.k_sched_unlock
                0x0000000008006290       0x68 zephyr/kernel/libkernel.a(sched.c.obj)
                0x0000000008006290                k_sched_unlock
 .text.z_sched_init
                0x00000000080062f8       0x10 zephyr/kernel/libkernel.a(sched.c.obj)
                0x00000000080062f8                z_sched_init
 .text.z_impl_k_yield
                0x0000000008006308       0x88 zephyr/kernel/libkernel.a(sched.c.obj)
                0x0000000008006308                z_impl_k_yield
 .text.z_tick_sleep
                0x0000000008006390       0x80 zephyr/kernel/libkernel.a(sched.c.obj)
 .text.z_impl_k_wakeup
                0x0000000008006410       0x48 zephyr/kernel/libkernel.a(sched.c.obj)
                0x0000000008006410                z_impl_k_wakeup
 .text.z_impl_k_sched_current_thread_query
                0x0000000008006458        0xc zephyr/kernel/libkernel.a(sched.c.obj)
                0x0000000008006458                z_impl_k_sched_current_thread_query
 .text.z_thread_abort
                0x0000000008006464      0x138 zephyr/kernel/libkernel.a(sched.c.obj)
                0x0000000008006464                z_thread_abort
 .text.z_sched_wait
                0x000000000800659c       0x24 zephyr/kernel/libkernel.a(sched.c.obj)
                0x000000000800659c                z_sched_wait
 .text.slice_timeout
                0x00000000080065c0       0x20 zephyr/kernel/libkernel.a(timeslicing.c.obj)
 .text.thread_is_sliceable
                0x00000000080065e0       0x3c zephyr/kernel/libkernel.a(timeslicing.c.obj)
                0x00000000080065e0                thread_is_sliceable
 .text.z_reset_time_slice
                0x000000000800661c       0x50 zephyr/kernel/libkernel.a(timeslicing.c.obj)
                0x000000000800661c                z_reset_time_slice
 .text.z_time_slice
                0x000000000800666c       0x60 zephyr/kernel/libkernel.a(timeslicing.c.obj)
                0x000000000800666c                z_time_slice
 .text.z_data_copy
                0x00000000080066cc       0x38 zephyr/kernel/libkernel.a(xip.c.obj)
                0x00000000080066cc                z_data_copy
 .text.first    0x0000000008006704       0x10 zephyr/kernel/libkernel.a(timeout.c.obj)
 .text.elapsed  0x0000000008006714       0x14 zephyr/kernel/libkernel.a(timeout.c.obj)
 .text.remove_timeout
                0x0000000008006728       0x38 zephyr/kernel/libkernel.a(timeout.c.obj)
 .text.z_add_timeout
                0x0000000008006760       0xec zephyr/kernel/libkernel.a(timeout.c.obj)
                0x0000000008006760                z_add_timeout
 .text.sys_clock_announce
                0x000000000800684c       0xbc zephyr/kernel/libkernel.a(timeout.c.obj)
                0x000000000800684c                sys_clock_announce
 .text.sys_clock_tick_get
                0x0000000008006908       0x30 zephyr/kernel/libkernel.a(timeout.c.obj)
                0x0000000008006908                sys_clock_tick_get
 .text.z_timer_expiration_handler
                0x0000000008006938       0xe0 zephyr/kernel/libkernel.a(timer.c.obj)
                0x0000000008006938                z_timer_expiration_handler
 .text.z_impl_k_timer_start
                0x0000000008006a18       0x74 zephyr/kernel/libkernel.a(timer.c.obj)
                0x0000000008006a18                z_impl_k_timer_start
 .text.clear_event_registrations
                0x0000000008006a8c       0x60 zephyr/kernel/libkernel.a(poll.c.obj)
 .text.z_impl_k_poll
                0x0000000008006aec       0xb0 zephyr/kernel/libkernel.a(poll.c.obj)
                0x0000000008006aec                z_impl_k_poll
 .text.z_impl_k_poll_signal_raise
                0x0000000008006b9c       0x50 zephyr/kernel/libkernel.a(poll.c.obj)
                0x0000000008006b9c                z_impl_k_poll_signal_raise
 .text.k_aligned_alloc
                0x0000000008006bec       0x10 zephyr/kernel/libkernel.a(mempool.c.obj)
                0x0000000008006bec                k_aligned_alloc
 .text.k_thread_system_pool_assign
                0x0000000008006bfc        0xc zephyr/kernel/libkernel.a(mempool.c.obj)
                0x0000000008006bfc                k_thread_system_pool_assign
 .text.boot_banner
                0x0000000008006c08        0xc zephyr/kernel/libkernel.a(banner.c.obj)
                0x0000000008006c08                boot_banner
 .text.statics_init
                0x0000000008006c14       0x24 zephyr/kernel/libkernel.a(kheap.c.obj)
 .text.k_sys_work_q_init
                0x0000000008006c38       0x34 zephyr/kernel/libkernel.a(system_work_q.c.obj)
 .text.snprintf
                0x0000000008006c6c       0x58 c:\users\zainsiddiqui\.zephyr_ide\toolchains\zephyr-sdk-0.17.0\arm-zephyr-eabi\bin\../lib/gcc/../../picolibc/arm-zephyr-eabi/lib/thumb/v7e-m/nofp\libc.a(libc_tinystdio_snprintf.c.o)
                0x0000000008006c6c                snprintf
 .text.__l_vfprintf
                0x0000000008006cc4      0x4b8 c:\users\zainsiddiqui\.zephyr_ide\toolchains\zephyr-sdk-0.17.0\arm-zephyr-eabi\bin\../lib/gcc/../../picolibc/arm-zephyr-eabi/lib/thumb/v7e-m/nofp\libc.a(libc_tinystdio_vflprintf.c.o)
                0x0000000008006cc4                __l_vfprintf
 .text._OffsetAbsSyms
                0x000000000800717c        0x2 zephyr/CMakeFiles/offsets.dir/./arch/arm/core/offsets/offsets.c.obj
                0x000000000800717c                _OffsetAbsSyms
 .text.calc_checksum_crc16
                0x000000000800717e       0x34 app/libapp.a(main.c.obj)
 .text.chunk_size
                0x00000000080071b2        0xa zephyr/libzephyr.a(heap.c.obj)
 .text.free_list_add
                0x00000000080071bc       0x4e zephyr/libzephyr.a(heap.c.obj)
 .text.free_list_remove_bidx
                0x000000000800720a       0x3a zephyr/libzephyr.a(heap.c.obj)
 .text.free_list_remove
                0x0000000008007244       0x1a zephyr/libzephyr.a(heap.c.obj)
 .text.alloc_chunk
                0x000000000800725e       0x6e zephyr/libzephyr.a(heap.c.obj)
 .text.merge_chunks
                0x00000000080072cc       0x2c zephyr/libzephyr.a(heap.c.obj)
 .text.split_chunks
                0x00000000080072f8       0x34 zephyr/libzephyr.a(heap.c.obj)
 .text.free_chunk
                0x000000000800732c       0x62 zephyr/libzephyr.a(heap.c.obj)
 .text.sys_heap_free
                0x000000000800738e       0x1e zephyr/libzephyr.a(heap.c.obj)
                0x000000000800738e                sys_heap_free
 .text.sys_heap_alloc
                0x00000000080073ac       0x52 zephyr/libzephyr.a(heap.c.obj)
                0x00000000080073ac                sys_heap_alloc
 .text.sys_heap_aligned_alloc
                0x00000000080073fe       0xd0 zephyr/libzephyr.a(heap.c.obj)
                0x00000000080073fe                sys_heap_aligned_alloc
 .text.sys_heap_init
                0x00000000080074ce       0x7a zephyr/libzephyr.a(heap.c.obj)
                0x00000000080074ce                sys_heap_init
 .text.cbpprintf_external
                0x0000000008007548       0x62 zephyr/libzephyr.a(cbprintf_packaged.c.obj)
                0x0000000008007548                cbpprintf_external
 .text.is_ptr   0x00000000080075aa       0x4a zephyr/libzephyr.a(cbprintf_packaged.c.obj)
                0x00000000080075aa                is_ptr
 .text.arch_printk_char_out
                0x00000000080075f4        0x4 zephyr/libzephyr.a(printk.c.obj)
                0x00000000080075f4                arch_printk_char_out
 .text.printk   0x00000000080075f8       0x1a zephyr/libzephyr.a(printk.c.obj)
                0x00000000080075f8                printk
 .text.free_space
                0x0000000008007612       0x26 zephyr/libzephyr.a(mpsc_pbuf.c.obj)
 .text.get_usage
                0x0000000008007638       0x22 zephyr/libzephyr.a(mpsc_pbuf.c.obj)
 .text.idx_inc  0x000000000800765a       0x1c zephyr/libzephyr.a(mpsc_pbuf.c.obj)
 .text.rd_idx_inc
                0x0000000008007676       0x18 zephyr/libzephyr.a(mpsc_pbuf.c.obj)
 .text.add_skip_item
                0x000000000800768e       0x3a zephyr/libzephyr.a(mpsc_pbuf.c.obj)
 .text.drop_item_locked
                0x00000000080076c8      0x100 zephyr/libzephyr.a(mpsc_pbuf.c.obj)
 .text.post_drop_action
                0x00000000080077c8       0x36 zephyr/libzephyr.a(mpsc_pbuf.c.obj)
 .text.max_utilization_update
                0x00000000080077fe       0x1a zephyr/libzephyr.a(mpsc_pbuf.c.obj)
 .text.mpsc_pbuf_init
                0x0000000008007818       0x42 zephyr/libzephyr.a(mpsc_pbuf.c.obj)
                0x0000000008007818                mpsc_pbuf_init
 .text.mpsc_pbuf_alloc
                0x000000000800785a       0xfe zephyr/libzephyr.a(mpsc_pbuf.c.obj)
                0x000000000800785a                mpsc_pbuf_alloc
 .text.mpsc_pbuf_commit
                0x0000000008007958       0x3e zephyr/libzephyr.a(mpsc_pbuf.c.obj)
                0x0000000008007958                mpsc_pbuf_commit
 .text.mpsc_pbuf_claim
                0x0000000008007996       0xa8 zephyr/libzephyr.a(mpsc_pbuf.c.obj)
                0x0000000008007996                mpsc_pbuf_claim
 .text.mpsc_pbuf_free
                0x0000000008007a3e       0x76 zephyr/libzephyr.a(mpsc_pbuf.c.obj)
                0x0000000008007a3e                mpsc_pbuf_free
 .text.mpsc_pbuf_is_pending
                0x0000000008007ab4       0x32 zephyr/libzephyr.a(mpsc_pbuf.c.obj)
                0x0000000008007ab4                mpsc_pbuf_is_pending
 .text._ConfigAbsSyms
                0x0000000008007ae6        0x2 zephyr/libzephyr.a(configs.c.obj)
                0x0000000008007ae6                _ConfigAbsSyms
 .text.log_msg_generic_get_wlen
                0x0000000008007ae8       0x20 zephyr/libzephyr.a(log_core.c.obj)
 .text.dummy_timestamp
                0x0000000008007b08        0x4 zephyr/libzephyr.a(log_core.c.obj)
 .text.atomic_inc
                0x0000000008007b0c       0x1a zephyr/libzephyr.a(log_core.c.obj)
 .text.default_lf_get_timestamp
                0x0000000008007b26       0x10 zephyr/libzephyr.a(log_core.c.obj)
 .text.z_log_vprintk
                0x0000000008007b36       0x1c zephyr/libzephyr.a(log_core.c.obj)
                0x0000000008007b36                z_log_vprintk
 .text.z_log_notify_drop
                0x0000000008007b52        0x6 zephyr/libzephyr.a(log_core.c.obj)
 .text.z_log_get_tag
                0x0000000008007b58        0x4 zephyr/libzephyr.a(log_core.c.obj)
                0x0000000008007b58                z_log_get_tag
 .text.log_backend_enable
                0x0000000008007b5c       0x12 zephyr/libzephyr.a(log_mgmt.c.obj)
                0x0000000008007b5c                log_backend_enable
 .text.z_cbprintf_cpy
                0x0000000008007b6e       0x2c zephyr/libzephyr.a(log_msg.c.obj)
 .text.z_log_msg_finalize
                0x0000000008007b9a       0x32 zephyr/libzephyr.a(log_msg.c.obj)
                0x0000000008007b9a                z_log_msg_finalize
 .text.z_log_msg_simple_create
                0x0000000008007bcc       0x6e zephyr/libzephyr.a(log_msg.c.obj)
 .text.z_impl_z_log_msg_simple_create_0
                0x0000000008007c3a       0x12 zephyr/libzephyr.a(log_msg.c.obj)
                0x0000000008007c3a                z_impl_z_log_msg_simple_create_0
 .text.z_impl_z_log_msg_simple_create_1
                0x0000000008007c4c       0x14 zephyr/libzephyr.a(log_msg.c.obj)
                0x0000000008007c4c                z_impl_z_log_msg_simple_create_1
 .text.z_impl_z_log_msg_simple_create_2
                0x0000000008007c60       0x18 zephyr/libzephyr.a(log_msg.c.obj)
                0x0000000008007c60                z_impl_z_log_msg_simple_create_2
 .text.log_output_write
                0x0000000008007c78       0x1c zephyr/libzephyr.a(log_output.c.obj)
 .text.log_output_flush
                0x0000000008007c94       0x1a zephyr/libzephyr.a(log_output.c.obj)
 .text.out_func
                0x0000000008007cae       0x36 zephyr/libzephyr.a(log_output.c.obj)
 .text.cr_out_func
                0x0000000008007ce4       0x1c zephyr/libzephyr.a(log_output.c.obj)
 .text.log_output_msg_process
                0x0000000008007d00       0x6a zephyr/libzephyr.a(log_output.c.obj)
                0x0000000008007d00                log_output_msg_process
 .text.format_set
                0x0000000008007d6a        0xc zephyr/libzephyr.a(log_backend_uart.c.obj)
 .text.log_backend_uart_init
                0x0000000008007d76        0xc zephyr/libzephyr.a(log_backend_uart.c.obj)
 .text.panic    0x0000000008007d82       0x32 zephyr/libzephyr.a(log_backend_uart.c.obj)
 .text.dropped  0x0000000008007db4        0xa zephyr/libzephyr.a(log_backend_uart.c.obj)
 .text.process  0x0000000008007dbe       0x1e zephyr/libzephyr.a(log_backend_uart.c.obj)
 .text.z_do_kernel_oops
                0x0000000008007ddc        0x8 zephyr/arch/arch/arm/core/libarch__arm__core.a(fatal.c.obj)
                0x0000000008007ddc                z_do_kernel_oops
 .text.z_log_msg_simple_create_0.constprop.0
                0x0000000008007de4        0x8 zephyr/arch/arch/arm/core/cortex_m/libarch__arm__core__cortex_m.a(fault.c.obj)
 .text.z_irq_spurious
                0x0000000008007dec        0x8 zephyr/arch/arch/arm/core/cortex_m/libarch__arm__core__cortex_m.a(irq_manage.c.obj)
                0x0000000008007dec                z_irq_spurious
 .text.arch_irq_unlock_outlined
                0x0000000008007df4        0xe zephyr/arch/arch/arm/core/cortex_m/libarch__arm__core__cortex_m.a(thread.c.obj)
                0x0000000008007df4                arch_irq_unlock_outlined
 .text.arch_cpu_idle
                0x0000000008007e02       0x1a zephyr/arch/arch/arm/core/cortex_m/libarch__arm__core__cortex_m.a(cpu_idle.c.obj)
                0x0000000008007e02                arch_cpu_idle
 .text.size_to_mpu_rasr_size
                0x0000000008007e1c       0x20 zephyr/arch/arch/arm/core/mpu/libarch__arm__core__mpu.a(arm_mpu.c.obj)
 .text.cbputc   0x0000000008007e3c        0xc zephyr/lib/libc/picolibc/liblib__libc__picolibc.a(cbprintf.c.obj)
 .text.picolibc_put
                0x0000000008007e48        0xa zephyr/lib/libc/picolibc/liblib__libc__picolibc.a(stdio.c.obj)
 .text.stm32_gpio_intc_get_pin_irq_line
                0x0000000008007e52        0x6 zephyr/drivers/interrupt_controller/libdrivers__interrupt_controller.a(intc_exti_stm32.c.obj)
                0x0000000008007e52                stm32_gpio_intc_get_pin_irq_line
 .text.stm32_exti_set_line_src_port
                0x0000000008007e58       0x36 zephyr/drivers/interrupt_controller/libdrivers__interrupt_controller.a(intc_exti_stm32.c.obj)
                0x0000000008007e58                stm32_exti_set_line_src_port
 .text.stm32_clock_control_on
                0x0000000008007e8e       0x44 zephyr/drivers/clock_control/libdrivers__clock_control.a(clock_stm32_ll_common.c.obj)
 .text.stm32_clock_control_off
                0x0000000008007ed2       0x2c zephyr/drivers/clock_control/libdrivers__clock_control.a(clock_stm32_ll_common.c.obj)
 .text.enabled_clock
                0x0000000008007efe       0x1c zephyr/drivers/clock_control/libdrivers__clock_control.a(clock_stm32_ll_common.c.obj)
                0x0000000008007efe                enabled_clock
 .text.stm32_clock_control_configure
                0x0000000008007f1a       0x52 zephyr/drivers/clock_control/libdrivers__clock_control.a(clock_stm32_ll_common.c.obj)
 .text.stm32_clock_control_get_status
                0x0000000008007f6c       0x38 zephyr/drivers/clock_control/libdrivers__clock_control.a(clock_stm32_ll_common.c.obj)
 .text.config_regulator_voltage
                0x0000000008007fa4        0x2 zephyr/drivers/clock_control/libdrivers__clock_control.a(clock_stm32_ll_common.c.obj)
                0x0000000008007fa4                config_regulator_voltage
 .text.gpio_stm32_port_get_raw
                0x0000000008007fa6        0xc zephyr/drivers/gpio/libdrivers__gpio.a(gpio_stm32.c.obj)
 .text.gpio_stm32_port_set_masked_raw
                0x0000000008007fb2       0x12 zephyr/drivers/gpio/libdrivers__gpio.a(gpio_stm32.c.obj)
 .text.gpio_stm32_port_set_bits_raw
                0x0000000008007fc4        0xa zephyr/drivers/gpio/libdrivers__gpio.a(gpio_stm32.c.obj)
 .text.gpio_stm32_port_clear_bits_raw
                0x0000000008007fce        0xc zephyr/drivers/gpio/libdrivers__gpio.a(gpio_stm32.c.obj)
 .text.gpio_stm32_port_toggle_bits
                0x0000000008007fda        0xe zephyr/drivers/gpio/libdrivers__gpio.a(gpio_stm32.c.obj)
 .text.gpio_stm32_manage_callback
                0x0000000008007fe8       0x52 zephyr/drivers/gpio/libdrivers__gpio.a(gpio_stm32.c.obj)
 .text.gpio_stm32_configure_raw.isra.0
                0x000000000800803a      0x106 zephyr/drivers/gpio/libdrivers__gpio.a(gpio_stm32.c.obj)
 .text.gpio_stm32_config
                0x0000000008008140       0xd8 zephyr/drivers/gpio/libdrivers__gpio.a(gpio_stm32.c.obj)
 .text.gpio_stm32_isr
                0x0000000008008218       0x2c zephyr/drivers/gpio/libdrivers__gpio.a(gpio_stm32.c.obj)
 .text.gpio_stm32_configure
                0x0000000008008244       0x30 zephyr/drivers/gpio/libdrivers__gpio.a(gpio_stm32.c.obj)
                0x0000000008008244                gpio_stm32_configure
 .text.timer_work_handler
                0x0000000008008274        0x4 zephyr/drivers/lora/libloramac-node.a(hal_common.c.obj)
 .text.k_uptime_get_32
                0x0000000008008278       0x10 zephyr/drivers/lora/libloramac-node.a(hal_common.c.obj)
 .text.RtcGetTimerValue
                0x0000000008008288        0x4 zephyr/drivers/lora/libloramac-node.a(hal_common.c.obj)
                0x0000000008008288                RtcGetTimerValue
 .text.RtcGetMinimumTimeout
                0x000000000800828c        0x4 zephyr/drivers/lora/libloramac-node.a(hal_common.c.obj)
                0x000000000800828c                RtcGetMinimumTimeout
 .text.DelayMsMcu
                0x0000000008008290        0xa zephyr/drivers/lora/libloramac-node.a(hal_common.c.obj)
                0x0000000008008290                DelayMsMcu
 .text.RtcMs2Tick
                0x000000000800829a        0x2 zephyr/drivers/lora/libloramac-node.a(hal_common.c.obj)
                0x000000000800829a                RtcMs2Tick
 .text.RtcTick2Ms
                0x000000000800829c        0x2 zephyr/drivers/lora/libloramac-node.a(hal_common.c.obj)
                0x000000000800829c                RtcTick2Ms
 .text.BoardCriticalSectionBegin
                0x000000000800829e       0x12 zephyr/drivers/lora/libloramac-node.a(hal_common.c.obj)
                0x000000000800829e                BoardCriticalSectionBegin
 .text.BoardCriticalSectionEnd
                0x00000000080082b0        0xc zephyr/drivers/lora/libloramac-node.a(hal_common.c.obj)
                0x00000000080082b0                BoardCriticalSectionEnd
 .text.sx12xx_ev_tx_timed_out
                0x00000000080082bc        0x4 zephyr/drivers/lora/libloramac-node.a(sx12xx_common.c.obj)
 .text.SX1276CheckRfFrequency
                0x00000000080082c0        0x4 zephyr/drivers/lora/libloramac-node.a(sx127x.c.obj)
                0x00000000080082c0                SX1276CheckRfFrequency
 .text.gpio_pin_set_dt.isra.0
                0x00000000080082c4       0x28 zephyr/drivers/lora/libloramac-node.a(sx127x.c.obj)
 .text.SX1276GetBoardTcxoWakeupTime
                0x00000000080082ec        0x4 zephyr/drivers/lora/libloramac-node.a(sx127x.c.obj)
                0x00000000080082ec                SX1276GetBoardTcxoWakeupTime
 .text.SX1276SetBoardTcxo
                0x00000000080082f0        0x2 zephyr/drivers/lora/libloramac-node.a(sx127x.c.obj)
                0x00000000080082f0                SX1276SetBoardTcxo
 .text.SX1276ReadBuffer
                0x00000000080082f2       0x1a zephyr/drivers/lora/libloramac-node.a(sx127x.c.obj)
                0x00000000080082f2                SX1276ReadBuffer
 .text.SX1276WriteBuffer
                0x000000000800830c       0x1a zephyr/drivers/lora/libloramac-node.a(sx127x.c.obj)
                0x000000000800830c                SX1276WriteBuffer
 .text.memcpy1  0x0000000008008326       0x14 zephyr/drivers/lora/libloramac-node.a(utilities.c.obj)
                0x0000000008008326                memcpy1
 .text.TimerSetTimeout
                0x000000000800833a       0x2c zephyr/drivers/lora/libloramac-node.a(timer.c.obj)
 .text.TimerInit
                0x0000000008008366       0x10 zephyr/drivers/lora/libloramac-node.a(timer.c.obj)
                0x0000000008008366                TimerInit
 .text.TimerSetValue
                0x0000000008008376       0x22 zephyr/drivers/lora/libloramac-node.a(timer.c.obj)
                0x0000000008008376                TimerSetValue
 .text.TimerGetCurrentTime
                0x0000000008008398        0xe zephyr/drivers/lora/libloramac-node.a(timer.c.obj)
                0x0000000008008398                TimerGetCurrentTime
 .text.TimerGetElapsedTime
                0x00000000080083a6       0x1e zephyr/drivers/lora/libloramac-node.a(timer.c.obj)
                0x00000000080083a6                TimerGetElapsedTime
 .text.DelayMs  0x00000000080083c4        0x4 zephyr/drivers/lora/libloramac-node.a(delay.c.obj)
                0x00000000080083c4                DelayMs
 .text.SX1276Write
                0x00000000080083c8       0x16 zephyr/drivers/lora/libloramac-node.a(sx1276.c.obj)
                0x00000000080083c8                SX1276Write
 .text.SX1276Read
                0x00000000080083de       0x16 zephyr/drivers/lora/libloramac-node.a(sx1276.c.obj)
                0x00000000080083de                SX1276Read
 .text.SX1276SetOpMode
                0x00000000080083f4       0x34 zephyr/drivers/lora/libloramac-node.a(sx1276.c.obj)
 .text.SX1276IsChannelFree
                0x0000000008008428       0x66 zephyr/drivers/lora/libloramac-node.a(sx1276.c.obj)
                0x0000000008008428                SX1276IsChannelFree
 .text.SX1276Random
                0x000000000800848e       0x3e zephyr/drivers/lora/libloramac-node.a(sx1276.c.obj)
                0x000000000800848e                SX1276Random
 .text.SX1276GetWakeupTime
                0x00000000080084cc        0xa zephyr/drivers/lora/libloramac-node.a(sx1276.c.obj)
                0x00000000080084cc                SX1276GetWakeupTime
 .text.pinctrl_lookup_state
                0x00000000080084d6       0x26 zephyr/drivers/pinctrl/libdrivers__pinctrl.a(common.c.obj)
                0x00000000080084d6                pinctrl_lookup_state
 .text.reset_stm32_status
                0x00000000080084fc       0x20 zephyr/drivers/reset/libdrivers__reset.a(reset_stm32.c.obj)
 .text.reset_stm32_line_assert
                0x000000000800851c       0x1c zephyr/drivers/reset/libdrivers__reset.a(reset_stm32.c.obj)
 .text.reset_stm32_line_deassert
                0x0000000008008538       0x1e zephyr/drivers/reset/libdrivers__reset.a(reset_stm32.c.obj)
 .text.reset_stm32_line_toggle
                0x0000000008008556       0x16 zephyr/drivers/reset/libdrivers__reset.a(reset_stm32.c.obj)
 .text.LL_USART_ClearFlag_PE
                0x000000000800856c       0x12 zephyr/drivers/serial/libdrivers__serial.a(uart_stm32.c.obj)
 .text.uart_stm32_err_check
                0x000000000800857e       0x5e zephyr/drivers/serial/libdrivers__serial.a(uart_stm32.c.obj)
 .text.uart_stm32_poll_out
                0x00000000080085dc       0x36 zephyr/drivers/serial/libdrivers__serial.a(uart_stm32.c.obj)
 .text.uart_stm32_poll_in
                0x0000000008008612       0x22 zephyr/drivers/serial/libdrivers__serial.a(uart_stm32.c.obj)
 .text.uart_stm32_config_get
                0x0000000008008634       0x8e zephyr/drivers/serial/libdrivers__serial.a(uart_stm32.c.obj)
 .text.uart_stm32_set_baudrate
                0x00000000080086c2       0x58 zephyr/drivers/serial/libdrivers__serial.a(uart_stm32.c.obj)
 .text.spi_context_get_next_buf
                0x000000000800871a       0x2c zephyr/drivers/spi/libdrivers__spi.a(spi_ll_stm32.c.obj)
 .text.spi_context_buffers_setup
                0x0000000008008746       0x5e zephyr/drivers/spi/libdrivers__spi.a(spi_ll_stm32.c.obj)
 .text.spi_stm32_send_next_frame
                0x00000000080087a4       0x90 zephyr/drivers/spi/libdrivers__spi.a(spi_ll_stm32.c.obj)
 .text.spi_stm32_read_next_frame
                0x0000000008008834       0x84 zephyr/drivers/spi/libdrivers__spi.a(spi_ll_stm32.c.obj)
 .text.spi_stm32_irq_config_func_0
                0x00000000080088b8       0x16 zephyr/drivers/spi/libdrivers__spi.a(spi_ll_stm32.c.obj)
 .text.spi_stm32_irq_config_func_1
                0x00000000080088ce       0x16 zephyr/drivers/spi/libdrivers__spi.a(spi_ll_stm32.c.obj)
 .text.gpio_pin_set_dt.isra.0
                0x00000000080088e4       0x28 zephyr/drivers/spi/libdrivers__spi.a(spi_ll_stm32.c.obj)
 .text.spi_context_unlock_unconditionally
                0x000000000800890c       0x30 zephyr/drivers/spi/libdrivers__spi.a(spi_ll_stm32.c.obj)
 .text.spi_stm32_release
                0x000000000800893c       0x1e zephyr/drivers/spi/libdrivers__spi.a(spi_ll_stm32.c.obj)
 .text.spi_stm32_complete
                0x000000000800895a       0x98 zephyr/drivers/spi/libdrivers__spi.a(spi_ll_stm32.c.obj)
 .text.spi_stm32_isr
                0x00000000080089f2      0x1fc zephyr/drivers/spi/libdrivers__spi.a(spi_ll_stm32.c.obj)
 .text.z_impl_k_busy_wait
                0x0000000008008bee       0x1c zephyr/kernel/libkernel.a(busy_wait.c.obj)
                0x0000000008008bee                z_impl_k_busy_wait
 .text.z_device_state_init
                0x0000000008008c0a        0x2 zephyr/kernel/libkernel.a(device.c.obj)
                0x0000000008008c0a                z_device_state_init
 .text.z_impl_device_is_ready
                0x0000000008008c0c       0x16 zephyr/kernel/libkernel.a(device.c.obj)
                0x0000000008008c0c                z_impl_device_is_ready
 .text.arch_system_halt
                0x0000000008008c22       0x10 zephyr/kernel/libkernel.a(fatal.c.obj)
                0x0000000008008c22                arch_system_halt
 .text.do_device_init
                0x0000000008008c32       0x30 zephyr/kernel/libkernel.a(init.c.obj)
 .text.z_early_memset
                0x0000000008008c62        0x4 zephyr/kernel/libkernel.a(init.c.obj)
                0x0000000008008c62                z_early_memset
 .text.z_early_memcpy
                0x0000000008008c66        0x4 zephyr/kernel/libkernel.a(init.c.obj)
                0x0000000008008c66                z_early_memcpy
 .text.z_init_static
                0x0000000008008c6a        0x2 zephyr/kernel/libkernel.a(init_static.c.obj)
                0x0000000008008c6a                z_init_static
 .text.idle     0x0000000008008c6c       0x16 zephyr/kernel/libkernel.a(idle.c.obj)
                0x0000000008008c6c                idle
 .text.unpend_thread_no_timeout
                0x0000000008008c82       0x1a zephyr/kernel/libkernel.a(msg_q.c.obj)
 .text.z_impl_k_sem_init
                0x0000000008008c9c       0x20 zephyr/kernel/libkernel.a(sem.c.obj)
                0x0000000008008c9c                z_impl_k_sem_init
 .text.flag_test_and_clear
                0x0000000008008cbc       0x16 zephyr/kernel/libkernel.a(work.c.obj)
 .text.notify_queue_locked.isra.0
                0x0000000008008cd2        0xe zephyr/kernel/libkernel.a(work.c.obj)
 .text.k_work_init
                0x0000000008008ce0       0x12 zephyr/kernel/libkernel.a(work.c.obj)
                0x0000000008008ce0                k_work_init
 .text.z_work_submit_to_queue
                0x0000000008008cf2       0x26 zephyr/kernel/libkernel.a(work.c.obj)
                0x0000000008008cf2                z_work_submit_to_queue
 .text.k_work_submit_to_queue
                0x0000000008008d18       0x20 zephyr/kernel/libkernel.a(work.c.obj)
                0x0000000008008d18                k_work_submit_to_queue
 .text.k_is_in_isr
                0x0000000008008d38        0xc zephyr/kernel/libkernel.a(thread.c.obj)
                0x0000000008008d38                k_is_in_isr
 .text.z_impl_k_thread_name_set
                0x0000000008008d44        0x6 zephyr/kernel/libkernel.a(thread.c.obj)
                0x0000000008008d44                z_impl_k_thread_name_set
 .text.k_thread_name_get
                0x0000000008008d4a        0x4 zephyr/kernel/libkernel.a(thread.c.obj)
                0x0000000008008d4a                k_thread_name_get
 .text.sys_dlist_remove
                0x0000000008008d4e       0x10 zephyr/kernel/libkernel.a(sched.c.obj)
 .text.unpend_thread_no_timeout
                0x0000000008008d5e       0x14 zephyr/kernel/libkernel.a(sched.c.obj)
 .text.add_to_waitq_locked
                0x0000000008008d72       0x50 zephyr/kernel/libkernel.a(sched.c.obj)
 .text.z_ready_thread
                0x0000000008008dc2       0x1e zephyr/kernel/libkernel.a(sched.c.obj)
                0x0000000008008dc2                z_ready_thread
 .text.z_unpend_thread_no_timeout
                0x0000000008008de0       0x22 zephyr/kernel/libkernel.a(sched.c.obj)
                0x0000000008008de0                z_unpend_thread_no_timeout
 .text.z_sched_wake_thread
                0x0000000008008e02       0x3a zephyr/kernel/libkernel.a(sched.c.obj)
                0x0000000008008e02                z_sched_wake_thread
 .text.z_thread_timeout
                0x0000000008008e3c        0x8 zephyr/kernel/libkernel.a(sched.c.obj)
                0x0000000008008e3c                z_thread_timeout
 .text.z_unpend1_no_timeout
                0x0000000008008e44       0x2c zephyr/kernel/libkernel.a(sched.c.obj)
                0x0000000008008e44                z_unpend1_no_timeout
 .text.z_unpend_thread
                0x0000000008008e70       0x10 zephyr/kernel/libkernel.a(sched.c.obj)
                0x0000000008008e70                z_unpend_thread
 .text.z_unpend_all
                0x0000000008008e80       0x28 zephyr/kernel/libkernel.a(sched.c.obj)
                0x0000000008008e80                z_unpend_all
 .text.z_impl_k_sleep
                0x0000000008008ea8       0x32 zephyr/kernel/libkernel.a(sched.c.obj)
                0x0000000008008ea8                z_impl_k_sleep
 .text.z_sched_wake
                0x0000000008008eda       0x44 zephyr/kernel/libkernel.a(sched.c.obj)
                0x0000000008008eda                z_sched_wake
 .text.next_timeout
                0x0000000008008f1e       0x32 zephyr/kernel/libkernel.a(timeout.c.obj)
 .text.z_abort_timeout
                0x0000000008008f50       0x42 zephyr/kernel/libkernel.a(timeout.c.obj)
                0x0000000008008f50                z_abort_timeout
 .text.sys_clock_tick_get_32
                0x0000000008008f92        0x8 zephyr/kernel/libkernel.a(timeout.c.obj)
                0x0000000008008f92                sys_clock_tick_get_32
 .text.z_impl_k_uptime_ticks
                0x0000000008008f9a        0x4 zephyr/kernel/libkernel.a(timeout.c.obj)
                0x0000000008008f9a                z_impl_k_uptime_ticks
 .text.sys_timepoint_calc
                0x0000000008008f9e       0x48 zephyr/kernel/libkernel.a(timeout.c.obj)
                0x0000000008008f9e                sys_timepoint_calc
 .text.sys_timepoint_timeout
                0x0000000008008fe6       0x42 zephyr/kernel/libkernel.a(timeout.c.obj)
                0x0000000008008fe6                sys_timepoint_timeout
 .text.k_timer_init
                0x0000000008009028       0x18 zephyr/kernel/libkernel.a(timer.c.obj)
                0x0000000008009028                k_timer_init
 .text.z_impl_k_timer_stop
                0x0000000008009040       0x38 zephyr/kernel/libkernel.a(timer.c.obj)
                0x0000000008009040                z_impl_k_timer_stop
 .text.add_event
                0x0000000008009078       0x54 zephyr/kernel/libkernel.a(poll.c.obj)
 .text.register_events
                0x00000000080090cc       0xfc zephyr/kernel/libkernel.a(poll.c.obj)
 .text.signal_poll_event
                0x00000000080091c8       0x86 zephyr/kernel/libkernel.a(poll.c.obj)
 .text.z_handle_obj_poll_events
                0x000000000800924e       0x3e zephyr/kernel/libkernel.a(poll.c.obj)
                0x000000000800924e                z_handle_obj_poll_events
 .text.z_heap_aligned_alloc
                0x000000000800928c       0x26 zephyr/kernel/libkernel.a(mempool.c.obj)
 .text.k_free   0x00000000080092b2        0xe zephyr/kernel/libkernel.a(mempool.c.obj)
                0x00000000080092b2                k_free
 .text.k_malloc
                0x00000000080092c0        0x8 zephyr/kernel/libkernel.a(mempool.c.obj)
                0x00000000080092c0                k_malloc
 .text.k_heap_init
                0x00000000080092c8       0x10 zephyr/kernel/libkernel.a(kheap.c.obj)
                0x00000000080092c8                k_heap_init
 .text.k_heap_aligned_alloc
                0x00000000080092d8       0x82 zephyr/kernel/libkernel.a(kheap.c.obj)
                0x00000000080092d8                k_heap_aligned_alloc
 .text.k_heap_free
                0x000000000800935a       0x38 zephyr/kernel/libkernel.a(kheap.c.obj)
                0x000000000800935a                k_heap_free
 .text.memcpy   0x0000000008009392       0x1c c:\users\zainsiddiqui\.zephyr_ide\toolchains\zephyr-sdk-0.17.0\arm-zephyr-eabi\bin\../lib/gcc/../../picolibc/arm-zephyr-eabi/lib/thumb/v7e-m/nofp\libc.a(memcpy.c.o)
                0x0000000008009392                __aeabi_memcpy
                0x0000000008009392                __aeabi_memcpy4
                0x0000000008009392                __aeabi_memcpy8
                0x0000000008009392                memcpy
 .text.memset   0x00000000080093ae       0x10 c:\users\zainsiddiqui\.zephyr_ide\toolchains\zephyr-sdk-0.17.0\arm-zephyr-eabi\bin\../lib/gcc/../../picolibc/arm-zephyr-eabi/lib/thumb/v7e-m/nofp\libc.a(memset.c.o)
                0x00000000080093ae                memset
 .text.strnlen  0x00000000080093be       0x18 c:\users\zainsiddiqui\.zephyr_ide\toolchains\zephyr-sdk-0.17.0\arm-zephyr-eabi\bin\../lib/gcc/../../picolibc/arm-zephyr-eabi/lib/thumb/v7e-m/nofp\libc.a(libc_string_strnlen.c.o)
                0x00000000080093be                strnlen
 .text.__ultoa_invert
                0x00000000080093d6       0xae c:\users\zainsiddiqui\.zephyr_ide\toolchains\zephyr-sdk-0.17.0\arm-zephyr-eabi\bin\../lib/gcc/../../picolibc/arm-zephyr-eabi/lib/thumb/v7e-m/nofp\libc.a(libc_tinystdio_vflprintf.c.o)
 .text.__file_str_put
                0x0000000008009484       0x10 c:\users\zainsiddiqui\.zephyr_ide\toolchains\zephyr-sdk-0.17.0\arm-zephyr-eabi\bin\../lib/gcc/../../picolibc/arm-zephyr-eabi/lib/thumb/v7e-m/nofp\libc.a(libc_tinystdio_filestrput.c.o)
                0x0000000008009484                __file_str_put
 *(SORT_BY_ALIGNMENT(.TEXT.*))
 .TEXT.__aeabi_read_tp
                0x0000000008009494        0xc zephyr/arch/arch/arm/core/cortex_m/libarch__arm__core__cortex_m.a(__aeabi_read_tp.S.obj)
                0x0000000008009494                __aeabi_read_tp
 *(SORT_BY_ALIGNMENT(.gnu.linkonce.t.*))
 *(SORT_BY_ALIGNMENT(.glue_7t))
 .glue_7t       0x00000000080094a0        0x0 linker stubs
 *(SORT_BY_ALIGNMENT(.glue_7))
 .glue_7        0x00000000080094a0        0x0 linker stubs
 *(SORT_BY_ALIGNMENT(.vfp11_veneer))
 .vfp11_veneer  0x00000000080094a0        0x0 linker stubs
 *(SORT_BY_ALIGNMENT(.v4_bx))
 .v4_bx         0x00000000080094a0        0x0 linker stubs
                0x00000000080094a0                . = ALIGN (0x4)
                0x00000000080094a0                __text_region_end = .

.ARM.exidx      0x00000000080094a0        0x8
                0x00000000080094a0                __exidx_start = .
 *(SORT_BY_ALIGNMENT(.ARM.exidx*) SORT_BY_ALIGNMENT(gnu.linkonce.armexidx.*))
 .ARM.exidx     0x00000000080094a0        0x8 c:\users\zainsiddiqui\.zephyr_ide\toolchains\zephyr-sdk-0.17.0\arm-zephyr-eabi\bin\../lib/gcc/../../picolibc/arm-zephyr-eabi/lib/thumb/v7e-m/nofp\libc.a(strlen.S.o)
 .ARM.exidx     0x00000000080094a8        0x0 c:/users/zainsiddiqui/.zephyr_ide/toolchains/zephyr-sdk-0.17.0/arm-zephyr-eabi/bin/../lib/gcc/arm-zephyr-eabi/12.2.0/thumb/v7e-m/nofp\libgcc.a(_udivmoddi4.o)
                                          0x8 (size before relaxing)
                0x00000000080094a8                __exidx_end = .
                0x00000000080094a8                __rodata_region_start = .

initlevel       0x00000000080094a8       0xb8
                0x00000000080094a8                __init_start = .
                0x00000000080094a8                __init_EARLY_start = .
 *(SORT_BY_NAME(SORT_BY_ALIGNMENT(.z_init_EARLY?_*)))
 *(SORT_BY_NAME(SORT_BY_ALIGNMENT(.z_init_EARLY??_*)))
                0x00000000080094a8                __init_PRE_KERNEL_1_start = .
 *(SORT_BY_NAME(SORT_BY_ALIGNMENT(.z_init_PRE_KERNEL_1?_*)))
 .z_init_PRE_KERNEL_11_00009_
                0x00000000080094a8        0x8 zephyr/drivers/clock_control/libdrivers__clock_control.a(clock_stm32_ll_common.c.obj)
 .z_init_PRE_KERNEL_11_0_
                0x00000000080094b0        0x8 zephyr/libzephyr.a(soc_config.c.obj)
 *(SORT_BY_NAME(SORT_BY_ALIGNMENT(.z_init_PRE_KERNEL_1??_*)))
 .z_init_PRE_KERNEL_130_0_
                0x00000000080094b8        0x8 zephyr/kernel/libkernel.a(kheap.c.obj)
 .z_init_PRE_KERNEL_135_00045_
                0x00000000080094c0        0x8 zephyr/drivers/reset/libdrivers__reset.a(reset_stm32.c.obj)
 .z_init_PRE_KERNEL_140_00036_
                0x00000000080094c8        0x8 zephyr/drivers/gpio/libdrivers__gpio.a(gpio_stm32.c.obj)
 .z_init_PRE_KERNEL_140_00039_
                0x00000000080094d0        0x8 zephyr/drivers/gpio/libdrivers__gpio.a(gpio_stm32.c.obj)
 .z_init_PRE_KERNEL_140_00055_
                0x00000000080094d8        0x8 zephyr/drivers/interrupt_controller/libdrivers__interrupt_controller.a(intc_exti_stm32.c.obj)
 .z_init_PRE_KERNEL_140_00083_
                0x00000000080094e0        0x8 zephyr/drivers/gpio/libdrivers__gpio.a(gpio_stm32.c.obj)
 .z_init_PRE_KERNEL_140_00084_
                0x00000000080094e8        0x8 zephyr/drivers/gpio/libdrivers__gpio.a(gpio_stm32.c.obj)
 .z_init_PRE_KERNEL_140_00085_
                0x00000000080094f0        0x8 zephyr/drivers/gpio/libdrivers__gpio.a(gpio_stm32.c.obj)
 .z_init_PRE_KERNEL_140_00086_
                0x00000000080094f8        0x8 zephyr/drivers/gpio/libdrivers__gpio.a(gpio_stm32.c.obj)
 .z_init_PRE_KERNEL_140_00087_
                0x0000000008009500        0x8 zephyr/drivers/gpio/libdrivers__gpio.a(gpio_stm32.c.obj)
 .z_init_PRE_KERNEL_140_00090_
                0x0000000008009508        0x8 zephyr/drivers/gpio/libdrivers__gpio.a(gpio_stm32.c.obj)
 .z_init_PRE_KERNEL_150_00059_
                0x0000000008009510        0x8 zephyr/drivers/serial/libdrivers__serial.a(uart_stm32.c.obj)
 .z_init_PRE_KERNEL_150_00062_
                0x0000000008009518        0x8 zephyr/drivers/serial/libdrivers__serial.a(uart_stm32.c.obj)
 .z_init_PRE_KERNEL_160_0_
                0x0000000008009520        0x8 zephyr/drivers/console/libdrivers__console.a(uart_console.c.obj)
                0x0000000008009528                __init_PRE_KERNEL_2_start = .
 *(SORT_BY_NAME(SORT_BY_ALIGNMENT(.z_init_PRE_KERNEL_2?_*)))
 .z_init_PRE_KERNEL_20_0_
                0x0000000008009528        0x8 zephyr/drivers/timer/libdrivers__timer.a(cortex_m_systick.c.obj)
 *(SORT_BY_NAME(SORT_BY_ALIGNMENT(.z_init_PRE_KERNEL_2??_*)))
                0x0000000008009530                __init_POST_KERNEL_start = .
 *(SORT_BY_NAME(SORT_BY_ALIGNMENT(.z_init_POST_KERNEL?_*)))
 .z_init_POST_KERNEL0_0_
                0x0000000008009530        0x8 zephyr/libzephyr.a(log_core.c.obj)
 *(SORT_BY_NAME(SORT_BY_ALIGNMENT(.z_init_POST_KERNEL??_*)))
 .z_init_POST_KERNEL35_0_
                0x0000000008009538        0x8 zephyr/lib/libc/common/liblib__libc__common.a(malloc.c.obj)
 .z_init_POST_KERNEL40_0_
                0x0000000008009540        0x8 zephyr/kernel/libkernel.a(system_work_q.c.obj)
 .z_init_POST_KERNEL50_00068_
                0x0000000008009548        0x8 zephyr/drivers/spi/libdrivers__spi.a(spi_ll_stm32.c.obj)
 .z_init_POST_KERNEL50_00094_
                0x0000000008009550        0x8 zephyr/drivers/spi/libdrivers__spi.a(spi_ll_stm32.c.obj)
 .z_init_POST_KERNEL90_00095_
                0x0000000008009558        0x8 zephyr/drivers/lora/libloramac-node.a(sx127x.c.obj)
                0x0000000008009560                __init_APPLICATION_start = .
 *(SORT_BY_NAME(SORT_BY_ALIGNMENT(.z_init_APPLICATION?_*)))
 *(SORT_BY_NAME(SORT_BY_ALIGNMENT(.z_init_APPLICATION??_*)))
                0x0000000008009560                __init_SMP_start = .
 *(SORT_BY_NAME(SORT_BY_ALIGNMENT(.z_init_SMP?_*)))
 *(SORT_BY_NAME(SORT_BY_ALIGNMENT(.z_init_SMP??_*)))
                0x0000000008009560                __init_end = .
                0x0000000008009560                __deferred_init_list_start = .
 *(SORT_BY_ALIGNMENT(.z_deferred_init*))
                0x0000000008009560                __deferred_init_list_end = .

device_area     0x0000000008009560      0x140
                0x0000000008009560                _device_list_start = .
 *(SORT_BY_NAME(SORT_BY_ALIGNMENT(._device.static.*_?_*)))
 ._device.static.1_1_
                0x0000000008009560       0x14 zephyr/drivers/clock_control/libdrivers__clock_control.a(clock_stm32_ll_common.c.obj)
                0x0000000008009560                __device_dts_ord_9
 *(SORT_BY_NAME(SORT_BY_ALIGNMENT(._device.static.*_??_*)))
 ._device.static.1_35_
                0x0000000008009574       0x14 zephyr/drivers/reset/libdrivers__reset.a(reset_stm32.c.obj)
                0x0000000008009574                __device_dts_ord_45
 ._device.static.1_40_
                0x0000000008009588       0x14 zephyr/drivers/interrupt_controller/libdrivers__interrupt_controller.a(intc_exti_stm32.c.obj)
                0x0000000008009588                __device_dts_ord_55
 ._device.static.1_40_
                0x000000000800959c       0xa0 zephyr/drivers/gpio/libdrivers__gpio.a(gpio_stm32.c.obj)
                0x000000000800959c                __device_dts_ord_87
                0x00000000080095b0                __device_dts_ord_86
                0x00000000080095c4                __device_dts_ord_85
                0x00000000080095d8                __device_dts_ord_84
                0x00000000080095ec                __device_dts_ord_83
                0x0000000008009600                __device_dts_ord_36
                0x0000000008009614                __device_dts_ord_90
                0x0000000008009628                __device_dts_ord_39
 ._device.static.1_50_
                0x000000000800963c       0x28 zephyr/drivers/serial/libdrivers__serial.a(uart_stm32.c.obj)
                0x000000000800963c                __device_dts_ord_59
                0x0000000008009650                __device_dts_ord_62
 ._device.static.3_50_
                0x0000000008009664       0x28 zephyr/drivers/spi/libdrivers__spi.a(spi_ll_stm32.c.obj)
                0x0000000008009664                __device_dts_ord_68
                0x0000000008009678                __device_dts_ord_94
 ._device.static.3_90_
                0x000000000800968c       0x14 zephyr/drivers/lora/libloramac-node.a(sx127x.c.obj)
                0x000000000800968c                __device_dts_ord_95
 *(SORT_BY_NAME(SORT_BY_ALIGNMENT(._device.static.*_???_*)))
 *(SORT_BY_NAME(SORT_BY_ALIGNMENT(._device.static.*_????_*)))
 *(SORT_BY_NAME(SORT_BY_ALIGNMENT(._device.static.*_?????_*)))
                0x00000000080096a0                _device_list_end = .

sw_isr_table    0x00000000080096a0      0x2a8
                0x00000000080096a0                . = ALIGN (0x4)
 *(SORT_BY_ALIGNMENT(.gnu.linkonce.sw_isr_table*))
 .gnu.linkonce.sw_isr_table
                0x00000000080096a0      0x2a8 zephyr/CMakeFiles/zephyr_final.dir/isr_tables.c.obj
                0x00000000080096a0                _sw_isr_table

initlevel_error
                0x00000000080094a8        0x0
 *(SORT_BY_NAME(SORT_BY_ALIGNMENT(.z_init_[_A-Z0-9]*)))
                0x0000000000000001                ASSERT ((SIZEOF (initlevel_error) == 0x0), Undefined initialization levels used.)

app_shmem_regions
                0x0000000008009948        0x0
                0x0000000008009948                __app_shmem_regions_start = .
 *(SORT_BY_NAME(SORT_BY_ALIGNMENT(.app_regions.*)))
                0x0000000008009948                __app_shmem_regions_end = .

k_p4wq_initparam_area
                0x0000000008009948        0x0
                0x0000000008009948                _k_p4wq_initparam_list_start = .
 *(SORT_BY_NAME(SORT_BY_ALIGNMENT(._k_p4wq_initparam.static.*)))
                0x0000000008009948                _k_p4wq_initparam_list_end = .

_static_thread_data_area
                0x0000000008009948        0x0
                0x0000000008009948                __static_thread_data_list_start = .
 *(SORT_BY_NAME(SORT_BY_ALIGNMENT(.__static_thread_data.static.*)))
                0x0000000008009948                __static_thread_data_list_end = .

device_deps     0x0000000008009948        0x0
                0x0000000008009948                __device_deps_start = .
 *(SORT_BY_NAME(SORT_BY_ALIGNMENT(.__device_deps_pass2*)))
                0x0000000008009948                __device_deps_end = .

entropy_driver_api_area
                0x0000000008009948        0x0
                0x0000000008009948                _entropy_driver_api_list_start = .
 *(SORT_BY_NAME(SORT_BY_ALIGNMENT(._entropy_driver_api.static.*)))
                0x0000000008009948                _entropy_driver_api_list_end = .

gpio_driver_api_area
                0x0000000008009948       0x24
                0x0000000008009948                _gpio_driver_api_list_start = .
 *(SORT_BY_NAME(SORT_BY_ALIGNMENT(._gpio_driver_api.static.*)))
 ._gpio_driver_api.static.gpio_stm32_driver_
                0x0000000008009948       0x24 zephyr/drivers/gpio/libdrivers__gpio.a(gpio_stm32.c.obj)
                0x000000000800996c                _gpio_driver_api_list_end = .

reset_driver_api_area
                0x000000000800996c       0x10
                0x000000000800996c                _reset_driver_api_list_start = .
 *(SORT_BY_NAME(SORT_BY_ALIGNMENT(._reset_driver_api.static.*)))
 ._reset_driver_api.static.reset_stm32_driver_api_
                0x000000000800996c       0x10 zephyr/drivers/reset/libdrivers__reset.a(reset_stm32.c.obj)
                0x000000000800997c                _reset_driver_api_list_end = .

spi_driver_api_area
                0x000000000800997c        0x8
                0x000000000800997c                _spi_driver_api_list_start = .
 *(SORT_BY_NAME(SORT_BY_ALIGNMENT(._spi_driver_api.static.*)))
 ._spi_driver_api.static.api_funcs_
                0x000000000800997c        0x8 zephyr/drivers/spi/libdrivers__spi.a(spi_ll_stm32.c.obj)
                0x0000000008009984                _spi_driver_api_list_end = .

shared_irq_driver_api_area
                0x0000000008009984        0x0
                0x0000000008009984                _shared_irq_driver_api_list_start = .
 *(SORT_BY_NAME(SORT_BY_ALIGNMENT(._shared_irq_driver_api.static.*)))
                0x0000000008009984                _shared_irq_driver_api_list_end = .

crypto_driver_api_area
                0x0000000008009984        0x0
                0x0000000008009984                _crypto_driver_api_list_start = .
 *(SORT_BY_NAME(SORT_BY_ALIGNMENT(._crypto_driver_api.static.*)))
                0x0000000008009984                _crypto_driver_api_list_end = .

adc_driver_api_area
                0x0000000008009984        0x0
                0x0000000008009984                _adc_driver_api_list_start = .
 *(SORT_BY_NAME(SORT_BY_ALIGNMENT(._adc_driver_api.static.*)))
                0x0000000008009984                _adc_driver_api_list_end = .

auxdisplay_driver_api_area
                0x0000000008009984        0x0
                0x0000000008009984                _auxdisplay_driver_api_list_start = .
 *(SORT_BY_NAME(SORT_BY_ALIGNMENT(._auxdisplay_driver_api.static.*)))
                0x0000000008009984                _auxdisplay_driver_api_list_end = .

bbram_driver_api_area
                0x0000000008009984        0x0
                0x0000000008009984                _bbram_driver_api_list_start = .
 *(SORT_BY_NAME(SORT_BY_ALIGNMENT(._bbram_driver_api.static.*)))
                0x0000000008009984                _bbram_driver_api_list_end = .

bt_hci_driver_api_area
                0x0000000008009984        0x0
                0x0000000008009984                _bt_hci_driver_api_list_start = .
 *(SORT_BY_NAME(SORT_BY_ALIGNMENT(._bt_hci_driver_api.static.*)))
                0x0000000008009984                _bt_hci_driver_api_list_end = .

can_driver_api_area
                0x0000000008009984        0x0
                0x0000000008009984                _can_driver_api_list_start = .
 *(SORT_BY_NAME(SORT_BY_ALIGNMENT(._can_driver_api.static.*)))
                0x0000000008009984                _can_driver_api_list_end = .

cellular_driver_api_area
                0x0000000008009984        0x0
                0x0000000008009984                _cellular_driver_api_list_start = .
 *(SORT_BY_NAME(SORT_BY_ALIGNMENT(._cellular_driver_api.static.*)))
                0x0000000008009984                _cellular_driver_api_list_end = .

charger_driver_api_area
                0x0000000008009984        0x0
                0x0000000008009984                _charger_driver_api_list_start = .
 *(SORT_BY_NAME(SORT_BY_ALIGNMENT(._charger_driver_api.static.*)))
                0x0000000008009984                _charger_driver_api_list_end = .

clock_control_driver_api_area
                0x0000000008009984       0x1c
                0x0000000008009984                _clock_control_driver_api_list_start = .
 *(SORT_BY_NAME(SORT_BY_ALIGNMENT(._clock_control_driver_api.static.*)))
 ._clock_control_driver_api.static.stm32_clock_control_api_
                0x0000000008009984       0x1c zephyr/drivers/clock_control/libdrivers__clock_control.a(clock_stm32_ll_common.c.obj)
                0x00000000080099a0                _clock_control_driver_api_list_end = .

comparator_driver_api_area
                0x00000000080099a0        0x0
                0x00000000080099a0                _comparator_driver_api_list_start = .
 *(SORT_BY_NAME(SORT_BY_ALIGNMENT(._comparator_driver_api.static.*)))
                0x00000000080099a0                _comparator_driver_api_list_end = .

coredump_driver_api_area
                0x00000000080099a0        0x0
                0x00000000080099a0                _coredump_driver_api_list_start = .
 *(SORT_BY_NAME(SORT_BY_ALIGNMENT(._coredump_driver_api.static.*)))
                0x00000000080099a0                _coredump_driver_api_list_end = .

counter_driver_api_area
                0x00000000080099a0        0x0
                0x00000000080099a0                _counter_driver_api_list_start = .
 *(SORT_BY_NAME(SORT_BY_ALIGNMENT(._counter_driver_api.static.*)))
                0x00000000080099a0                _counter_driver_api_list_end = .

dac_driver_api_area
                0x00000000080099a0        0x0
                0x00000000080099a0                _dac_driver_api_list_start = .
 *(SORT_BY_NAME(SORT_BY_ALIGNMENT(._dac_driver_api.static.*)))
                0x00000000080099a0                _dac_driver_api_list_end = .

dai_driver_api_area
                0x00000000080099a0        0x0
                0x00000000080099a0                _dai_driver_api_list_start = .
 *(SORT_BY_NAME(SORT_BY_ALIGNMENT(._dai_driver_api.static.*)))
                0x00000000080099a0                _dai_driver_api_list_end = .

display_driver_api_area
                0x00000000080099a0        0x0
                0x00000000080099a0                _display_driver_api_list_start = .
 *(SORT_BY_NAME(SORT_BY_ALIGNMENT(._display_driver_api.static.*)))
                0x00000000080099a0                _display_driver_api_list_end = .

dma_driver_api_area
                0x00000000080099a0        0x0
                0x00000000080099a0                _dma_driver_api_list_start = .
 *(SORT_BY_NAME(SORT_BY_ALIGNMENT(._dma_driver_api.static.*)))
                0x00000000080099a0                _dma_driver_api_list_end = .

edac_driver_api_area
                0x00000000080099a0        0x0
                0x00000000080099a0                _edac_driver_api_list_start = .
 *(SORT_BY_NAME(SORT_BY_ALIGNMENT(._edac_driver_api.static.*)))
                0x00000000080099a0                _edac_driver_api_list_end = .

eeprom_driver_api_area
                0x00000000080099a0        0x0
                0x00000000080099a0                _eeprom_driver_api_list_start = .
 *(SORT_BY_NAME(SORT_BY_ALIGNMENT(._eeprom_driver_api.static.*)))
                0x00000000080099a0                _eeprom_driver_api_list_end = .

emul_bbram_driver_api_area
                0x00000000080099a0        0x0
                0x00000000080099a0                _emul_bbram_driver_api_list_start = .
 *(SORT_BY_NAME(SORT_BY_ALIGNMENT(._emul_bbram_driver_api.static.*)))
                0x00000000080099a0                _emul_bbram_driver_api_list_end = .

fuel_gauge_emul_driver_api_area
                0x00000000080099a0        0x0
                0x00000000080099a0                _fuel_gauge_emul_driver_api_list_start = .
 *(SORT_BY_NAME(SORT_BY_ALIGNMENT(._fuel_gauge_emul_driver_api.static.*)))
                0x00000000080099a0                _fuel_gauge_emul_driver_api_list_end = .

emul_sensor_driver_api_area
                0x00000000080099a0        0x0
                0x00000000080099a0                _emul_sensor_driver_api_list_start = .
 *(SORT_BY_NAME(SORT_BY_ALIGNMENT(._emul_sensor_driver_api.static.*)))
                0x00000000080099a0                _emul_sensor_driver_api_list_end = .

espi_driver_api_area
                0x00000000080099a0        0x0