Archive member included to satisfy reference by file (symbol)

app/libapp.a(main.c.obj)      (--whole-archive)
app/libapp.a(mesh_handler.c.obj)
                              (--whole-archive)
zephyr/libzephyr.a(heap.c.obj)
                              (--whole-archive)
zephyr/libzephyr.a(cbprintf_packaged.c.obj)
                              (--whole-archive)
zephyr/libzephyr.a(clock.c.obj)
                              (--whole-archive)
zephyr/libzephyr.a(printk.c.obj)
                              (--whole-archive)
zephyr/libzephyr.a(sem.c.obj)
                              (--whole-archive)
zephyr/libzephyr.a(thread_entry.c.obj)
                              (--whole-archive)
zephyr/libzephyr.a(cbprintf_complete.c.obj)
                              (--whole-archive)
zephyr/libzephyr.a(assert.c.obj)
                              (--whole-archive)
zephyr/libzephyr.a(mpsc_pbuf.c.obj)
                              (--whole-archive)
zephyr/libzephyr.a(dec.c.obj)
                              (--whole-archive)
zephyr/libzephyr.a(hex.c.obj)
                              (--whole-archive)
zephyr/libzephyr.a(rb.c.obj)  (--whole-archive)
zephyr/libzephyr.a(timeutil.c.obj)
                              (--whole-archive)
zephyr/libzephyr.a(bitarray.c.obj)
                              (--whole-archive)
zephyr/libzephyr.a(ring_buffer.c.obj)
                              (--whole-archive)
zephyr/libzephyr.a(last_section_id.c.obj)
                              (--whole-archive)
zephyr/libzephyr.a(configs.c.obj)
                              (--whole-archive)
zephyr/libzephyr.a(stm32cube_hal.c.obj)
                              (--whole-archive)
zephyr/libzephyr.a(soc_config.c.obj)
                              (--whole-archive)
zephyr/libzephyr.a(stm32_backup_domain.c.obj)
                              (--whole-archive)
zephyr/libzephyr.a(soc.c.obj)
                              (--whole-archive)
zephyr/libzephyr.a(thread_info.c.obj)
                              (--whole-archive)
zephyr/libzephyr.a(log_core.c.obj)
                              (--whole-archive)
zephyr/libzephyr.a(log_mgmt.c.obj)
                              (--whole-archive)
zephyr/libzephyr.a(log_cache.c.obj)
                              (--whole-archive)
zephyr/libzephyr.a(log_msg.c.obj)
                              (--whole-archive)
zephyr/libzephyr.a(log_output.c.obj)
                              (--whole-archive)
zephyr/libzephyr.a(log_backend_uart.c.obj)
                              (--whole-archive)
zephyr/libzephyr.a(mem_attr.c.obj)
                              (--whole-archive)
zephyr/libzephyr.a(tracing_none.c.obj)
                              (--whole-archive)
zephyr/arch/common/libarch__common.a(sw_isr_common.c.obj)
                              (--whole-archive)
zephyr/arch/arch/arm/core/libarch__arm__core.a(fatal.c.obj)
                              (--whole-archive)
zephyr/arch/arch/arm/core/libarch__arm__core.a(nmi.c.obj)
                              (--whole-archive)
zephyr/arch/arch/arm/core/libarch__arm__core.a(nmi_on_reset.S.obj)
                              (--whole-archive)
zephyr/arch/arch/arm/core/libarch__arm__core.a(tls.c.obj)
                              (--whole-archive)
zephyr/arch/arch/arm/core/cortex_m/libarch__arm__core__cortex_m.a(exc_exit.c.obj)
                              (--whole-archive)
zephyr/arch/arch/arm/core/cortex_m/libarch__arm__core__cortex_m.a(fault.c.obj)
                              (--whole-archive)
zephyr/arch/arch/arm/core/cortex_m/libarch__arm__core__cortex_m.a(fault_s.S.obj)
                              (--whole-archive)
zephyr/arch/arch/arm/core/cortex_m/libarch__arm__core__cortex_m.a(fpu.c.obj)
                              (--whole-archive)
zephyr/arch/arch/arm/core/cortex_m/libarch__arm__core__cortex_m.a(reset.S.obj)
                              (--whole-archive)
zephyr/arch/arch/arm/core/cortex_m/libarch__arm__core__cortex_m.a(scb.c.obj)
                              (--whole-archive)
zephyr/arch/arch/arm/core/cortex_m/libarch__arm__core__cortex_m.a(thread_abort.c.obj)
                              (--whole-archive)
zephyr/arch/arch/arm/core/cortex_m/libarch__arm__core__cortex_m.a(vector_table.S.obj)
                              (--whole-archive)
zephyr/arch/arch/arm/core/cortex_m/libarch__arm__core__cortex_m.a(swap_helper.S.obj)
                              (--whole-archive)
zephyr/arch/arch/arm/core/cortex_m/libarch__arm__core__cortex_m.a(irq_manage.c.obj)
                              (--whole-archive)
zephyr/arch/arch/arm/core/cortex_m/libarch__arm__core__cortex_m.a(prep_c.c.obj)
                              (--whole-archive)
zephyr/arch/arch/arm/core/cortex_m/libarch__arm__core__cortex_m.a(thread.c.obj)
                              (--whole-archive)
zephyr/arch/arch/arm/core/cortex_m/libarch__arm__core__cortex_m.a(cpu_idle.c.obj)
                              (--whole-archive)
zephyr/arch/arch/arm/core/cortex_m/libarch__arm__core__cortex_m.a(irq_init.c.obj)
[...]
Memory Configuration

Name             Origin             Length             Attributes
FLASH            0x0000000008000000 0x0000000000080000 xr
RAM              0x0000000020000000 0x0000000000018000 xw
IDT_LIST         0x00000000ffff7fff 0x0000000000008000 xw
*default*        0x0000000000000000 0xffffffffffffffff

Linker script and memory map

                0x0000000008007fc8                vfprintf = __l_vfprintf
                0x0000000000000000                vfscanf = __l_vfscanf
LOAD zephyr/CMakeFiles/zephyr_pre0.dir/misc/empty_file.c.obj
LOAD zephyr/CMakeFiles/offsets.dir/./arch/arm/core/offsets/offsets.c.obj
LOAD app/libapp.a
LOAD zephyr/libzephyr.a
LOAD zephyr/arch/common/libarch__common.a
LOAD zephyr/arch/arch/arm/core/libarch__arm__core.a
LOAD zephyr/arch/arch/arm/core/cortex_m/libarch__arm__core__cortex_m.a
LOAD zephyr/arch/arch/arm/core/mpu/libarch__arm__core__mpu.a
LOAD zephyr/lib/libc/picolibc/liblib__libc__picolibc.a
LOAD zephyr/lib/libc/common/liblib__libc__common.a
LOAD zephyr/subsys/random/libsubsys__random.a
LOAD zephyr/drivers/interrupt_controller/libdrivers__interrupt_controller.a
LOAD zephyr/drivers/clock_control/libdrivers__clock_control.a
LOAD zephyr/drivers/console/libdrivers__console.a
LOAD zephyr/drivers/gpio/libdrivers__gpio.a
LOAD zephyr/drivers/lora/libloramac-node.a
LOAD zephyr/drivers/pinctrl/libdrivers__pinctrl.a
LOAD zephyr/drivers/reset/libdrivers__reset.a
LOAD zephyr/drivers/serial/libdrivers__serial.a
LOAD zephyr/drivers/spi/libdrivers__spi.a
LOAD zephyr/drivers/timer/libdrivers__timer.a
LOAD modules/hal_stm32/stm32cube/lib..__modules__hal__stm32__stm32cube.a
LOAD zephyr/kernel/libkernel.a
LOAD zephyr/arch/common/libisr_tables.a
LOAD c:\users\zainsiddiqui\.zephyr_ide\toolchains\zephyr-sdk-0.17.0\arm-zephyr-eabi\bin\../lib/gcc/../../picolibc/arm-zephyr-eabi/lib/thumb/v7e-m/nofp\libc.a
LOAD c:/users/zainsiddiqui/.zephyr_ide/toolchains/zephyr-sdk-0.17.0/arm-zephyr-eabi/bin/../lib/gcc/arm-zephyr-eabi/12.2.0/thumb/v7e-m/nofp\libgcc.a
                0x0000000000000020                _region_min_align = 0x20

.rel.plt        0x0000000008000000        0x0
 *(SORT_BY_ALIGNMENT(.rel.plt))
                [!provide]                        PROVIDE (__rel_iplt_start = .)
 *(SORT_BY_ALIGNMENT(.rel.iplt))
 .rel.iplt      0x0000000008000000        0x0 app/libapp.a(main.c.obj)
                [!provide]                        PROVIDE (__rel_iplt_end = .)

.rela.plt       0x0000000000000000        0x0
 *(SORT_BY_ALIGNMENT(.rela.plt))
                [!provide]                        PROVIDE (__rela_iplt_start = .)
 *(SORT_BY_ALIGNMENT(.rela.iplt))
                [!provide]                        PROVIDE (__rela_iplt_end = .)

.rel.dyn
 *(SORT_BY_ALIGNMENT(.rel.*))

.rela.dyn
 *(SORT_BY_ALIGNMENT(.rela.*))

/DISCARD/
 *(SORT_BY_ALIGNMENT(.plt))

/DISCARD/
 *(SORT_BY_ALIGNMENT(.iplt))
                0x0000000008000000                __rom_region_start = 0x8000000

rom_start       0x0000000008000000      0x194
                0x0000000008000000                __rom_start_address = .
 FILL mask 0x00
                0x0000000008000000                . = (. + (0x0 - (. - __rom_start_address)))
                0x0000000008000000                . = ALIGN (0x4)
                0x0000000008000000                . = ALIGN (0x80)
                0x0000000008000000                . = ALIGN (0x200)
                0x0000000008000000                _vector_start = .
 *(SORT_BY_ALIGNMENT(.exc_vector_table))
 *(SORT_BY_ALIGNMENT(.exc_vector_table.*))
 .exc_vector_table._vector_table_section
                0x0000000008000000       0x40 zephyr/arch/arch/arm/core/cortex_m/libarch__arm__core__cortex_m.a(vector_table.S.obj)
                0x0000000008000000                _vector_table
 *(SORT_BY_ALIGNMENT(.vectors))
                0x0000000008000194                _vector_end = .
                0x0000000008000040                . = ALIGN (0x4)
 *(SORT_BY_ALIGNMENT(.gnu.linkonce.irq_vector_table*))
 .gnu.linkonce.irq_vector_table
                0x0000000008000040      0x154 zephyr/arch/common/libisr_tables.a(isr_tables.c.obj)
                0x0000000008000040                _irq_vector_table
                0x0000000008000194                _vector_end = .

text            0x0000000008000194     0xb7c0
                0x0000000008000194                __text_region_start = .
 *(SORT_BY_ALIGNMENT(.text))
 .text          0x0000000008000194       0x30 c:/users/zainsiddiqui/.zephyr_ide/toolchains/zephyr-sdk-0.17.0/arm-zephyr-eabi/bin/../lib/gcc/arm-zephyr-eabi/12.2.0/thumb/v7e-m/nofp\libgcc.a(_aeabi_uldivmod.o)
                0x0000000008000194                __aeabi_uldivmod
 .text          0x00000000080001c4        0x4 c:/users/zainsiddiqui/.zephyr_ide/toolchains/zephyr-sdk-0.17.0/arm-zephyr-eabi/bin/../lib/gcc/arm-zephyr-eabi/12.2.0/thumb/v7e-m/nofp\libgcc.a(_dvmd_tls.o)
                0x00000000080001c4                __aeabi_idiv0
                0x00000000080001c4                __aeabi_ldiv0
 .text          0x00000000080001c8       0x10 c:\users\zainsiddiqui\.zephyr_ide\toolchains\zephyr-sdk-0.17.0\arm-zephyr-eabi\bin\../lib/gcc/../../picolibc/arm-zephyr-eabi/lib/thumb/v7e-m/nofp\libc.a(strlen.S.o)
                0x00000000080001c8                strlen
 .text          0x00000000080001d8      0x2a0 c:/users/zainsiddiqui/.zephyr_ide/toolchains/zephyr-sdk-0.17.0/arm-zephyr-eabi/bin/../lib/gcc/arm-zephyr-eabi/12.2.0/thumb/v7e-m/nofp\libgcc.a(_udivmoddi4.o)
                0x00000000080001d8                __udivmoddi4
 *(SORT_BY_ALIGNMENT(.text.*))
 .text.payload_handler
                0x0000000008000478       0xc0 app/libapp.a(main.c.obj)
                0x0000000008000478                payload_handler
 .text.main     0x0000000008000538       0x74 app/libapp.a(main.c.obj)
                0x0000000008000538                main
 .text.seen_before
                0x00000000080005ac       0x2c app/libapp.a(mesh_handler.c.obj)
 .text.add_to_cache
                0x00000000080005d8       0x30 app/libapp.a(mesh_handler.c.obj)
 .text.configure_tx
                0x0000000008000608       0x48 app/libapp.a(mesh_handler.c.obj)
 .text.configure_rx
                0x0000000008000650       0x50 app/libapp.a(mesh_handler.c.obj)
 .text.mesh_receive_cb
                0x00000000080006a0      0x164 app/libapp.a(mesh_handler.c.obj)
                0x00000000080006a0                mesh_receive_cb
 .text.mesh_send_msg
                0x0000000008000804      0x170 app/libapp.a(mesh_handler.c.obj)
                0x0000000008000804                mesh_send_msg
 .text.tx_task  0x0000000008000974       0x48 app/libapp.a(mesh_handler.c.obj)
                0x0000000008000974                tx_task
 .text.mesh_init
                0x00000000080009bc       0x60 app/libapp.a(mesh_handler.c.obj)
                0x00000000080009bc                mesh_init
 .text.mesh_enqueue_tx
                0x0000000008000a1c       0x1c app/libapp.a(mesh_handler.c.obj)
                0x0000000008000a1c                mesh_enqueue_tx
 .text.cbvprintf_package
                0x0000000008000a38      0x4b4 zephyr/libzephyr.a(cbprintf_packaged.c.obj)
                0x0000000008000a38                cbvprintf_package
 .text.cbprintf_package_convert
                0x0000000008000eec      0x4c4 zephyr/libzephyr.a(cbprintf_packaged.c.obj)
                0x0000000008000eec                cbprintf_package_convert
 .text.__printk_hook_install
                0x00000000080013b0        0xc zephyr/libzephyr.a(printk.c.obj)
                0x00000000080013b0                __printk_hook_install
 .text.z_thread_entry
                0x00000000080013bc       0x34 zephyr/libzephyr.a(thread_entry.c.obj)
                0x00000000080013bc                z_thread_entry
 .text.st_stm32_common_config
                0x00000000080013f0       0x14 zephyr/libzephyr.a(soc_config.c.obj)
 .text.soc_early_init_hook
                0x0000000008001404       0x30 zephyr/libzephyr.a(soc.c.obj)
                0x0000000008001404                soc_early_init_hook
 .text.msg_process
                0x0000000008001434       0x3c zephyr/libzephyr.a(log_core.c.obj)
 .text.log_backend_notify_all
                0x0000000008001470       0x30 zephyr/libzephyr.a(log_core.c.obj)
 .text.default_lf_get_timestamp
                0x00000000080014a0       0x48 zephyr/libzephyr.a(log_core.c.obj)
 .text.activate_foreach_backend
                0x00000000080014e8       0x64 zephyr/libzephyr.a(log_core.c.obj)
 .text.z_log_init
                0x000000000800154c       0x94 zephyr/libzephyr.a(log_core.c.obj)
 .text.thread_set
                0x00000000080015e0       0x28 zephyr/libzephyr.a(log_core.c.obj)
 .text.log_process_thread_timer_expiry_fn
                0x0000000008001608       0x10 zephyr/libzephyr.a(log_core.c.obj)
 .text.enable_logger
                0x0000000008001618       0x5c zephyr/libzephyr.a(log_core.c.obj)
 .text.log_format_func_t_get
                0x0000000008001674        0xc zephyr/libzephyr.a(log_core.c.obj)
                0x0000000008001674                log_format_func_t_get
 .text.log_set_timestamp_func
                0x0000000008001680       0x24 zephyr/libzephyr.a(log_core.c.obj)
                0x0000000008001680                log_set_timestamp_func
 .text.z_log_notify_backend_enabled
                0x00000000080016a4       0x20 zephyr/libzephyr.a(log_core.c.obj)
                0x00000000080016a4                z_log_notify_backend_enabled
 .text.z_log_dropped
                0x00000000080016c4       0x54 zephyr/libzephyr.a(log_core.c.obj)
                0x00000000080016c4                z_log_dropped
 .text.z_log_dropped_read_and_clear
                0x0000000008001718       0x20 zephyr/libzephyr.a(log_core.c.obj)
                0x0000000008001718                z_log_dropped_read_and_clear
 .text.dropped_notify
                0x0000000008001738       0x38 zephyr/libzephyr.a(log_core.c.obj)
                0x0000000008001738                dropped_notify
 .text.z_log_dropped_pending
                0x0000000008001770       0x14 zephyr/libzephyr.a(log_core.c.obj)
                0x0000000008001770                z_log_dropped_pending
 .text.z_log_msg_init
                0x0000000008001784       0x20 zephyr/libzephyr.a(log_core.c.obj)
                0x0000000008001784                z_log_msg_init
 .text.log_core_init
                0x00000000080017a4       0x50 zephyr/libzephyr.a(log_core.c.obj)
                0x00000000080017a4                log_core_init
 .text.z_log_msg_alloc
                0x00000000080017f4       0x10 zephyr/libzephyr.a(log_core.c.obj)
                0x00000000080017f4                z_log_msg_alloc
 .text.z_log_msg_local_claim
                0x0000000008001804       0x10 zephyr/libzephyr.a(log_core.c.obj)
                0x0000000008001804                z_log_msg_local_claim
 .text.z_log_msg_free
                0x0000000008001814       0x14 zephyr/libzephyr.a(log_core.c.obj)
                0x0000000008001814                z_log_msg_free
 .text.z_log_msg_pending
                0x0000000008001828       0x10 zephyr/libzephyr.a(log_core.c.obj)
                0x0000000008001828                z_log_msg_pending
 .text.z_impl_log_process
                0x0000000008001838       0xd0 zephyr/libzephyr.a(log_core.c.obj)
                0x0000000008001838                z_impl_log_process
 .text.z_impl_log_panic
                0x0000000008001908       0x4c zephyr/libzephyr.a(log_core.c.obj)
                0x0000000008001908                z_impl_log_panic
 .text.z_log_msg_post_finalize
                0x0000000008001954       0x84 zephyr/libzephyr.a(log_core.c.obj)
 .text.z_log_msg_commit
                0x00000000080019d8       0x20 zephyr/libzephyr.a(log_core.c.obj)
                0x00000000080019d8                z_log_msg_commit
 .text.log_process_thread_func
                0x00000000080019f8       0x78 zephyr/libzephyr.a(log_core.c.obj)
 .text.log_src_cnt_get
                0x0000000008001a70       0x14 zephyr/libzephyr.a(log_mgmt.c.obj)
                0x0000000008001a70                log_src_cnt_get
 .text.log_source_name_get
                0x0000000008001a84       0x1c zephyr/libzephyr.a(log_mgmt.c.obj)
                0x0000000008001a84                log_source_name_get
 .text.cbprintf_package_copy
                0x0000000008001aa0       0x30 zephyr/libzephyr.a(log_msg.c.obj)
 .text.z_impl_z_log_msg_static_create
                0x0000000008001ad0      0x158 zephyr/libzephyr.a(log_msg.c.obj)
                0x0000000008001ad0                z_impl_z_log_msg_static_create
 .text.z_log_msg_runtime_vcreate
                0x0000000008001c28       0xac zephyr/libzephyr.a(log_msg.c.obj)
                0x0000000008001c28                z_log_msg_runtime_vcreate
 .text.log_msg_get_source_id
                0x0000000008001cd4       0x18 zephyr/libzephyr.a(log_msg.c.obj)
                0x0000000008001cd4                log_msg_get_source_id
 .text.print_formatted
                0x0000000008001cec       0x24 zephyr/libzephyr.a(log_output.c.obj)
 .text.timestamp_print
                0x0000000008001d10       0x8c zephyr/libzephyr.a(log_output.c.obj)
 .text.color_print
                0x0000000008001d9c       0x2c zephyr/libzephyr.a(log_output.c.obj)
 .text.ids_print
                0x0000000008001dc8       0x70 zephyr/libzephyr.a(log_output.c.obj)
 .text.prefix_print
                0x0000000008001e38       0x88 zephyr/libzephyr.a(log_output.c.obj)
 .text.newline_print
                0x0000000008001ec0       0x28 zephyr/libzephyr.a(log_output.c.obj)
 .text.hexdump_line_print
                0x0000000008001ee8       0xc4 zephyr/libzephyr.a(log_output.c.obj)
 .text.log_output_process
                0x0000000008001fac       0x88 zephyr/libzephyr.a(log_output.c.obj)
                0x0000000008001fac                log_output_process
 .text.log_output_dropped_process
                0x0000000008002034       0x84 zephyr/libzephyr.a(log_output.c.obj)
                0x0000000008002034                log_output_dropped_process
 .text.log_output_timestamp_freq_set
                0x00000000080020b8       0x2c zephyr/libzephyr.a(log_output.c.obj)
                0x00000000080020b8                log_output_timestamp_freq_set
 .text.char_out
                0x00000000080020e4       0x24 zephyr/libzephyr.a(log_backend_uart.c.obj)
 .text.mem_attr_get_regions
                0x0000000008002108        0xc zephyr/libzephyr.a(mem_attr.c.obj)
                0x0000000008002108                mem_attr_get_regions
 .text.esf_dump
                0x0000000008002114      0x160 zephyr/arch/arch/arm/core/libarch__arm__core.a(fatal.c.obj)
 .text.z_arm_fatal_error
                0x0000000008002274       0x38 zephyr/arch/arch/arm/core/libarch__arm__core.a(fatal.c.obj)
                0x0000000008002274                z_arm_fatal_error
 .text.z_SysNmiOnReset
                0x00000000080022ac        0x8 zephyr/arch/arch/arm/core/libarch__arm__core.a(nmi_on_reset.S.obj)
                0x00000000080022ac                z_SysNmiOnReset
 .text.z_tls_copy
                0x00000000080022b4       0x28 zephyr/arch/arch/arm/core/libarch__arm__core.a(tls.c.obj)
 .text.arch_tls_stack_setup
                0x00000000080022dc       0x28 zephyr/arch/arch/arm/core/libarch__arm__core.a(tls.c.obj)
                0x00000000080022dc                arch_tls_stack_setup
 .text._HandlerModeExit
                0x0000000008002304       0x20 zephyr/arch/arch/arm/core/cortex_m/libarch__arm__core__cortex_m.a(exc_exit.c.obj)
                0x0000000008002304                z_arm_int_exit
                0x0000000008002304                z_arm_exc_exit
 .text.z_arm_is_synchronous_svc
                0x0000000008002324       0x3c zephyr/arch/arch/arm/core/cortex_m/libarch__arm__core__cortex_m.a(fault.c.obj)
 .text.get_esf  0x0000000008002360       0x48 zephyr/arch/arch/arm/core/cortex_m/libarch__arm__core__cortex_m.a(fault.c.obj)
 .text.usage_fault
                0x00000000080023a8       0xd4 zephyr/arch/arch/arm/core/cortex_m/libarch__arm__core__cortex_m.a(fault.c.obj)
 .text.debug_monitor
                0x000000000800247c       0x1c zephyr/arch/arch/arm/core/cortex_m/libarch__arm__core__cortex_m.a(fault.c.obj)
 .text.reserved_exception
                0x0000000008002498       0xd8 zephyr/arch/arch/arm/core/cortex_m/libarch__arm__core__cortex_m.a(fault.c.obj)
 .text.bus_fault
                0x0000000008002570      0x110 zephyr/arch/arch/arm/core/cortex_m/libarch__arm__core__cortex_m.a(fault.c.obj)
 .text.mem_manage_fault
                0x0000000008002680      0x148 zephyr/arch/arch/arm/core/cortex_m/libarch__arm__core__cortex_m.a(fault.c.obj)
 .text.hard_fault
                0x00000000080027c8       0xd0 zephyr/arch/arch/arm/core/cortex_m/libarch__arm__core__cortex_m.a(fault.c.obj)
 .text.z_arm_fault
                0x0000000008002898       0x88 zephyr/arch/arch/arm/core/cortex_m/libarch__arm__core__cortex_m.a(fault.c.obj)
                0x0000000008002898                z_arm_fault
 .text.z_arm_fault_init
                0x0000000008002920       0x18 zephyr/arch/arch/arm/core/cortex_m/libarch__arm__core__cortex_m.a(fault.c.obj)
                0x0000000008002920                z_arm_fault_init
 .text.__fault  0x0000000008002938       0x14 zephyr/arch/arch/arm/core/cortex_m/libarch__arm__core__cortex_m.a(fault_s.S.obj)
                0x0000000008002938                z_arm_usage_fault
                0x0000000008002938                z_arm_mpu_fault
                0x0000000008002938                z_arm_exc_spurious
                0x0000000008002938                z_arm_debug_monitor
                0x0000000008002938                z_arm_hard_fault
                0x0000000008002938                z_arm_bus_fault
 .text._reset_section
                0x000000000800294c       0x40 zephyr/arch/arch/arm/core/cortex_m/libarch__arm__core__cortex_m.a(reset.S.obj)
                0x000000000800294c                __start
                0x000000000800294c                z_arm_reset
 .text.z_impl_k_thread_abort
                0x000000000800298c       0x34 zephyr/arch/arch/arm/core/cortex_m/libarch__arm__core__cortex_m.a(thread_abort.c.obj)
                0x000000000800298c                z_impl_k_thread_abort
 .text.z_arm_pendsv
                0x00000000080029c0       0x64 zephyr/arch/arch/arm/core/cortex_m/libarch__arm__core__cortex_m.a(swap_helper.S.obj)
                0x00000000080029c0                z_arm_pendsv
 .text.z_arm_svc
                0x0000000008002a24       0x24 zephyr/arch/arch/arm/core/cortex_m/libarch__arm__core__cortex_m.a(swap_helper.S.obj)
                0x0000000008002a24                z_arm_svc
 .text.__NVIC_EnableIRQ
                0x0000000008002a48       0x1c zephyr/arch/arch/arm/core/cortex_m/libarch__arm__core__cortex_m.a(irq_manage.c.obj)
 .text.__NVIC_SetPriority
                0x0000000008002a64       0x28 zephyr/arch/arch/arm/core/cortex_m/libarch__arm__core__cortex_m.a(irq_manage.c.obj)
 .text.relocate_vector_table
                0x0000000008002a8c       0x1c zephyr/arch/arch/arm/core/cortex_m/libarch__arm__core__cortex_m.a(prep_c.c.obj)
                0x0000000008002a8c                relocate_vector_table
 .text.z_prep_c
                0x0000000008002aa8       0x38 zephyr/arch/arch/arm/core/cortex_m/libarch__arm__core__cortex_m.a(prep_c.c.obj)
                0x0000000008002aa8                z_prep_c
 .text.arch_new_thread
                0x0000000008002ae0       0x44 zephyr/arch/arch/arm/core/cortex_m/libarch__arm__core__cortex_m.a(thread.c.obj)
                0x0000000008002ae0                arch_new_thread
 .text.z_check_thread_stack_fail
                0x0000000008002b24       0x48 zephyr/arch/arch/arm/core/cortex_m/libarch__arm__core__cortex_m.a(thread.c.obj)
                0x0000000008002b24                z_check_thread_stack_fail
 .text.arch_switch_to_main_thread
                0x0000000008002b6c       0x40 zephyr/arch/arch/arm/core/cortex_m/libarch__arm__core__cortex_m.a(thread.c.obj)
                0x0000000008002b6c                arch_switch_to_main_thread
 .text.z_arm_cpu_idle_init
                0x0000000008002bac        0xc zephyr/arch/arch/arm/core/cortex_m/libarch__arm__core__cortex_m.a(cpu_idle.c.obj)
                0x0000000008002bac                z_arm_cpu_idle_init
 .text.z_arm_interrupt_init
                0x0000000008002bb8       0x34 zephyr/arch/arch/arm/core/cortex_m/libarch__arm__core__cortex_m.a(irq_init.c.obj)
                0x0000000008002bb8                z_arm_interrupt_init
 .text._isr_wrapper
                0x0000000008002bec       0x20 zephyr/arch/arch/arm/core/cortex_m/libarch__arm__core__cortex_m.a(isr_wrapper.c.obj)
                0x0000000008002bec                _isr_wrapper
 .text.z_arm_configure_static_mpu_regions
                0x0000000008002c0c       0x1c zephyr/arch/arch/arm/core/mpu/libarch__arm__core__mpu.a(arm_core_mpu.c.obj)
                0x0000000008002c0c                z_arm_configure_static_mpu_regions
 .text.z_arm_configure_dynamic_mpu_regions
                0x0000000008002c28       0x24 zephyr/arch/arch/arm/core/mpu/libarch__arm__core__mpu.a(arm_core_mpu.c.obj)
                0x0000000008002c28                z_arm_configure_dynamic_mpu_regions
 .text.region_init
                0x0000000008002c4c       0x28 zephyr/arch/arch/arm/core/mpu/libarch__arm__core__mpu.a(arm_mpu.c.obj)
 .text.region_allocate_and_init
                0x0000000008002c74       0x3c zephyr/arch/arch/arm/core/mpu/libarch__arm__core__mpu.a(arm_mpu.c.obj)
 .text.mpu_configure_regions
                0x0000000008002cb0       0x64 zephyr/arch/arch/arm/core/mpu/libarch__arm__core__mpu.a(arm_mpu.c.obj)
 .text.mpu_configure_static_mpu_regions
                0x0000000008002d14       0x14 zephyr/arch/arch/arm/core/mpu/libarch__arm__core__mpu.a(arm_mpu.c.obj)
 .text.mpu_configure_dynamic_mpu_regions
                0x0000000008002d28       0x3c zephyr/arch/arch/arm/core/mpu/libarch__arm__core__mpu.a(arm_mpu.c.obj)
 .text.arm_core_mpu_enable
                0x0000000008002d64       0x18 zephyr/arch/arch/arm/core/mpu/libarch__arm__core__mpu.a(arm_mpu.c.obj)
                0x0000000008002d64                arm_core_mpu_enable
 .text.arm_core_mpu_disable
                0x0000000008002d7c       0x14 zephyr/arch/arch/arm/core/mpu/libarch__arm__core__mpu.a(arm_mpu.c.obj)
                0x0000000008002d7c                arm_core_mpu_disable
 .text.z_arm_mpu_init
                0x0000000008002d90       0x80 zephyr/arch/arch/arm/core/mpu/libarch__arm__core__mpu.a(arm_mpu.c.obj)
                0x0000000008002d90                z_arm_mpu_init
 .text.cbvprintf
                0x0000000008002e10       0x34 zephyr/lib/libc/picolibc/liblib__libc__picolibc.a(cbprintf.c.obj)
                0x0000000008002e10                cbvprintf
 .text.z_impl_zephyr_fputc
                0x0000000008002e44       0x10 zephyr/lib/libc/picolibc/liblib__libc__picolibc.a(stdio.c.obj)
                0x0000000008002e44                z_impl_zephyr_fputc
 .text.__stdout_hook_install
                0x0000000008002e54       0x18 zephyr/lib/libc/picolibc/liblib__libc__picolibc.a(stdio.c.obj)
                0x0000000008002e54                __stdout_hook_install
 .text.malloc_prepare
                0x0000000008002e6c       0x24 zephyr/lib/libc/common/liblib__libc__common.a(malloc.c.obj)
 .text.stm32_exti_isr
                0x0000000008002e90       0x48 zephyr/drivers/interrupt_controller/libdrivers__interrupt_controller.a(intc_exti_stm32.c.obj)
 .text.stm32_exti_enable_registers
                0x0000000008002ed8       0x3c zephyr/drivers/interrupt_controller/libdrivers__interrupt_controller.a(intc_exti_stm32.c.obj)
 .text.stm32_fill_irq_table
                0x0000000008002f14       0x24 zephyr/drivers/interrupt_controller/libdrivers__interrupt_controller.a(intc_exti_stm32.c.obj)
 .text.LL_SYSCFG_SetEXTISource
                0x0000000008002f38       0x38 zephyr/drivers/interrupt_controller/libdrivers__interrupt_controller.a(intc_exti_stm32.c.obj)
 .text.LL_SYSCFG_GetEXTISource
                0x0000000008002f70       0x28 zephyr/drivers/interrupt_controller/libdrivers__interrupt_controller.a(intc_exti_stm32.c.obj)
 .text.stm32_gpio_intc_enable_line
                0x0000000008002f98       0x30 zephyr/drivers/interrupt_controller/libdrivers__interrupt_controller.a(intc_exti_stm32.c.obj)
                0x0000000008002f98                stm32_gpio_intc_enable_line
 .text.stm32_gpio_intc_disable_line
                0x0000000008002fc8       0x10 zephyr/drivers/interrupt_controller/libdrivers__interrupt_controller.a(intc_exti_stm32.c.obj)
                0x0000000008002fc8                stm32_gpio_intc_disable_line
 .text.stm32_gpio_intc_select_line_trigger
                0x0000000008002fd8       0x58 zephyr/drivers/interrupt_controller/libdrivers__interrupt_controller.a(intc_exti_stm32.c.obj)
                0x0000000008002fd8                stm32_gpio_intc_select_line_trigger
 .text.stm32_gpio_intc_set_irq_callback
                0x0000000008003030       0x4c zephyr/drivers/interrupt_controller/libdrivers__interrupt_controller.a(intc_exti_stm32.c.obj)
                0x0000000008003030                stm32_gpio_intc_set_irq_callback
 .text.stm32_gpio_intc_remove_irq_callback
                0x000000000800307c       0x24 zephyr/drivers/interrupt_controller/libdrivers__interrupt_controller.a(intc_exti_stm32.c.obj)
                0x000000000800307c                stm32_gpio_intc_remove_irq_callback
 .text.stm32_clock_switch_to_hsi
                0x00000000080030a0       0x38 zephyr/drivers/clock_control/libdrivers__clock_control.a(clock_stm32_ll_common.c.obj)
 .text.set_up_fixed_clock_sources
                0x00000000080030d8       0x38 zephyr/drivers/clock_control/libdrivers__clock_control.a(clock_stm32_ll_common.c.obj)
 .text.stm32_clock_control_get_subsys_rate
                0x0000000008003110      0x110 zephyr/drivers/clock_control/libdrivers__clock_control.a(clock_stm32_ll_common.c.obj)
 .text.set_up_plls
                0x0000000008003220       0x68 zephyr/drivers/clock_control/libdrivers__clock_control.a(clock_stm32_ll_common.c.obj)
 .text.stm32_clock_control_init
                0x0000000008003288       0x98 zephyr/drivers/clock_control/libdrivers__clock_control.a(clock_stm32_ll_common.c.obj)
                0x0000000008003288                stm32_clock_control_init
 .text.get_pllsrc_frequency
                0x0000000008003320        0x8 zephyr/drivers/clock_control/libdrivers__clock_control.a(clock_stm32f2_f4_f7.c.obj)
                0x0000000008003320                get_pllsrc_frequency
 .text.config_pll_sysclock
                0x0000000008003328       0x48 zephyr/drivers/clock_control/libdrivers__clock_control.a(clock_stm32f2_f4_f7.c.obj)
                0x0000000008003328                config_pll_sysclock
 .text.config_enable_default_clocks
                0x0000000008003370       0x20 zephyr/drivers/clock_control/libdrivers__clock_control.a(clock_stm32f2_f4_f7.c.obj)
                0x0000000008003370                config_enable_default_clocks
 .text.console_out
                0x0000000008003390       0x28 zephyr/drivers/console/libdrivers__console.a(uart_console.c.obj)
 .text.uart_console_hook_install
                0x00000000080033b8       0x18 zephyr/drivers/console/libdrivers__console.a(uart_console.c.obj)
 .text.uart_console_init
                0x00000000080033d0       0x1c zephyr/drivers/console/libdrivers__console.a(uart_console.c.obj)
 .text.gpio_stm32_clock_request
                0x00000000080033ec       0x3c zephyr/drivers/gpio/libdrivers__gpio.a(gpio_stm32.c.obj)
 .text.gpio_stm32_pin_interrupt_configure
                0x0000000008003428       0x94 zephyr/drivers/gpio/libdrivers__gpio.a(gpio_stm32.c.obj)
 .text.gpio_stm32_init
                0x00000000080034bc       0x28 zephyr/drivers/gpio/libdrivers__gpio.a(gpio_stm32.c.obj)
 .text.timer_callback
                0x00000000080034e4       0x10 zephyr/drivers/lora/libloramac-node.a(hal_common.c.obj)
 .text.RtcGetTimerValue
                0x00000000080034f4       0x48 zephyr/drivers/lora/libloramac-node.a(hal_common.c.obj)
                0x00000000080034f4                RtcGetTimerValue
 .text.RtcGetTimerElapsedTime
                0x000000000800353c       0x54 zephyr/drivers/lora/libloramac-node.a(hal_common.c.obj)
                0x000000000800353c                RtcGetTimerElapsedTime
 .text.RtcStopAlarm
                0x0000000008003590       0x10 zephyr/drivers/lora/libloramac-node.a(hal_common.c.obj)
                0x0000000008003590                RtcStopAlarm
 .text.RtcSetAlarm
                0x00000000080035a0       0x2c zephyr/drivers/lora/libloramac-node.a(hal_common.c.obj)
                0x00000000080035a0                RtcSetAlarm
 .text.RtcSetTimerContext
                0x00000000080035cc       0x50 zephyr/drivers/lora/libloramac-node.a(hal_common.c.obj)
                0x00000000080035cc                RtcSetTimerContext
 .text.RtcGetTimerContext
                0x000000000800361c        0xc zephyr/drivers/lora/libloramac-node.a(hal_common.c.obj)
                0x000000000800361c                RtcGetTimerContext
 .text.modem_release
                0x0000000008003628       0x50 zephyr/drivers/lora/libloramac-node.a(sx12xx_common.c.obj)
 .text.sx12xx_ev_tx_timed_out
                0x0000000008003678       0x10 zephyr/drivers/lora/libloramac-node.a(sx12xx_common.c.obj)
 .text.sx12xx_ev_rx_error
                0x0000000008003688       0x38 zephyr/drivers/lora/libloramac-node.a(sx12xx_common.c.obj)
 .text.sx12xx_ev_rx_done
                0x00000000080036c0       0xb8 zephyr/drivers/lora/libloramac-node.a(sx12xx_common.c.obj)
 .text.sx12xx_ev_tx_done
                0x0000000008003778       0x1c zephyr/drivers/lora/libloramac-node.a(sx12xx_common.c.obj)
 .text.__sx12xx_configure_pin
                0x0000000008003794      0x198 zephyr/drivers/lora/libloramac-node.a(sx12xx_common.c.obj)
                0x0000000008003794                __sx12xx_configure_pin
 .text.sx12xx_lora_send_async
                0x000000000800392c       0x4c zephyr/drivers/lora/libloramac-node.a(sx12xx_common.c.obj)
                0x000000000800392c                sx12xx_lora_send_async
 .text.sx12xx_lora_send
                0x0000000008003978       0xc8 zephyr/drivers/lora/libloramac-node.a(sx12xx_common.c.obj)
                0x0000000008003978                sx12xx_lora_send
 .text.sx12xx_lora_recv
                0x0000000008003a40       0xe8 zephyr/drivers/lora/libloramac-node.a(sx12xx_common.c.obj)
                0x0000000008003a40                sx12xx_lora_recv
 .text.sx12xx_lora_recv_async
                0x0000000008003b28       0x64 zephyr/drivers/lora/libloramac-node.a(sx12xx_common.c.obj)
                0x0000000008003b28                sx12xx_lora_recv_async
 .text.sx12xx_lora_config
                0x0000000008003b8c       0xc0 zephyr/drivers/lora/libloramac-node.a(sx12xx_common.c.obj)
                0x0000000008003b8c                sx12xx_lora_config
 .text.sx12xx_lora_test_cw
                0x0000000008003c4c       0x44 zephyr/drivers/lora/libloramac-node.a(sx12xx_common.c.obj)
                0x0000000008003c4c                sx12xx_lora_test_cw
 .text.sx12xx_init
                0x0000000008003c90       0x5c zephyr/drivers/lora/libloramac-node.a(sx12xx_common.c.obj)
                0x0000000008003c90                sx12xx_init
 .text.z_impl_gpio_pin_interrupt_configure
                0x0000000008003cec       0x34 zephyr/drivers/lora/libloramac-node.a(sx127x.c.obj)
 .text.sx127x_dio_work_handle
                0x0000000008003d20       0x1c zephyr/drivers/lora/libloramac-node.a(sx127x.c.obj)
 .text.sx127x_transceive
                0x0000000008003d3c       0x48 zephyr/drivers/lora/libloramac-node.a(sx127x.c.obj)
 .text.sx127x_irq_callback
                0x0000000008003d84       0x48 zephyr/drivers/lora/libloramac-node.a(sx127x.c.obj)
 .text.sx127x_antenna_configure
                0x0000000008003dcc       0x14 zephyr/drivers/lora/libloramac-node.a(sx127x.c.obj)
 .text.SX1276SetAntSwLowPower
                0x0000000008003de0       0x18 zephyr/drivers/lora/libloramac-node.a(sx127x.c.obj)
                0x0000000008003de0                SX1276SetAntSwLowPower
 .text.SX1276SetAntSw
                0x0000000008003df8       0x24 zephyr/drivers/lora/libloramac-node.a(sx127x.c.obj)
                0x0000000008003df8                SX1276SetAntSw
 .text.SX1276Reset
                0x0000000008003e1c       0x30 zephyr/drivers/lora/libloramac-node.a(sx127x.c.obj)
                0x0000000008003e1c                SX1276Reset
 .text.SX1276IoIrqInit
                0x0000000008003e4c      0x150 zephyr/drivers/lora/libloramac-node.a(sx127x.c.obj)
                0x0000000008003e4c                SX1276IoIrqInit
 .text.SX1276ReadBuffer
                0x0000000008003f9c       0x28 zephyr/drivers/lora/libloramac-node.a(sx127x.c.obj)
                0x0000000008003f9c                SX1276ReadBuffer
 .text.sx127x_lora_init
                0x0000000008003fc4       0xd4 zephyr/drivers/lora/libloramac-node.a(sx127x.c.obj)
 .text.SX1276WriteBuffer
                0x0000000008004098       0x28 zephyr/drivers/lora/libloramac-node.a(sx127x.c.obj)
                0x0000000008004098                SX1276WriteBuffer
 .text.SX1276SetRfTxPower
                0x00000000080040c0       0xc4 zephyr/drivers/lora/libloramac-node.a(sx127x.c.obj)
                0x00000000080040c0                SX1276SetRfTxPower
 .text.SX1276GetDio1PinState
                0x0000000008004184       0x1c zephyr/drivers/lora/libloramac-node.a(sx127x.c.obj)
                0x0000000008004184                SX1276GetDio1PinState
 .text.TimerInsertTimer
                0x00000000080041a0       0x2c zephyr/drivers/lora/libloramac-node.a(timer.c.obj)
 .text.TimerExists
                0x00000000080041cc       0x1c zephyr/drivers/lora/libloramac-node.a(timer.c.obj)
 .text.TimerInsertNewHeadTimer
                0x00000000080041e8       0x1c zephyr/drivers/lora/libloramac-node.a(timer.c.obj)
 .text.TimerStart
                0x0000000008004204       0x6c zephyr/drivers/lora/libloramac-node.a(timer.c.obj)
                0x0000000008004204                TimerStart
 .text.TimerIrqHandler
                0x0000000008004270       0x88 zephyr/drivers/lora/libloramac-node.a(timer.c.obj)
                0x0000000008004270                TimerIrqHandler
 .text.TimerStop
                0x00000000080042f8       0x80 zephyr/drivers/lora/libloramac-node.a(timer.c.obj)
                0x00000000080042f8                TimerStop
 .text.SX1276ConvertFreqInHzToPllStep
                0x0000000008004378       0x28 zephyr/drivers/lora/libloramac-node.a(sx1276.c.obj)
 .text.GetFskBandwidthRegValue
                0x00000000080043a0       0x50 zephyr/drivers/lora/libloramac-node.a(sx1276.c.obj)
 .text.SX1276GetLoRaBandwidthInHz
                0x00000000080043f0       0x28 zephyr/drivers/lora/libloramac-node.a(sx1276.c.obj)
 .text.SX1276OnDio4Irq
                0x0000000008004418       0x20 zephyr/drivers/lora/libloramac-node.a(sx1276.c.obj)
 .text.SX1276GetStatus
                0x0000000008004438        0xc zephyr/drivers/lora/libloramac-node.a(sx1276.c.obj)
                0x0000000008004438                SX1276GetStatus
 .text.SX1276SetChannel
                0x0000000008004444       0x34 zephyr/drivers/lora/libloramac-node.a(sx1276.c.obj)
                0x0000000008004444                SX1276SetChannel
 .text.SX1276OnDio3Irq
                0x0000000008004478       0x5c zephyr/drivers/lora/libloramac-node.a(sx1276.c.obj)
 .text.SX1276OnDio2Irq
                0x00000000080044d4       0xf8 zephyr/drivers/lora/libloramac-node.a(sx1276.c.obj)
 .text.SX1276OnDio1Irq
                0x00000000080045cc      0x148 zephyr/drivers/lora/libloramac-node.a(sx1276.c.obj)
 .text.SX1276OnDio0Irq
                0x0000000008004714      0x2f0 zephyr/drivers/lora/libloramac-node.a(sx1276.c.obj)
 .text.RxChainCalibration
                0x0000000008004a04       0x88 zephyr/drivers/lora/libloramac-node.a(sx1276.c.obj)
 .text.SX1276SetSleep
                0x0000000008004a8c       0x3c zephyr/drivers/lora/libloramac-node.a(sx1276.c.obj)
                0x0000000008004a8c                SX1276SetSleep
 .text.SX1276SetStby
                0x0000000008004ac8       0x34 zephyr/drivers/lora/libloramac-node.a(sx1276.c.obj)
                0x0000000008004ac8                SX1276SetStby
 .text.SX1276SetTx
                0x0000000008004afc       0xb8 zephyr/drivers/lora/libloramac-node.a(sx1276.c.obj)
 .text.SX1276Send
                0x0000000008004bb4      0x120 zephyr/drivers/lora/libloramac-node.a(sx1276.c.obj)
                0x0000000008004bb4                SX1276Send
 .text.SX1276SetRx
                0x0000000008004cd4      0x280 zephyr/drivers/lora/libloramac-node.a(sx1276.c.obj)
                0x0000000008004cd4                SX1276SetRx
 .text.SX1276ReadRssi
                0x0000000008004f54       0x4c zephyr/drivers/lora/libloramac-node.a(sx1276.c.obj)
                0x0000000008004f54                SX1276ReadRssi
 .text.SX1276SetModem
                0x0000000008004fa0       0x8c zephyr/drivers/lora/libloramac-node.a(sx1276.c.obj)
                0x0000000008004fa0                SX1276SetModem
 .text.SX1276Init
                0x000000000800502c       0x88 zephyr/drivers/lora/libloramac-node.a(sx1276.c.obj)
                0x000000000800502c                SX1276Init
 .text.SX1276SetRxConfig
                0x00000000080050b4      0x2c4 zephyr/drivers/lora/libloramac-node.a(sx1276.c.obj)
                0x00000000080050b4                SX1276SetRxConfig
 .text.SX1276SetTxConfig
                0x0000000008005378      0x24c zephyr/drivers/lora/libloramac-node.a(sx1276.c.obj)
                0x0000000008005378                SX1276SetTxConfig
 .text.SX1276SetTxContinuousWave
                0x00000000080055c4       0x80 zephyr/drivers/lora/libloramac-node.a(sx1276.c.obj)
                0x00000000080055c4                SX1276SetTxContinuousWave
 .text.SX1276SetMaxPayloadLength
                0x0000000008005644       0x34 zephyr/drivers/lora/libloramac-node.a(sx1276.c.obj)
                0x0000000008005644                SX1276SetMaxPayloadLength
 .text.SX1276SetPublicNetwork
                0x0000000008005678       0x2c zephyr/drivers/lora/libloramac-node.a(sx1276.c.obj)
                0x0000000008005678                SX1276SetPublicNetwork
 .text.SX1276OnTimeoutIrq
                0x00000000080056a4       0xe0 zephyr/drivers/lora/libloramac-node.a(sx1276.c.obj)
 .text.stm32_pin_configure
                0x0000000008005784       0x40 zephyr/drivers/pinctrl/libdrivers__pinctrl.a(pinctrl_stm32.c.obj)
 .text.LL_USART_SetBaudRate
                0x00000000080057c4       0xcc zephyr/drivers/serial/libdrivers__serial.a(uart_stm32.c.obj)
 .text.uart_stm32_poll_in
                0x0000000008005890       0x10 zephyr/drivers/serial/libdrivers__serial.a(uart_stm32.c.obj)
 .text.uart_stm32_poll_out
                0x00000000080058a0       0x10 zephyr/drivers/serial/libdrivers__serial.a(uart_stm32.c.obj)
 .text.uart_stm32_set_baudrate
                0x00000000080058b0       0x4c zephyr/drivers/serial/libdrivers__serial.a(uart_stm32.c.obj)
 .text.uart_stm32_configure
                0x00000000080058fc      0x128 zephyr/drivers/serial/libdrivers__serial.a(uart_stm32.c.obj)
 .text.uart_stm32_clocks_enable
                0x0000000008005a24       0x54 zephyr/drivers/serial/libdrivers__serial.a(uart_stm32.c.obj)
 .text.uart_stm32_registers_configure
                0x0000000008005a78       0x74 zephyr/drivers/serial/libdrivers__serial.a(uart_stm32.c.obj)
 .text.spi_context_wait_for_completion
                0x0000000008005aec       0x60 zephyr/drivers/spi/libdrivers__spi.a(spi_ll_stm32.c.obj)
 .text.spi_stm32_configure
                0x0000000008005b4c      0x2a4 zephyr/drivers/spi/libdrivers__spi.a(spi_ll_stm32.c.obj)
 .text.spi_stm32_get_err
                0x0000000008005df0       0xf4 zephyr/drivers/spi/libdrivers__spi.a(spi_ll_stm32.c.obj)
 .text.spi_context_cs_configure_all
                0x0000000008005ee4       0xfc zephyr/drivers/spi/libdrivers__spi.a(spi_ll_stm32.c.obj)
 .text.spi_stm32_init
                0x0000000008005fe0       0x8c zephyr/drivers/spi/libdrivers__spi.a(spi_ll_stm32.c.obj)
 .text.elapsed  0x000000000800606c       0x48 zephyr/drivers/timer/libdrivers__timer.a(cortex_m_systick.c.obj)
 .text.sys_clock_driver_init
                0x00000000080060b4       0x38 zephyr/drivers/timer/libdrivers__timer.a(cortex_m_systick.c.obj)
 .text.sys_clock_isr
                0x00000000080060ec       0x68 zephyr/drivers/timer/libdrivers__timer.a(cortex_m_systick.c.obj)
                0x00000000080060ec                sys_clock_isr
 .text.sys_clock_set_timeout
                0x0000000008006154      0x124 zephyr/drivers/timer/libdrivers__timer.a(cortex_m_systick.c.obj)
                0x0000000008006154                sys_clock_set_timeout
 .text.sys_clock_elapsed
                0x0000000008006278       0x40 zephyr/drivers/timer/libdrivers__timer.a(cortex_m_systick.c.obj)
                0x0000000008006278                sys_clock_elapsed
 .text.sys_clock_cycle_get_32
                0x00000000080062b8       0x28 zephyr/drivers/timer/libdrivers__timer.a(cortex_m_systick.c.obj)
                0x00000000080062b8                sys_clock_cycle_get_32
 .text.HAL_RCC_GetSysClockFreq
                0x00000000080062e0       0xdc modules/hal_stm32/stm32cube/lib..__modules__hal__stm32__stm32cube.a(stm32f4xx_hal_rcc.c.obj)
                0x00000000080062e0                HAL_RCC_GetSysClockFreq
 .text.LL_SetFlashLatency
                0x00000000080063bc       0x98 modules/hal_stm32/stm32cube/lib..__modules__hal__stm32__stm32cube.a(stm32f4xx_ll_utils.c.obj)
                0x00000000080063bc                LL_SetFlashLatency
 .text.z_device_state_init
                0x0000000008006454       0x18 zephyr/kernel/libkernel.a(device.c.obj)
                0x0000000008006454                z_device_state_init
 .text.reason_to_str
                0x000000000800646c       0x40 zephyr/kernel/libkernel.a(fatal.c.obj)
 .text.thread_name_get
                0x00000000080064ac       0x20 zephyr/kernel/libkernel.a(fatal.c.obj)
 .text.k_sys_fatal_error_handler
                0x00000000080064cc       0x20 zephyr/kernel/libkernel.a(fatal.c.obj)
                0x00000000080064cc                k_sys_fatal_error_handler
 .text.z_fatal_error
                0x00000000080064ec      0x1f4 zephyr/kernel/libkernel.a(fatal.c.obj)
                0x00000000080064ec                z_fatal_error
 .text.z_sys_init_run_level
                0x00000000080066e0       0x38 zephyr/kernel/libkernel.a(init.c.obj)
 .text.init_idle_thread
                0x0000000008006718       0x60 zephyr/kernel/libkernel.a(init.c.obj)
 .text.thread_schedule_new
                0x0000000008006778       0x1c zephyr/kernel/libkernel.a(init.c.obj)
 .text.z_init_static_threads
                0x0000000008006794       0x70 zephyr/kernel/libkernel.a(init.c.obj)
 .text.bg_thread_main
                0x0000000008006804       0x34 zephyr/kernel/libkernel.a(init.c.obj)
 .text.switch_to_main_thread
                0x0000000008006838       0x14 zephyr/kernel/libkernel.a(init.c.obj)
 .text.z_bss_zero
                0x000000000800684c       0x18 zephyr/kernel/libkernel.a(init.c.obj)
                0x000000000800684c                z_bss_zero
 .text.z_init_cpu
                0x0000000008006864       0x44 zephyr/kernel/libkernel.a(init.c.obj)
                0x0000000008006864                z_init_cpu
 .text.prepare_multithreading
                0x00000000080068a8       0x60 zephyr/kernel/libkernel.a(init.c.obj)
 .text.z_cstart
                0x0000000008006908       0x80 zephyr/kernel/libkernel.a(init.c.obj)
                0x0000000008006908                z_cstart
 .text.z_impl_k_msgq_put
                0x0000000008006988       0xe4 zephyr/kernel/libkernel.a(msg_q.c.obj)
                0x0000000008006988                z_impl_k_msgq_put
 .text.z_impl_k_msgq_get
                0x0000000008006a6c      0x104 zephyr/kernel/libkernel.a(msg_q.c.obj)
                0x0000000008006a6c                z_impl_k_msgq_get
 .text.z_impl_k_sem_give
                0x0000000008006b70       0x90 zephyr/kernel/libkernel.a(sem.c.obj)
                0x0000000008006b70                z_impl_k_sem_give
 .text.z_impl_k_sem_take
                0x0000000008006c00       0x50 zephyr/kernel/libkernel.a(sem.c.obj)
                0x0000000008006c00                z_impl_k_sem_take
 .text.queue_submit_locked
                0x0000000008006c50       0x80 zephyr/kernel/libkernel.a(work.c.obj)
 .text.finalize_cancel_locked
                0x0000000008006cd0       0x5c zephyr/kernel/libkernel.a(work.c.obj)
 .text.work_queue_main
                0x0000000008006d2c      0x110 zephyr/kernel/libkernel.a(work.c.obj)
 .text.k_work_submit
                0x0000000008006e3c       0x10 zephyr/kernel/libkernel.a(work.c.obj)
                0x0000000008006e3c                k_work_submit
 .text.k_work_queue_start
                0x0000000008006e4c       0x8c zephyr/kernel/libkernel.a(work.c.obj)
                0x0000000008006e4c                k_work_queue_start
 .text.thread_schedule_new
                0x0000000008006ed8       0x1c zephyr/kernel/libkernel.a(thread.c.obj)
 .text.z_impl_k_thread_name_set
                0x0000000008006ef4       0x24 zephyr/kernel/libkernel.a(thread.c.obj)
                0x0000000008006ef4                z_impl_k_thread_name_set
 .text.z_setup_new_thread
                0x0000000008006f18       0xc4 zephyr/kernel/libkernel.a(thread.c.obj)
                0x0000000008006f18                z_setup_new_thread
 .text.z_dummy_thread_init
                0x0000000008006fdc       0x24 zephyr/kernel/libkernel.a(thread.c.obj)
                0x0000000008006fdc                z_dummy_thread_init
 .text.z_swap_irqlock
                0x0000000008007000       0x34 zephyr/kernel/libkernel.a(sched.c.obj)
 .text.ready_thread
                0x0000000008007034       0xb4 zephyr/kernel/libkernel.a(sched.c.obj)
 .text.unready_thread
                0x00000000080070e8       0x68 zephyr/kernel/libkernel.a(sched.c.obj)
 .text.thread_halt_spin
                0x0000000008007150      0x114 zephyr/kernel/libkernel.a(sched.c.obj)
 .text.add_thread_timeout
                0x0000000008007264       0x20 zephyr/kernel/libkernel.a(sched.c.obj)
 .text.move_thread_to_end_of_prio_q
                0x0000000008007284       0xc8 zephyr/kernel/libkernel.a(sched.c.obj)
                0x0000000008007284                move_thread_to_end_of_prio_q
 .text.z_pend_curr
                0x000000000800734c       0x38 zephyr/kernel/libkernel.a(sched.c.obj)
                0x000000000800734c                z_pend_curr
 .text.z_reschedule
                0x0000000008007384       0x2c zephyr/kernel/libkernel.a(sched.c.obj)
                0x0000000008007384                z_reschedule
 .text.z_reschedule_irqlock
                0x00000000080073b0       0x2c zephyr/kernel/libkernel.a(sched.c.obj)
                0x00000000080073b0                z_reschedule_irqlock
 .text.k_sched_lock
                0x00000000080073dc       0x30 zephyr/kernel/libkernel.a(sched.c.obj)
                0x00000000080073dc                k_sched_lock
 .text.k_sched_unlock
                0x000000000800740c       0x70 zephyr/kernel/libkernel.a(sched.c.obj)
                0x000000000800740c                k_sched_unlock
 .text.z_sched_init
                0x000000000800747c       0x10 zephyr/kernel/libkernel.a(sched.c.obj)
                0x000000000800747c                z_sched_init
 .text.z_impl_k_yield
                0x000000000800748c       0xa0 zephyr/kernel/libkernel.a(sched.c.obj)
                0x000000000800748c                z_impl_k_yield
 .text.z_tick_sleep
                0x000000000800752c       0x7c zephyr/kernel/libkernel.a(sched.c.obj)
 .text.z_impl_k_sleep
                0x00000000080075a8       0x84 zephyr/kernel/libkernel.a(sched.c.obj)
                0x00000000080075a8                z_impl_k_sleep
 .text.z_impl_k_wakeup
                0x000000000800762c       0x48 zephyr/kernel/libkernel.a(sched.c.obj)
                0x000000000800762c                z_impl_k_wakeup
 .text.z_impl_k_sched_current_thread_query
                0x0000000008007674        0xc zephyr/kernel/libkernel.a(sched.c.obj)
                0x0000000008007674                z_impl_k_sched_current_thread_query
 .text.z_thread_abort
                0x0000000008007680      0x164 zephyr/kernel/libkernel.a(sched.c.obj)
                0x0000000008007680                z_thread_abort
 .text.z_sched_wait
                0x00000000080077e4       0x28 zephyr/kernel/libkernel.a(sched.c.obj)
                0x00000000080077e4                z_sched_wait
 .text.slice_timeout
                0x000000000800780c       0x20 zephyr/kernel/libkernel.a(timeslicing.c.obj)
 .text.thread_is_sliceable
                0x000000000800782c       0x4c zephyr/kernel/libkernel.a(timeslicing.c.obj)
                0x000000000800782c                thread_is_sliceable
 .text.z_reset_time_slice
                0x0000000008007878       0x50 zephyr/kernel/libkernel.a(timeslicing.c.obj)
                0x0000000008007878                z_reset_time_slice
 .text.z_time_slice
                0x00000000080078c8       0x70 zephyr/kernel/libkernel.a(timeslicing.c.obj)
                0x00000000080078c8                z_time_slice
 .text.z_thread_monitor_exit
                0x0000000008007938       0x3c zephyr/kernel/libkernel.a(thread_monitor.c.obj)
                0x0000000008007938                z_thread_monitor_exit
 .text.z_data_copy
                0x0000000008007974       0x34 zephyr/kernel/libkernel.a(xip.c.obj)
                0x0000000008007974                z_data_copy
 .text.first    0x00000000080079a8       0x14 zephyr/kernel/libkernel.a(timeout.c.obj)
 .text.next     0x00000000080079bc       0x18 zephyr/kernel/libkernel.a(timeout.c.obj)
 .text.elapsed  0x00000000080079d4       0x18 zephyr/kernel/libkernel.a(timeout.c.obj)
 .text.z_add_timeout
                0x00000000080079ec      0x134 zephyr/kernel/libkernel.a(timeout.c.obj)
                0x00000000080079ec                z_add_timeout
 .text.sys_clock_announce
                0x0000000008007b20       0xc4 zephyr/kernel/libkernel.a(timeout.c.obj)
                0x0000000008007b20                sys_clock_announce
 .text.sys_clock_tick_get
                0x0000000008007be4       0x40 zephyr/kernel/libkernel.a(timeout.c.obj)
                0x0000000008007be4                sys_clock_tick_get
 .text.z_timer_expiration_handler
                0x0000000008007c24      0x11c zephyr/kernel/libkernel.a(timer.c.obj)
                0x0000000008007c24                z_timer_expiration_handler
 .text.z_impl_k_timer_start
                0x0000000008007d40       0x70 zephyr/kernel/libkernel.a(timer.c.obj)
                0x0000000008007d40                z_impl_k_timer_start
 .text.clear_event_registration
                0x0000000008007db0       0x34 zephyr/kernel/libkernel.a(poll.c.obj)
 .text.z_impl_k_poll
                0x0000000008007de4       0xb8 zephyr/kernel/libkernel.a(poll.c.obj)
                0x0000000008007de4                z_impl_k_poll
 .text.z_impl_k_poll_signal_raise
                0x0000000008007e9c       0x50 zephyr/kernel/libkernel.a(poll.c.obj)
                0x0000000008007e9c                z_impl_k_poll_signal_raise
 .text.k_malloc
                0x0000000008007eec       0x18 zephyr/kernel/libkernel.a(mempool.c.obj)
                0x0000000008007eec                k_malloc
 .text.k_thread_system_pool_assign
                0x0000000008007f04        0xc zephyr/kernel/libkernel.a(mempool.c.obj)
                0x0000000008007f04                k_thread_system_pool_assign
 .text.boot_banner
                0x0000000008007f10       0x10 zephyr/kernel/libkernel.a(banner.c.obj)
                0x0000000008007f10                boot_banner
 .text.statics_init
                0x0000000008007f20       0x24 zephyr/kernel/libkernel.a(kheap.c.obj)
 .text.k_sys_work_q_init
                0x0000000008007f44       0x2c zephyr/kernel/libkernel.a(system_work_q.c.obj)
 .text.snprintf
                0x0000000008007f70       0x58 c:\users\zainsiddiqui\.zephyr_ide\toolchains\zephyr-sdk-0.17.0\arm-zephyr-eabi\bin\../lib/gcc/../../picolibc/arm-zephyr-eabi/lib/thumb/v7e-m/nofp\libc.a(libc_tinystdio_snprintf.c.o)
                0x0000000008007f70                snprintf
 .text.__l_vfprintf
                0x0000000008007fc8      0x4b8 c:\users\zainsiddiqui\.zephyr_ide\toolchains\zephyr-sdk-0.17.0\arm-zephyr-eabi\bin\../lib/gcc/../../picolibc/arm-zephyr-eabi/lib/thumb/v7e-m/nofp\libc.a(libc_tinystdio_vflprintf.c.o)
                0x0000000008007fc8                __l_vfprintf
 .text._OffsetAbsSyms
                0x0000000008008480        0x2 zephyr/CMakeFiles/offsets.dir/./arch/arm/core/offsets/offsets.c.obj
                0x0000000008008480                _OffsetAbsSyms
 .text.calc_checksum_crc16
                0x0000000008008482       0x42 app/libapp.a(mesh_handler.c.obj)
 .text.chunk_mem
                0x00000000080084c4        0x8 zephyr/libzephyr.a(heap.c.obj)
 .text.free_list_remove_bidx
                0x00000000080084cc       0x3e zephyr/libzephyr.a(heap.c.obj)
 .text.free_list_add_bidx
                0x000000000800850a       0x4e zephyr/libzephyr.a(heap.c.obj)
 .text.split_chunks
                0x0000000008008558       0x3a zephyr/libzephyr.a(heap.c.obj)
 .text.merge_chunks
                0x0000000008008592       0x34 zephyr/libzephyr.a(heap.c.obj)
 .text.mem_to_chunkid
                0x00000000080085c6        0x8 zephyr/libzephyr.a(heap.c.obj)
 .text.free_list_remove
                0x00000000080085ce       0x18 zephyr/libzephyr.a(heap.c.obj)
 .text.free_list_add
                0x00000000080085e6       0x18 zephyr/libzephyr.a(heap.c.obj)
 .text.free_chunk
                0x00000000080085fe       0x62 zephyr/libzephyr.a(heap.c.obj)
 .text.alloc_chunk
                0x0000000008008660       0x76 zephyr/libzephyr.a(heap.c.obj)
 .text.sys_heap_free
                0x00000000080086d6       0x24 zephyr/libzephyr.a(heap.c.obj)
                0x00000000080086d6                sys_heap_free
 .text.sys_heap_alloc
                0x00000000080086fa       0x66 zephyr/libzephyr.a(heap.c.obj)
                0x00000000080086fa                sys_heap_alloc
 .text.sys_heap_noalign_alloc
                0x0000000008008760        0xa zephyr/libzephyr.a(heap.c.obj)
                0x0000000008008760                sys_heap_noalign_alloc
 .text.sys_heap_init
                0x000000000800876a       0x84 zephyr/libzephyr.a(heap.c.obj)
                0x000000000800876a                sys_heap_init
 .text.cbprintf_via_va_list
                0x00000000080087ee        0xe zephyr/libzephyr.a(cbprintf_packaged.c.obj)
 .text.is_fmt_spec
                0x00000000080087fc        0xe zephyr/libzephyr.a(cbprintf_packaged.c.obj)
 .text.get_package_len
                0x000000000800880a       0x2a zephyr/libzephyr.a(cbprintf_packaged.c.obj)
 .text.append_string
                0x0000000008008834       0x2c zephyr/libzephyr.a(cbprintf_packaged.c.obj)
 .text.cbpprintf_external
                0x0000000008008860       0x60 zephyr/libzephyr.a(cbprintf_packaged.c.obj)
                0x0000000008008860                cbpprintf_external
 .text.is_ptr   0x00000000080088c0       0x4e zephyr/libzephyr.a(cbprintf_packaged.c.obj)
                0x00000000080088c0                is_ptr
 .text.arch_printk_char_out
                0x000000000800890e        0x4 zephyr/libzephyr.a(printk.c.obj)
                0x000000000800890e                arch_printk_char_out
 .text.vprintk  0x0000000008008912        0x8 zephyr/libzephyr.a(printk.c.obj)
                0x0000000008008912                vprintk
 .text.printk   0x000000000800891a       0x1c zephyr/libzephyr.a(printk.c.obj)
                0x000000000800891a                printk
 .text.free_space
                0x0000000008008936       0x28 zephyr/libzephyr.a(mpsc_pbuf.c.obj)
 .text.available
                0x000000000800895e       0x24 zephyr/libzephyr.a(mpsc_pbuf.c.obj)
 .text.get_usage
                0x0000000008008982       0x24 zephyr/libzephyr.a(mpsc_pbuf.c.obj)
 .text.max_utilization_update
                0x00000000080089a6       0x26 zephyr/libzephyr.a(mpsc_pbuf.c.obj)
 .text.rd_idx_inc
                0x00000000080089cc       0x26 zephyr/libzephyr.a(mpsc_pbuf.c.obj)
 .text.add_skip_item
                0x00000000080089f2       0x66 zephyr/libzephyr.a(mpsc_pbuf.c.obj)
 .text.drop_item_locked
                0x0000000008008a58      0x12e zephyr/libzephyr.a(mpsc_pbuf.c.obj)
 .text.post_drop_action
                0x0000000008008b86       0x62 zephyr/libzephyr.a(mpsc_pbuf.c.obj)
 .text.mpsc_pbuf_init
                0x0000000008008be8       0x42 zephyr/libzephyr.a(mpsc_pbuf.c.obj)
                0x0000000008008be8                mpsc_pbuf_init
 .text.mpsc_pbuf_alloc
                0x0000000008008c2a      0x134 zephyr/libzephyr.a(mpsc_pbuf.c.obj)
                0x0000000008008c2a                mpsc_pbuf_alloc
 .text.mpsc_pbuf_commit
                0x0000000008008d5e       0x50 zephyr/libzephyr.a(mpsc_pbuf.c.obj)
                0x0000000008008d5e                mpsc_pbuf_commit
 .text.mpsc_pbuf_claim
                0x0000000008008dae       0xd0 zephyr/libzephyr.a(mpsc_pbuf.c.obj)
                0x0000000008008dae                mpsc_pbuf_claim
 .text.mpsc_pbuf_free
                0x0000000008008e7e       0x88 zephyr/libzephyr.a(mpsc_pbuf.c.obj)
                0x0000000008008e7e                mpsc_pbuf_free
 .text.mpsc_pbuf_is_pending
                0x0000000008008f06       0x2c zephyr/libzephyr.a(mpsc_pbuf.c.obj)
                0x0000000008008f06                mpsc_pbuf_is_pending
 .text._ConfigAbsSyms
                0x0000000008008f32        0x2 zephyr/libzephyr.a(configs.c.obj)
                0x0000000008008f32                _ConfigAbsSyms
 .text.log_msg_generic_get_wlen
                0x0000000008008f34       0x20 zephyr/libzephyr.a(log_core.c.obj)
 .text.log_backend_init
                0x0000000008008f54       0x14 zephyr/libzephyr.a(log_core.c.obj)
 .text.dummy_timestamp
                0x0000000008008f68        0x4 zephyr/libzephyr.a(log_core.c.obj)
 .text.msg_filter_check
                0x0000000008008f6c        0x4 zephyr/libzephyr.a(log_core.c.obj)
 .text.k_msleep
                0x0000000008008f70       0x20 zephyr/libzephyr.a(log_core.c.obj)
 .text.msg_alloc
                0x0000000008008f90        0xc zephyr/libzephyr.a(log_core.c.obj)
 .text.msg_free
                0x0000000008008f9c        0x8 zephyr/libzephyr.a(log_core.c.obj)
 .text.msg_pending
                0x0000000008008fa4        0x8 zephyr/libzephyr.a(log_core.c.obj)
 .text.z_log_vprintk
                0x0000000008008fac       0x1e zephyr/libzephyr.a(log_core.c.obj)
                0x0000000008008fac                z_log_vprintk
 .text.z_log_notify_drop
                0x0000000008008fca        0xa zephyr/libzephyr.a(log_core.c.obj)
 .text.z_log_msg_claim
                0x0000000008008fd4        0x8 zephyr/libzephyr.a(log_core.c.obj)
                0x0000000008008fd4                z_log_msg_claim
 .text.msg_commit
                0x0000000008008fdc        0xc zephyr/libzephyr.a(log_core.c.obj)
 .text.z_log_get_tag
                0x0000000008008fe8        0x4 zephyr/libzephyr.a(log_core.c.obj)
                0x0000000008008fe8                z_log_get_tag
 .text.log_backend_enable
                0x0000000008008fec       0x16 zephyr/libzephyr.a(log_mgmt.c.obj)
                0x0000000008008fec                log_backend_enable
 .text.z_cbprintf_cpy
                0x0000000008009002       0x32 zephyr/libzephyr.a(log_msg.c.obj)
 .text.z_log_msg_finalize
                0x0000000008009034       0x2e zephyr/libzephyr.a(log_msg.c.obj)
                0x0000000008009034                z_log_msg_finalize
 .text.z_log_msg_simple_create
                0x0000000008009062       0x62 zephyr/libzephyr.a(log_msg.c.obj)
 .text.z_impl_z_log_msg_simple_create_0
                0x00000000080090c4       0x14 zephyr/libzephyr.a(log_msg.c.obj)
                0x00000000080090c4                z_impl_z_log_msg_simple_create_0
 .text.z_impl_z_log_msg_simple_create_1
                0x00000000080090d8       0x16 zephyr/libzephyr.a(log_msg.c.obj)
                0x00000000080090d8                z_impl_z_log_msg_simple_create_1
 .text.z_impl_z_log_msg_simple_create_2
                0x00000000080090ee       0x1a zephyr/libzephyr.a(log_msg.c.obj)
                0x00000000080090ee                z_impl_z_log_msg_simple_create_2
 .text.z_log_msg_static_create
                0x0000000008009108        0x8 zephyr/libzephyr.a(log_msg.c.obj)
 .text.log_output_flush
                0x0000000008009110       0x2e zephyr/libzephyr.a(log_output.c.obj)
 .text.out_func
                0x000000000800913e       0x38 zephyr/libzephyr.a(log_output.c.obj)
 .text.cr_out_func
                0x0000000008009176       0x1e zephyr/libzephyr.a(log_output.c.obj)
 .text.color_prefix
                0x0000000008009194        0xc zephyr/libzephyr.a(log_output.c.obj)
 .text.color_postfix
                0x00000000080091a0        0xc zephyr/libzephyr.a(log_output.c.obj)
 .text.postfix_print
                0x00000000080091ac       0x18 zephyr/libzephyr.a(log_output.c.obj)
 .text.log_msg_hexdump
                0x00000000080091c4       0x36 zephyr/libzephyr.a(log_output.c.obj)
 .text.log_output_msg_process
                0x00000000080091fa       0x66 zephyr/libzephyr.a(log_output.c.obj)
                0x00000000080091fa                log_output_msg_process
 .text.log_output_flush
                0x0000000008009260       0x2e zephyr/libzephyr.a(log_backend_uart.c.obj)
 .text.format_set
                0x000000000800928e        0xc zephyr/libzephyr.a(log_backend_uart.c.obj)
 .text.log_backend_uart_init
                0x000000000800929a        0xc zephyr/libzephyr.a(log_backend_uart.c.obj)
 .text.panic    0x00000000080092a6       0x14 zephyr/libzephyr.a(log_backend_uart.c.obj)
 .text.dropped  0x00000000080092ba        0xe zephyr/libzephyr.a(log_backend_uart.c.obj)
 .text.process  0x00000000080092c8       0x1c zephyr/libzephyr.a(log_backend_uart.c.obj)
 .text.z_do_kernel_oops
                0x00000000080092e4        0xc zephyr/arch/arch/arm/core/libarch__arm__core.a(fatal.c.obj)
                0x00000000080092e4                z_do_kernel_oops
 .text.z_arm_nmi
                0x00000000080092f0        0xc zephyr/arch/arch/arm/core/libarch__arm__core.a(nmi.c.obj)
                0x00000000080092f0                z_arm_nmi
 .text.memory_fault_recoverable
                0x00000000080092fc        0x4 zephyr/arch/arch/arm/core/cortex_m/libarch__arm__core__cortex_m.a(fault.c.obj)
 .text.fault_handle
                0x0000000008009300       0x4a zephyr/arch/arch/arm/core/cortex_m/libarch__arm__core__cortex_m.a(fault.c.obj)
 .text.arm_irq_enable
                0x000000000800934a        0xa zephyr/arch/arch/arm/core/cortex_m/libarch__arm__core__cortex_m.a(irq_manage.c.obj)
                0x000000000800934a                arm_irq_enable
 .text.arm_irq_priority_set
                0x0000000008009354        0xc zephyr/arch/arch/arm/core/cortex_m/libarch__arm__core__cortex_m.a(irq_manage.c.obj)
                0x0000000008009354                arm_irq_priority_set
 .text.z_irq_spurious
                0x0000000008009360        0xc zephyr/arch/arch/arm/core/cortex_m/libarch__arm__core__cortex_m.a(irq_manage.c.obj)
                0x0000000008009360                z_irq_spurious
 .text.arch_irq_unlock_outlined
                0x000000000800936c        0xe zephyr/arch/arch/arm/core/cortex_m/libarch__arm__core__cortex_m.a(thread.c.obj)
                0x000000000800936c                arch_irq_unlock_outlined
 .text.arch_cpu_idle
                0x000000000800937a       0x1a zephyr/arch/arch/arm/core/cortex_m/libarch__arm__core__cortex_m.a(cpu_idle.c.obj)
                0x000000000800937a                arch_cpu_idle
 .text.mpu_partition_is_valid
                0x0000000008009394       0x22 zephyr/arch/arch/arm/core/mpu/libarch__arm__core__mpu.a(arm_mpu.c.obj)
 .text.mpu_configure_region
                0x00000000080093b6       0x3e zephyr/arch/arch/arm/core/mpu/libarch__arm__core__mpu.a(arm_mpu.c.obj)
 .text.mpu_configure_regions_from_dt
                0x00000000080093f4      0x1b0 zephyr/arch/arch/arm/core/mpu/libarch__arm__core__mpu.a(arm_mpu.c.obj)
 .text.arm_core_mpu_configure_static_mpu_regions
                0x00000000080095a4        0x8 zephyr/arch/arch/arm/core/mpu/libarch__arm__core__mpu.a(arm_mpu.c.obj)
                0x00000000080095a4                arm_core_mpu_configure_static_mpu_regions
 .text.arm_core_mpu_configure_dynamic_mpu_regions
                0x00000000080095ac        0x8 zephyr/arch/arch/arm/core/mpu/libarch__arm__core__mpu.a(arm_mpu.c.obj)
                0x00000000080095ac                arm_core_mpu_configure_dynamic_mpu_regions
 .text.cbputc   0x00000000080095b4        0xc zephyr/lib/libc/picolibc/liblib__libc__picolibc.a(cbprintf.c.obj)
 .text.picolibc_put
                0x00000000080095c0        0xa zephyr/lib/libc/picolibc/liblib__libc__picolibc.a(stdio.c.obj)
 .text.stm32_exti_init
                0x00000000080095ca       0x94 zephyr/drivers/interrupt_controller/libdrivers__interrupt_controller.a(intc_exti_stm32.c.obj)
 .text.stm32_gpio_intc_get_pin_irq_line
                0x000000000800965e        0x6 zephyr/drivers/interrupt_controller/libdrivers__interrupt_controller.a(intc_exti_stm32.c.obj)
                0x000000000800965e                stm32_gpio_intc_get_pin_irq_line
 .text.stm32_exti_set_line_src_port
                0x0000000008009664       0x1c zephyr/drivers/interrupt_controller/libdrivers__interrupt_controller.a(intc_exti_stm32.c.obj)
                0x0000000008009664                stm32_exti_set_line_src_port
 .text.stm32_exti_get_line_src_port
                0x0000000008009680       0x1a zephyr/drivers/interrupt_controller/libdrivers__interrupt_controller.a(intc_exti_stm32.c.obj)
                0x0000000008009680                stm32_exti_get_line_src_port
 .text.get_pll_div_frequency
                0x000000000800969a        0xe zephyr/drivers/clock_control/libdrivers__clock_control.a(clock_stm32_ll_common.c.obj)
 .text.get_bus_clock
                0x00000000080096a8        0x6 zephyr/drivers/clock_control/libdrivers__clock_control.a(clock_stm32_ll_common.c.obj)
 .text.stm32_clock_control_on
                0x00000000080096ae       0x44 zephyr/drivers/clock_control/libdrivers__clock_control.a(clock_stm32_ll_common.c.obj)
 .text.stm32_clock_control_off
                0x00000000080096f2       0x2e zephyr/drivers/clock_control/libdrivers__clock_control.a(clock_stm32_ll_common.c.obj)
 .text.enabled_clock
                0x0000000008009720       0x1e zephyr/drivers/clock_control/libdrivers__clock_control.a(clock_stm32_ll_common.c.obj)
                0x0000000008009720                enabled_clock
 .text.stm32_clock_control_configure
                0x000000000800973e       0x56 zephyr/drivers/clock_control/libdrivers__clock_control.a(clock_stm32_ll_common.c.obj)
 .text.stm32_clock_control_get_status
                0x0000000008009794       0x3a zephyr/drivers/clock_control/libdrivers__clock_control.a(clock_stm32_ll_common.c.obj)
 .text.config_regulator_voltage
                0x00000000080097ce        0x2 zephyr/drivers/clock_control/libdrivers__clock_control.a(clock_stm32_ll_common.c.obj)
                0x00000000080097ce                config_regulator_voltage
 .text.get_pll_source
                0x00000000080097d0        0x6 zephyr/drivers/clock_control/libdrivers__clock_control.a(clock_stm32f2_f4_f7.c.obj)
 .text.sys_slist_remove
                0x00000000080097d6       0x26 zephyr/drivers/gpio/libdrivers__gpio.a(gpio_stm32.c.obj)
 .text.sys_slist_find_and_remove
                0x00000000080097fc       0x20 zephyr/drivers/gpio/libdrivers__gpio.a(gpio_stm32.c.obj)
 .text.pm_device_driver_init
                0x000000000800981c       0x24 zephyr/drivers/gpio/libdrivers__gpio.a(gpio_stm32.c.obj)
 .text.gpio_manage_callback
                0x0000000008009840       0x3e zephyr/drivers/gpio/libdrivers__gpio.a(gpio_stm32.c.obj)
 .text.gpio_fire_callbacks
                0x000000000800987e       0x40 zephyr/drivers/gpio/libdrivers__gpio.a(gpio_stm32.c.obj)
 .text.gpio_stm32_isr
                0x00000000080098be       0x10 zephyr/drivers/gpio/libdrivers__gpio.a(gpio_stm32.c.obj)
 .text.gpio_stm32_flags_to_conf
                0x00000000080098ce       0xa8 zephyr/drivers/gpio/libdrivers__gpio.a(gpio_stm32.c.obj)
 .text.gpio_stm32_port_get_raw
                0x0000000008009976        0xc zephyr/drivers/gpio/libdrivers__gpio.a(gpio_stm32.c.obj)
 .text.gpio_stm32_port_set_masked_raw
                0x0000000008009982       0x12 zephyr/drivers/gpio/libdrivers__gpio.a(gpio_stm32.c.obj)
 .text.gpio_stm32_port_set_bits_raw
                0x0000000008009994        0xa zephyr/drivers/gpio/libdrivers__gpio.a(gpio_stm32.c.obj)
 .text.gpio_stm32_port_clear_bits_raw
                0x000000000800999e        0xc zephyr/drivers/gpio/libdrivers__gpio.a(gpio_stm32.c.obj)
 .text.gpio_stm32_port_toggle_bits
                0x00000000080099aa        0xe zephyr/drivers/gpio/libdrivers__gpio.a(gpio_stm32.c.obj)
 .text.gpio_stm32_manage_callback
                0x00000000080099b8        0xc zephyr/drivers/gpio/libdrivers__gpio.a(gpio_stm32.c.obj)
 .text.gpio_stm32_pm_action
                0x00000000080099c4       0x32 zephyr/drivers/gpio/libdrivers__gpio.a(gpio_stm32.c.obj)
 .text.LL_GPIO_SetPinMode
                0x00000000080099f6       0x3a zephyr/drivers/gpio/libdrivers__gpio.a(gpio_stm32.c.obj)
 .text.LL_GPIO_SetPinSpeed
                0x0000000008009a30       0x3a zephyr/drivers/gpio/libdrivers__gpio.a(gpio_stm32.c.obj)
 .text.LL_GPIO_SetPinPull
                0x0000000008009a6a       0x3a zephyr/drivers/gpio/libdrivers__gpio.a(gpio_stm32.c.obj)
 .text.LL_GPIO_SetAFPin_0_7
                0x0000000008009aa4       0x3a zephyr/drivers/gpio/libdrivers__gpio.a(gpio_stm32.c.obj)
 .text.LL_GPIO_SetAFPin_8_15
                0x0000000008009ade       0x3c zephyr/drivers/gpio/libdrivers__gpio.a(gpio_stm32.c.obj)
 .text.gpio_stm32_configure_raw
                0x0000000008009b1a       0x70 zephyr/drivers/gpio/libdrivers__gpio.a(gpio_stm32.c.obj)
 .text.gpio_stm32_config
                0x0000000008009b8a       0x98 zephyr/drivers/gpio/libdrivers__gpio.a(gpio_stm32.c.obj)
 .text.gpio_stm32_disable_pin_irqs
                0x0000000008009c22       0x30 zephyr/drivers/gpio/libdrivers__gpio.a(gpio_stm32.c.obj)
 .text.gpio_stm32_configure
                0x0000000008009c52       0x34 zephyr/drivers/gpio/libdrivers__gpio.a(gpio_stm32.c.obj)
                0x0000000008009c52                gpio_stm32_configure
 .text.timer_work_handler
                0x0000000008009c86        0x8 zephyr/drivers/lora/libloramac-node.a(hal_common.c.obj)
 .text.RtcGetMinimumTimeout
                0x0000000008009c8e        0x4 zephyr/drivers/lora/libloramac-node.a(hal_common.c.obj)
                0x0000000008009c8e                RtcGetMinimumTimeout
 .text.DelayMsMcu
                0x0000000008009c92       0x16 zephyr/drivers/lora/libloramac-node.a(hal_common.c.obj)
                0x0000000008009c92                DelayMsMcu
 .text.RtcMs2Tick
                0x0000000008009ca8        0x2 zephyr/drivers/lora/libloramac-node.a(hal_common.c.obj)
                0x0000000008009ca8                RtcMs2Tick
 .text.RtcTick2Ms
                0x0000000008009caa        0x2 zephyr/drivers/lora/libloramac-node.a(hal_common.c.obj)
                0x0000000008009caa                RtcTick2Ms
 .text.BoardCriticalSectionBegin
                0x0000000008009cac       0x12 zephyr/drivers/lora/libloramac-node.a(hal_common.c.obj)
                0x0000000008009cac                BoardCriticalSectionBegin
 .text.BoardCriticalSectionEnd
                0x0000000008009cbe        0xc zephyr/drivers/lora/libloramac-node.a(hal_common.c.obj)
                0x0000000008009cbe                BoardCriticalSectionEnd
 .text.z_impl_gpio_pin_configure
                0x0000000008009cca       0x50 zephyr/drivers/lora/libloramac-node.a(sx12xx_common.c.obj)
 .text.gpio_pin_configure_dt
                0x0000000008009d1a       0x16 zephyr/drivers/lora/libloramac-node.a(sx12xx_common.c.obj)
 .text.gpio_pin_interrupt_configure_dt
                0x0000000008009d30       0x10 zephyr/drivers/lora/libloramac-node.a(sx127x.c.obj)
 .text.z_impl_gpio_pin_configure
                0x0000000008009d40       0x50 zephyr/drivers/lora/libloramac-node.a(sx127x.c.obj)
 .text.gpio_pin_configure_dt
                0x0000000008009d90       0x16 zephyr/drivers/lora/libloramac-node.a(sx127x.c.obj)
 .text.gpio_port_get
                0x0000000008009da6       0x18 zephyr/drivers/lora/libloramac-node.a(sx127x.c.obj)
 .text.gpio_pin_get
                0x0000000008009dbe       0x20 zephyr/drivers/lora/libloramac-node.a(sx127x.c.obj)
 .text.gpio_pin_set_raw
                0x0000000008009dde       0x20 zephyr/drivers/lora/libloramac-node.a(sx127x.c.obj)
 .text.gpio_pin_set
                0x0000000008009dfe       0x1a zephyr/drivers/lora/libloramac-node.a(sx127x.c.obj)
 .text.gpio_add_callback
                0x0000000008009e18       0x14 zephyr/drivers/lora/libloramac-node.a(sx127x.c.obj)
 .text.spi_transceive_dt
                0x0000000008009e2c       0x16 zephyr/drivers/lora/libloramac-node.a(sx127x.c.obj)
 .text.spi_write_dt
                0x0000000008009e42       0x14 zephyr/drivers/lora/libloramac-node.a(sx127x.c.obj)
 .text.clamp_int8
                0x0000000008009e56       0x10 zephyr/drivers/lora/libloramac-node.a(sx127x.c.obj)
 .text.SX1276CheckRfFrequency
                0x0000000008009e66        0x4 zephyr/drivers/lora/libloramac-node.a(sx127x.c.obj)
                0x0000000008009e66                SX1276CheckRfFrequency
 .text.spi_is_ready_dt
                0x0000000008009e6a       0x1c zephyr/drivers/lora/libloramac-node.a(sx127x.c.obj)
 .text.SX1276GetBoardTcxoWakeupTime
                0x0000000008009e86        0x4 zephyr/drivers/lora/libloramac-node.a(sx127x.c.obj)
                0x0000000008009e86                SX1276GetBoardTcxoWakeupTime
 .text.SX1276SetBoardTcxo
                0x0000000008009e8a        0x2 zephyr/drivers/lora/libloramac-node.a(sx127x.c.obj)
                0x0000000008009e8a                SX1276SetBoardTcxo
 .text.sx127x_read
                0x0000000008009e8c        0xe zephyr/drivers/lora/libloramac-node.a(sx127x.c.obj)
                0x0000000008009e8c                sx127x_read
 .text.sx127x_write
                0x0000000008009e9a       0x12 zephyr/drivers/lora/libloramac-node.a(sx127x.c.obj)
                0x0000000008009e9a                sx127x_write
 .text.memcpy1  0x0000000008009eac       0x16 zephyr/drivers/lora/libloramac-node.a(utilities.c.obj)
                0x0000000008009eac                memcpy1
 .text.TimerSetTimeout
                0x0000000008009ec2       0x2c zephyr/drivers/lora/libloramac-node.a(timer.c.obj)
 .text.TimerInit
                0x0000000008009eee       0x12 zephyr/drivers/lora/libloramac-node.a(timer.c.obj)
                0x0000000008009eee                TimerInit
 .text.TimerSetValue
                0x0000000008009f00       0x22 zephyr/drivers/lora/libloramac-node.a(timer.c.obj)
                0x0000000008009f00                TimerSetValue
 .text.TimerGetCurrentTime
                0x0000000008009f22        0xc zephyr/drivers/lora/libloramac-node.a(timer.c.obj)
                0x0000000008009f22                TimerGetCurrentTime
 .text.TimerGetElapsedTime
                0x0000000008009f2e       0x20 zephyr/drivers/lora/libloramac-node.a(timer.c.obj)
                0x0000000008009f2e                TimerGetElapsedTime
 .text.DelayMs  0x0000000008009f4e        0x8 zephyr/drivers/lora/libloramac-node.a(delay.c.obj)
                0x0000000008009f4e                DelayMs
 .text.SX1276ConvertPllStepToFreqInHz
                0x0000000008009f56       0x16 zephyr/drivers/lora/libloramac-node.a(sx1276.c.obj)
 .text.SX1276GetGfskTimeOnAirNumerator
                0x0000000008009f6c       0x1e zephyr/drivers/lora/libloramac-node.a(sx1276.c.obj)
 .text.SX1276GetLoRaTimeOnAirNumerator
                0x0000000008009f8a       0xa2 zephyr/drivers/lora/libloramac-node.a(sx1276.c.obj)
 .text.SX1276ReadFifo
                0x000000000800a02c        0xe zephyr/drivers/lora/libloramac-node.a(sx1276.c.obj)
 .text.SX1276WriteFifo
                0x000000000800a03a        0xe zephyr/drivers/lora/libloramac-node.a(sx1276.c.obj)
 .text.SX1276GetTimeOnAir
                0x000000000800a048       0x64 zephyr/drivers/lora/libloramac-node.a(sx1276.c.obj)
                0x000000000800a048                SX1276GetTimeOnAir
 .text.SX1276Write
                0x000000000800a0ac       0x18 zephyr/drivers/lora/libloramac-node.a(sx1276.c.obj)
                0x000000000800a0ac                SX1276Write
 .text.SX1276Read
                0x000000000800a0c4       0x18 zephyr/drivers/lora/libloramac-node.a(sx1276.c.obj)
                0x000000000800a0c4                SX1276Read
 .text.SX1276SetOpMode
                0x000000000800a0dc       0x38 zephyr/drivers/lora/libloramac-node.a(sx1276.c.obj)
 .text.SX1276IsChannelFree
                0x000000000800a114       0x66 zephyr/drivers/lora/libloramac-node.a(sx1276.c.obj)
                0x000000000800a114                SX1276IsChannelFree
 .text.SX1276Random
                0x000000000800a17a       0x40 zephyr/drivers/lora/libloramac-node.a(sx1276.c.obj)
                0x000000000800a17a                SX1276Random
 .text.SX1276GetWakeupTime
                0x000000000800a1ba        0xa zephyr/drivers/lora/libloramac-node.a(sx1276.c.obj)
                0x000000000800a1ba                SX1276GetWakeupTime
 .text.pinctrl_lookup_state
                0x000000000800a1c4       0x32 zephyr/drivers/pinctrl/libdrivers__pinctrl.a(common.c.obj)
                0x000000000800a1c4                pinctrl_lookup_state
 .text.pinctrl_configure_pins
                0x000000000800a1f6       0x5e zephyr/drivers/pinctrl/libdrivers__pinctrl.a(pinctrl_stm32.c.obj)
                0x000000000800a1f6                pinctrl_configure_pins
 .text.reset_stm32_status
                0x000000000800a254       0x20 zephyr/drivers/reset/libdrivers__reset.a(reset_stm32.c.obj)
 .text.reset_stm32_line_assert
                0x000000000800a274       0x1e zephyr/drivers/reset/libdrivers__reset.a(reset_stm32.c.obj)
 .text.reset_stm32_line_deassert
                0x000000000800a292       0x20 zephyr/drivers/reset/libdrivers__reset.a(reset_stm32.c.obj)
 .text.reset_stm32_line_toggle
                0x000000000800a2b2       0x16 zephyr/drivers/reset/libdrivers__reset.a(reset_stm32.c.obj)
 .text.reset_line_toggle
                0x000000000800a2c8       0x12 zephyr/drivers/serial/libdrivers__serial.a(uart_stm32.c.obj)
 .text.uart_stm32_config_get
                0x000000000800a2da       0x94 zephyr/drivers/serial/libdrivers__serial.a(uart_stm32.c.obj)
 .text.uart_stm32_poll_in_visitor
                0x000000000800a36e       0x34 zephyr/drivers/serial/libdrivers__serial.a(uart_stm32.c.obj)
 .text.uart_stm32_poll_out_visitor
                0x000000000800a3a2       0x3a zephyr/drivers/serial/libdrivers__serial.a(uart_stm32.c.obj)
 .text.poll_in_u8
                0x000000000800a3dc        0x6 zephyr/drivers/serial/libdrivers__serial.a(uart_stm32.c.obj)
 .text.poll_out_u8
                0x000000000800a3e2        0x6 zephyr/drivers/serial/libdrivers__serial.a(uart_stm32.c.obj)
 .text.uart_stm32_err_check
                0x000000000800a3e8       0x98 zephyr/drivers/serial/libdrivers__serial.a(uart_stm32.c.obj)
 .text.uart_stm32_parameters_set
                0x000000000800a480      0x114 zephyr/drivers/serial/libdrivers__serial.a(uart_stm32.c.obj)
 .text.pinctrl_apply_state
                0x000000000800a594       0x20 zephyr/drivers/serial/libdrivers__serial.a(uart_stm32.c.obj)
 .text.uart_stm32_init
                0x000000000800a5b4       0x28 zephyr/drivers/serial/libdrivers__serial.a(uart_stm32.c.obj)
 .text.z_impl_gpio_pin_configure
                0x000000000800a5dc       0x50 zephyr/drivers/spi/libdrivers__spi.a(spi_ll_stm32.c.obj)
 .text.gpio_pin_configure_dt
                0x000000000800a62c       0x16 zephyr/drivers/spi/libdrivers__spi.a(spi_ll_stm32.c.obj)
 .text.gpio_pin_set_raw
                0x000000000800a642       0x20 zephyr/drivers/spi/libdrivers__spi.a(spi_ll_stm32.c.obj)
 .text.gpio_pin_set
                0x000000000800a662       0x1a zephyr/drivers/spi/libdrivers__spi.a(spi_ll_stm32.c.obj)
 .text.spi_context_get_next_buf
                0x000000000800a67c       0x2e zephyr/drivers/spi/libdrivers__spi.a(spi_ll_stm32.c.obj)
 .text.spi_context_buffers_setup
                0x000000000800a6aa       0x60 zephyr/drivers/spi/libdrivers__spi.a(spi_ll_stm32.c.obj)
 .text.spi_context_count_tx_buf_lens
                0x000000000800a70a       0x1a zephyr/drivers/spi/libdrivers__spi.a(spi_ll_stm32.c.obj)
 .text.spi_context_count_rx_buf_lens
                0x000000000800a724       0x1a zephyr/drivers/spi/libdrivers__spi.a(spi_ll_stm32.c.obj)
 .text.spi_stm32_send_next_frame
                0x000000000800a73e       0xa6 zephyr/drivers/spi/libdrivers__spi.a(spi_ll_stm32.c.obj)
 .text.spi_stm32_read_next_frame
                0x000000000800a7e4       0x9c zephyr/drivers/spi/libdrivers__spi.a(spi_ll_stm32.c.obj)
 .text.spi_stm32_transfer_ongoing
                0x000000000800a880       0x14 zephyr/drivers/spi/libdrivers__spi.a(spi_ll_stm32.c.obj)
 .text.spi_stm32_shift_fifo
                0x000000000800a894       0x36 zephyr/drivers/spi/libdrivers__spi.a(spi_ll_stm32.c.obj)
 .text.spi_stm32_shift_m
                0x000000000800a8ca       0x56 zephyr/drivers/spi/libdrivers__spi.a(spi_ll_stm32.c.obj)
 .text.spi_stm32_shift_s
                0x000000000800a920      0x134 zephyr/drivers/spi/libdrivers__spi.a(spi_ll_stm32.c.obj)
 .text.spi_stm32_half_duplex_switch_to_receive
                0x000000000800aa54       0x32 zephyr/drivers/spi/libdrivers__spi.a(spi_ll_stm32.c.obj)
 .text._spi_context_cs_control
                0x000000000800aa86       0x40 zephyr/drivers/spi/libdrivers__spi.a(spi_ll_stm32.c.obj)
 .text.spi_stm32_cs_control
                0x000000000800aac6        0xc zephyr/drivers/spi/libdrivers__spi.a(spi_ll_stm32.c.obj)
 .text.spi_context_unlock_unconditionally
                0x000000000800aad2       0x1e zephyr/drivers/spi/libdrivers__spi.a(spi_ll_stm32.c.obj)
 .text.spi_stm32_release
                0x000000000800aaf0       0x28 zephyr/drivers/spi/libdrivers__spi.a(spi_ll_stm32.c.obj)
 .text.spi_context_release
                0x000000000800ab18       0x1a zephyr/drivers/spi/libdrivers__spi.a(spi_ll_stm32.c.obj)
 .text.spi_stm32_complete
                0x000000000800ab32       0x8c zephyr/drivers/spi/libdrivers__spi.a(spi_ll_stm32.c.obj)
 .text.spi_context_lock
                0x000000000800abbe       0x3e zephyr/drivers/spi/libdrivers__spi.a(spi_ll_stm32.c.obj)
 .text.transceive
                0x000000000800abfc       0xe0 zephyr/drivers/spi/libdrivers__spi.a(spi_ll_stm32.c.obj)
 .text.spi_stm32_transceive
                0x000000000800acdc       0x14 zephyr/drivers/spi/libdrivers__spi.a(spi_ll_stm32.c.obj)
 .text.spi_stm32_shift_frames
                0x000000000800acf0       0x22 zephyr/drivers/spi/libdrivers__spi.a(spi_ll_stm32.c.obj)
 .text.spi_stm32_isr
                0x000000000800ad12       0x96 zephyr/drivers/spi/libdrivers__spi.a(spi_ll_stm32.c.obj)
 .text.pinctrl_apply_state
                0x000000000800ada8       0x20 zephyr/drivers/spi/libdrivers__spi.a(spi_ll_stm32.c.obj)
 .text.spi_stm32_irq_config_func_0
                0x000000000800adc8       0x14 zephyr/drivers/spi/libdrivers__spi.a(spi_ll_stm32.c.obj)
 .text.spi_stm32_irq_config_func_1
                0x000000000800addc       0x14 zephyr/drivers/spi/libdrivers__spi.a(spi_ll_stm32.c.obj)
 .text.z_impl_k_busy_wait
                0x000000000800adf0       0x20 zephyr/kernel/libkernel.a(busy_wait.c.obj)
                0x000000000800adf0                z_impl_k_busy_wait
 .text.z_impl_device_is_ready
                0x000000000800ae10       0x20 zephyr/kernel/libkernel.a(device.c.obj)
                0x000000000800ae10                z_impl_device_is_ready
 .text.arch_system_halt
                0x000000000800ae30       0x10 zephyr/kernel/libkernel.a(fatal.c.obj)
                0x000000000800ae30                arch_system_halt
 .text.do_device_init
                0x000000000800ae40       0x2e zephyr/kernel/libkernel.a(init.c.obj)
 .text.z_early_memset
                0x000000000800ae6e        0x8 zephyr/kernel/libkernel.a(init.c.obj)
                0x000000000800ae6e                z_early_memset
 .text.z_early_memcpy
                0x000000000800ae76        0x8 zephyr/kernel/libkernel.a(init.c.obj)
                0x000000000800ae76                z_early_memcpy
 .text.idle     0x000000000800ae7e       0x16 zephyr/kernel/libkernel.a(idle.c.obj)
                0x000000000800ae7e                idle
 .text.arch_spin_relax
                0x000000000800ae94        0x4 zephyr/kernel/libkernel.a(idle.c.obj)
                0x000000000800ae94                arch_spin_relax
 .text.z_impl_k_sem_init
                0x000000000800ae98       0x26 zephyr/kernel/libkernel.a(sem.c.obj)
                0x000000000800ae98                z_impl_k_sem_init
 .text.sys_slist_remove
                0x000000000800aebe       0x26 zephyr/kernel/libkernel.a(work.c.obj)
 .text.notify_queue_locked
                0x000000000800aee4       0x14 zephyr/kernel/libkernel.a(work.c.obj)
 .text.submit_to_queue_locked
                0x000000000800aef8       0x60 zephyr/kernel/libkernel.a(work.c.obj)
 .text.z_reschedule_unlocked
                0x000000000800af58       0x16 zephyr/kernel/libkernel.a(work.c.obj)
 .text.finalize_flush_locked
                0x000000000800af6e       0x12 zephyr/kernel/libkernel.a(work.c.obj)
 .text.k_work_init
                0x000000000800af80        0xe zephyr/kernel/libkernel.a(work.c.obj)
                0x000000000800af80                k_work_init
 .text.z_work_submit_to_queue
                0x000000000800af8e       0x28 zephyr/kernel/libkernel.a(work.c.obj)
                0x000000000800af8e                z_work_submit_to_queue
 .text.k_work_submit_to_queue
                0x000000000800afb6       0x14 zephyr/kernel/libkernel.a(work.c.obj)
                0x000000000800afb6                k_work_submit_to_queue
 .text.setup_thread_stack
                0x000000000800afca       0x4c zephyr/kernel/libkernel.a(thread.c.obj)
 .text.k_is_in_isr
                0x000000000800b016        0xc zephyr/kernel/libkernel.a(thread.c.obj)
                0x000000000800b016                k_is_in_isr
 .text.k_thread_name_get
                0x000000000800b022        0x4 zephyr/kernel/libkernel.a(thread.c.obj)
                0x000000000800b022                k_thread_name_get
 .text.z_init_thread_base
                0x000000000800b026       0x16 zephyr/kernel/libkernel.a(thread.c.obj)
                0x000000000800b026                z_init_thread_base
 .text.z_impl_k_thread_create
                0x000000000800b03c       0x44 zephyr/kernel/libkernel.a(thread.c.obj)
                0x000000000800b03c                z_impl_k_thread_create
 .text.thread_active_elsewhere
                0x000000000800b080        0x4 zephyr/kernel/libkernel.a(sched.c.obj)
 .text.add_to_waitq_locked
                0x000000000800b084       0x64 zephyr/kernel/libkernel.a(sched.c.obj)
 .text.z_abort_thread_timeout
                0x000000000800b0e8        0xa zephyr/kernel/libkernel.a(sched.c.obj)
 .text.unpend_all
                0x000000000800b0f2       0x46 zephyr/kernel/libkernel.a(sched.c.obj)
 .text.pend_locked
                0x000000000800b138       0x18 zephyr/kernel/libkernel.a(sched.c.obj)
 .text.z_ready_thread
                0x000000000800b150       0x36 zephyr/kernel/libkernel.a(sched.c.obj)
                0x000000000800b150                z_ready_thread
 .text.z_unpend_thread_no_timeout
                0x000000000800b186       0x40 zephyr/kernel/libkernel.a(sched.c.obj)
                0x000000000800b186                z_unpend_thread_no_timeout
 .text.z_sched_wake_thread
                0x000000000800b1c6       0x5a zephyr/kernel/libkernel.a(sched.c.obj)
                0x000000000800b1c6                z_sched_wake_thread
 .text.z_thread_timeout
                0x000000000800b220        0xc zephyr/kernel/libkernel.a(sched.c.obj)
                0x000000000800b220                z_thread_timeout
 .text.z_unpend1_no_timeout
                0x000000000800b22c       0x4a zephyr/kernel/libkernel.a(sched.c.obj)
                0x000000000800b22c                z_unpend1_no_timeout
 .text.z_unpend_thread
                0x000000000800b276       0x12 zephyr/kernel/libkernel.a(sched.c.obj)
                0x000000000800b276                z_unpend_thread
 .text.z_reschedule_unlocked
                0x000000000800b288       0x16 zephyr/kernel/libkernel.a(sched.c.obj)
 .text.z_unpend_all
                0x000000000800b29e       0x2e zephyr/kernel/libkernel.a(sched.c.obj)
                0x000000000800b29e                z_unpend_all
 .text.init_ready_q
                0x000000000800b2cc        0x8 zephyr/kernel/libkernel.a(sched.c.obj)
                0x000000000800b2cc                init_ready_q
 .text.z_sched_wake
                0x000000000800b2d4       0x6c zephyr/kernel/libkernel.a(sched.c.obj)
                0x000000000800b2d4                z_sched_wake
 .text.remove_timeout
                0x000000000800b340       0x2e zephyr/kernel/libkernel.a(timeout.c.obj)
 .text.next_timeout
                0x000000000800b36e       0x36 zephyr/kernel/libkernel.a(timeout.c.obj)
 .text.z_abort_timeout
                0x000000000800b3a4       0x5e zephyr/kernel/libkernel.a(timeout.c.obj)
                0x000000000800b3a4                z_abort_timeout
 .text.sys_clock_tick_get_32
                0x000000000800b402        0x8 zephyr/kernel/libkernel.a(timeout.c.obj)
                0x000000000800b402                sys_clock_tick_get_32
 .text.z_impl_k_uptime_ticks
                0x000000000800b40a        0x8 zephyr/kernel/libkernel.a(timeout.c.obj)
                0x000000000800b40a                z_impl_k_uptime_ticks
 .text.z_reschedule_unlocked
                0x000000000800b412       0x16 zephyr/kernel/libkernel.a(timer.c.obj)
 .text.k_timer_init
                0x000000000800b428       0x18 zephyr/kernel/libkernel.a(timer.c.obj)
                0x000000000800b428                k_timer_init
 .text.z_impl_k_timer_stop
                0x000000000800b440       0x26 zephyr/kernel/libkernel.a(timer.c.obj)
                0x000000000800b440                z_impl_k_timer_stop
 .text.is_condition_met
                0x000000000800b466       0x80 zephyr/kernel/libkernel.a(poll.c.obj)
 .text.poller_thread
                0x000000000800b4e6        0x8 zephyr/kernel/libkernel.a(poll.c.obj)
 .text.add_event
                0x000000000800b4ee       0x9a zephyr/kernel/libkernel.a(poll.c.obj)
 .text.register_event
                0x000000000800b588       0x6c zephyr/kernel/libkernel.a(poll.c.obj)
 .text.clear_event_registrations
                0x000000000800b5f4       0x34 zephyr/kernel/libkernel.a(poll.c.obj)
 .text.register_events
                0x000000000800b628       0x80 zephyr/kernel/libkernel.a(poll.c.obj)
 .text.signal_poller
                0x000000000800b6a8       0x3c zephyr/kernel/libkernel.a(poll.c.obj)
 .text.signal_triggered_work
                0x000000000800b6e4       0x2a zephyr/kernel/libkernel.a(poll.c.obj)
 .text.signal_poll_event
                0x000000000800b70e       0x44 zephyr/kernel/libkernel.a(poll.c.obj)
 .text.z_handle_obj_poll_events
                0x000000000800b752       0x3e zephyr/kernel/libkernel.a(poll.c.obj)
                0x000000000800b752                z_handle_obj_poll_events
 .text.z_alloc_helper
                0x000000000800b790       0x3a zephyr/kernel/libkernel.a(mempool.c.obj)
 .text.k_free   0x000000000800b7ca       0x12 zephyr/kernel/libkernel.a(mempool.c.obj)
                0x000000000800b7ca                k_free
 .text.k_heap_init
                0x000000000800b7dc       0x10 zephyr/kernel/libkernel.a(kheap.c.obj)
                0x000000000800b7dc                k_heap_init
 .text.k_heap_free
                0x000000000800b7ec       0x38 zephyr/kernel/libkernel.a(kheap.c.obj)
                0x000000000800b7ec                k_heap_free
 .text.memcpy   0x000000000800b824       0x1c c:\users\zainsiddiqui\.zephyr_ide\toolchains\zephyr-sdk-0.17.0\arm-zephyr-eabi\bin\../lib/gcc/../../picolibc/arm-zephyr-eabi/lib/thumb/v7e-m/nofp\libc.a(memcpy.c.o)
                0x000000000800b824                __aeabi_memcpy
                0x000000000800b824                __aeabi_memcpy4
                0x000000000800b824                __aeabi_memcpy8
                0x000000000800b824                memcpy
 .text.memset   0x000000000800b840       0x10 c:\users\zainsiddiqui\.zephyr_ide\toolchains\zephyr-sdk-0.17.0\arm-zephyr-eabi\bin\../lib/gcc/../../picolibc/arm-zephyr-eabi/lib/thumb/v7e-m/nofp\libc.a(memset.c.o)
                0x000000000800b840                memset
 .text.strncpy  0x000000000800b850       0x20 c:\users\zainsiddiqui\.zephyr_ide\toolchains\zephyr-sdk-0.17.0\arm-zephyr-eabi\bin\../lib/gcc/../../picolibc/arm-zephyr-eabi/lib/thumb/v7e-m/nofp\libc.a(libc_string_strncpy.c.o)
                0x000000000800b850                strncpy
 .text.strnlen  0x000000000800b870       0x18 c:\users\zainsiddiqui\.zephyr_ide\toolchains\zephyr-sdk-0.17.0\arm-zephyr-eabi\bin\../lib/gcc/../../picolibc/arm-zephyr-eabi/lib/thumb/v7e-m/nofp\libc.a(libc_string_strnlen.c.o)
                0x000000000800b870                strnlen
 .text.__ultoa_invert
                0x000000000800b888       0xae c:\users\zainsiddiqui\.zephyr_ide\toolchains\zephyr-sdk-0.17.0\arm-zephyr-eabi\bin\../lib/gcc/../../picolibc/arm-zephyr-eabi/lib/thumb/v7e-m/nofp\libc.a(libc_tinystdio_vflprintf.c.o)
 .text.__file_str_put