Archive member included to satisfy reference by file (symbol)

app/libapp.a(main.c.obj)      (--whole-archive)
app/libapp.a(mesh_handler.c.obj)
                              (--whole-archive)
zephyr/libzephyr.a(heap.c.obj)
                              (--whole-archive)
zephyr/libzephyr.a(cbprintf_packaged.c.obj)
                              (--whole-archive)
zephyr/libzephyr.a(clock.c.obj)
                              (--whole-archive)
zephyr/libzephyr.a(printk.c.obj)
                              (--whole-archive)
zephyr/libzephyr.a(sem.c.obj)
                              (--whole-archive)
zephyr/libzephyr.a(thread_entry.c.obj)
                              (--whole-archive)
zephyr/libzephyr.a(cbprintf_complete.c.obj)
                              (--whole-archive)
zephyr/libzephyr.a(assert.c.obj)
                              (--whole-archive)
zephyr/libzephyr.a(mpsc_pbuf.c.obj)
                              (--whole-archive)
zephyr/libzephyr.a(dec.c.obj)
                              (--whole-archive)
zephyr/libzephyr.a(hex.c.obj)
                              (--whole-archive)
zephyr/libzephyr.a(rb.c.obj)  (--whole-archive)
zephyr/libzephyr.a(timeutil.c.obj)
                              (--whole-archive)
zephyr/libzephyr.a(bitarray.c.obj)
                              (--whole-archive)
zephyr/libzephyr.a(ring_buffer.c.obj)
                              (--whole-archive)
zephyr/libzephyr.a(last_section_id.c.obj)
                              (--whole-archive)
zephyr/libzephyr.a(configs.c.obj)
                              (--whole-archive)
zephyr/libzephyr.a(stm32cube_hal.c.obj)
                              (--whole-archive)
zephyr/libzephyr.a(soc_config.c.obj)
                              (--whole-archive)
zephyr/libzephyr.a(stm32_backup_domain.c.obj)
                              (--whole-archive)
zephyr/libzephyr.a(soc.c.obj)
                              (--whole-archive)
zephyr/libzephyr.a(thread_info.c.obj)
                              (--whole-archive)
zephyr/libzephyr.a(log_core.c.obj)
                              (--whole-archive)
zephyr/libzephyr.a(log_mgmt.c.obj)
                              (--whole-archive)
zephyr/libzephyr.a(log_cache.c.obj)
                              (--whole-archive)
zephyr/libzephyr.a(log_msg.c.obj)
                              (--whole-archive)
zephyr/libzephyr.a(log_output.c.obj)
                              (--whole-archive)
zephyr/libzephyr.a(log_backend_uart.c.obj)
                              (--whole-archive)
zephyr/libzephyr.a(mem_attr.c.obj)
                              (--whole-archive)
zephyr/libzephyr.a(tracing_none.c.obj)
                              (--whole-archive)
zephyr/arch/common/libarch__common.a(sw_isr_common.c.obj)
                              (--whole-archive)
zephyr/arch/arch/arm/core/libarch__arm__core.a(fatal.c.obj)
                              (--whole-archive)
zephyr/arch/arch/arm/core/libarch__arm__core.a(nmi.c.obj)
                              (--whole-archive)
zephyr/arch/arch/arm/core/libarch__arm__core.a(nmi_on_reset.S.obj)
                              (--whole-archive)
zephyr/arch/arch/arm/core/libarch__arm__core.a(tls.c.obj)
                              (--whole-archive)
zephyr/arch/arch/arm/core/cortex_m/libarch__arm__core__cortex_m.a(exc_exit.c.obj)
                              (--whole-archive)
zephyr/arch/arch/arm/core/cortex_m/libarch__arm__core__cortex_m.a(fault.c.obj)
                              (--whole-archive)
zephyr/arch/arch/arm/core/cortex_m/libarch__arm__core__cortex_m.a(fault_s.S.obj)
                              (--whole-archive)
zephyr/arch/arch/arm/core/cortex_m/libarch__arm__core__cortex_m.a(fpu.c.obj)
                              (--whole-archive)
zephyr/arch/arch/arm/core/cortex_m/libarch__arm__core__cortex_m.a(reset.S.obj)
                              (--whole-archive)
zephyr/arch/arch/arm/core/cortex_m/libarch__arm__core__cortex_m.a(scb.c.obj)
                              (--whole-archive)
zephyr/arch/arch/arm/core/cortex_m/libarch__arm__core__cortex_m.a(thread_abort.c.obj)
                              (--whole-archive)
zephyr/arch/arch/arm/core/cortex_m/libarch__arm__core__cortex_m.a(vector_table.S.obj)
                              (--whole-archive)
zephyr/arch/arch/arm/core/cortex_m/libarch__arm__core__cortex_m.a(swap_helper.S.obj)
                              (--whole-archive)
zephyr/arch/arch/arm/core/cortex_m/libarch__arm__core__cortex_m.a(irq_manage.c.obj)
                              (--whole-archive)
zephyr/arch/arch/arm/core/cortex_m/libarch__arm__core__cortex_m.a(prep_c.c.obj)
                              (--whole-archive)
zephyr/arch/arch/arm/core/cortex_m/libarch__arm__core__cortex_m.a(thread.c.obj)
                              (--whole-archive)
zephyr/arch/arch/arm/core/cortex_m/libarch__arm__core__cortex_m.a(cpu_idle.c.obj)
                              (--whole-archive)
zephyr/arch/arch/arm/core/cortex_m/libarch__arm__core__cortex_m.a(irq_init.c.obj)
[...]
Memory Configuration

Name             Origin             Length             Attributes
FLASH            0x0000000008000000 0x0000000000080000 xr
RAM              0x0000000020000000 0x0000000000018000 xw
IDT_LIST         0x00000000ffff7fff 0x0000000000008000 xw
*default*        0x0000000000000000 0xffffffffffffffff

Linker script and memory map

                0x0000000008007ccc                vfprintf = __l_vfprintf
                0x0000000000000000                vfscanf = __l_vfscanf
LOAD zephyr/CMakeFiles/zephyr_pre0.dir/misc/empty_file.c.obj
LOAD zephyr/CMakeFiles/offsets.dir/./arch/arm/core/offsets/offsets.c.obj
LOAD app/libapp.a
LOAD zephyr/libzephyr.a
LOAD zephyr/arch/common/libarch__common.a
LOAD zephyr/arch/arch/arm/core/libarch__arm__core.a
LOAD zephyr/arch/arch/arm/core/cortex_m/libarch__arm__core__cortex_m.a
LOAD zephyr/arch/arch/arm/core/mpu/libarch__arm__core__mpu.a
LOAD zephyr/lib/libc/picolibc/liblib__libc__picolibc.a
LOAD zephyr/lib/libc/common/liblib__libc__common.a
LOAD zephyr/subsys/random/libsubsys__random.a
LOAD zephyr/drivers/interrupt_controller/libdrivers__interrupt_controller.a
LOAD zephyr/drivers/clock_control/libdrivers__clock_control.a
LOAD zephyr/drivers/console/libdrivers__console.a
LOAD zephyr/drivers/gpio/libdrivers__gpio.a
LOAD zephyr/drivers/lora/libloramac-node.a
LOAD zephyr/drivers/pinctrl/libdrivers__pinctrl.a
LOAD zephyr/drivers/reset/libdrivers__reset.a
LOAD zephyr/drivers/serial/libdrivers__serial.a
LOAD zephyr/drivers/spi/libdrivers__spi.a
LOAD zephyr/drivers/timer/libdrivers__timer.a
LOAD modules/hal_stm32/stm32cube/lib..__modules__hal__stm32__stm32cube.a
LOAD zephyr/kernel/libkernel.a
LOAD zephyr/arch/common/libisr_tables.a
LOAD c:\users\zainsiddiqui\.zephyr_ide\toolchains\zephyr-sdk-0.17.0\arm-zephyr-eabi\bin\../lib/gcc/../../picolibc/arm-zephyr-eabi/lib/thumb/v7e-m/nofp\libc.a
LOAD c:/users/zainsiddiqui/.zephyr_ide/toolchains/zephyr-sdk-0.17.0/arm-zephyr-eabi/bin/../lib/gcc/arm-zephyr-eabi/12.2.0/thumb/v7e-m/nofp\libgcc.a
                0x0000000000000020                _region_min_align = 0x20

.rel.plt        0x0000000008000000        0x0
 *(SORT_BY_ALIGNMENT(.rel.plt))
                [!provide]                        PROVIDE (__rel_iplt_start = .)
 *(SORT_BY_ALIGNMENT(.rel.iplt))
 .rel.iplt      0x0000000008000000        0x0 app/libapp.a(main.c.obj)
                [!provide]                        PROVIDE (__rel_iplt_end = .)

.rela.plt       0x0000000000000000        0x0
 *(SORT_BY_ALIGNMENT(.rela.plt))
                [!provide]                        PROVIDE (__rela_iplt_start = .)
 *(SORT_BY_ALIGNMENT(.rela.iplt))
                [!provide]                        PROVIDE (__rela_iplt_end = .)

.rel.dyn
 *(SORT_BY_ALIGNMENT(.rel.*))

.rela.dyn
 *(SORT_BY_ALIGNMENT(.rela.*))

/DISCARD/
 *(SORT_BY_ALIGNMENT(.plt))

/DISCARD/
 *(SORT_BY_ALIGNMENT(.iplt))
                0x0000000008000000                __rom_region_start = 0x8000000

rom_start       0x0000000008000000      0x194
                0x0000000008000000                __rom_start_address = .
 FILL mask 0x00
                0x0000000008000000                . = (. + (0x0 - (. - __rom_start_address)))
                0x0000000008000000                . = ALIGN (0x4)
                0x0000000008000000                . = ALIGN (0x80)
                0x0000000008000000                . = ALIGN (0x200)
                0x0000000008000000                _vector_start = .
 *(SORT_BY_ALIGNMENT(.exc_vector_table))
 *(SORT_BY_ALIGNMENT(.exc_vector_table.*))
 .exc_vector_table._vector_table_section
                0x0000000008000000       0x40 zephyr/arch/arch/arm/core/cortex_m/libarch__arm__core__cortex_m.a(vector_table.S.obj)
                0x0000000008000000                _vector_table
 *(SORT_BY_ALIGNMENT(.vectors))
                0x0000000008000194                _vector_end = .
                0x0000000008000040                . = ALIGN (0x4)
 *(SORT_BY_ALIGNMENT(.gnu.linkonce.irq_vector_table*))
 .gnu.linkonce.irq_vector_table
                0x0000000008000040      0x154 zephyr/arch/common/libisr_tables.a(isr_tables.c.obj)
                0x0000000008000040                _irq_vector_table
                0x0000000008000194                _vector_end = .

text            0x0000000008000194     0xb4f4
                0x0000000008000194                __text_region_start = .
 *(SORT_BY_ALIGNMENT(.text))
 .text          0x0000000008000194       0x30 c:/users/zainsiddiqui/.zephyr_ide/toolchains/zephyr-sdk-0.17.0/arm-zephyr-eabi/bin/../lib/gcc/arm-zephyr-eabi/12.2.0/thumb/v7e-m/nofp\libgcc.a(_aeabi_uldivmod.o)
                0x0000000008000194                __aeabi_uldivmod
 .text          0x00000000080001c4        0x4 c:/users/zainsiddiqui/.zephyr_ide/toolchains/zephyr-sdk-0.17.0/arm-zephyr-eabi/bin/../lib/gcc/arm-zephyr-eabi/12.2.0/thumb/v7e-m/nofp\libgcc.a(_dvmd_tls.o)
                0x00000000080001c4                __aeabi_idiv0
                0x00000000080001c4                __aeabi_ldiv0
 .text          0x00000000080001c8       0x10 c:\users\zainsiddiqui\.zephyr_ide\toolchains\zephyr-sdk-0.17.0\arm-zephyr-eabi\bin\../lib/gcc/../../picolibc/arm-zephyr-eabi/lib/thumb/v7e-m/nofp\libc.a(strlen.S.o)
                0x00000000080001c8                strlen
 .text          0x00000000080001d8      0x2a0 c:/users/zainsiddiqui/.zephyr_ide/toolchains/zephyr-sdk-0.17.0/arm-zephyr-eabi/bin/../lib/gcc/arm-zephyr-eabi/12.2.0/thumb/v7e-m/nofp\libgcc.a(_udivmoddi4.o)
                0x00000000080001d8                __udivmoddi4
 *(SORT_BY_ALIGNMENT(.text.*))
 .text.payload_handler
                0x0000000008000478       0xc0 app/libapp.a(main.c.obj)
                0x0000000008000478                payload_handler
 .text.main     0x0000000008000538       0x68 app/libapp.a(main.c.obj)
                0x0000000008000538                main
 .text.seen_before
                0x00000000080005a0       0x2c app/libapp.a(mesh_handler.c.obj)
 .text.add_to_cache
                0x00000000080005cc       0x30 app/libapp.a(mesh_handler.c.obj)
 .text.configure_tx
                0x00000000080005fc       0x48 app/libapp.a(mesh_handler.c.obj)
 .text.configure_rx
                0x0000000008000644       0x50 app/libapp.a(mesh_handler.c.obj)
 .text.mesh_receive_cb
                0x0000000008000694      0x164 app/libapp.a(mesh_handler.c.obj)
                0x0000000008000694                mesh_receive_cb
 .text.mesh_send_msg
                0x00000000080007f8      0x170 app/libapp.a(mesh_handler.c.obj)
                0x00000000080007f8                mesh_send_msg
 .text.tx_task  0x0000000008000968       0x48 app/libapp.a(mesh_handler.c.obj)
                0x0000000008000968                tx_task
 .text.mesh_init
                0x00000000080009b0       0x60 app/libapp.a(mesh_handler.c.obj)
                0x00000000080009b0                mesh_init
 .text.mesh_enqueue_tx
                0x0000000008000a10       0x1c app/libapp.a(mesh_handler.c.obj)
                0x0000000008000a10                mesh_enqueue_tx
 .text.cbvprintf_package
                0x0000000008000a2c      0x4b4 zephyr/libzephyr.a(cbprintf_packaged.c.obj)
                0x0000000008000a2c                cbvprintf_package
 .text.cbprintf_package_convert
                0x0000000008000ee0      0x4c4 zephyr/libzephyr.a(cbprintf_packaged.c.obj)
                0x0000000008000ee0                cbprintf_package_convert
 .text.__printk_hook_install
                0x00000000080013a4        0xc zephyr/libzephyr.a(printk.c.obj)
                0x00000000080013a4                __printk_hook_install
 .text.z_thread_entry
                0x00000000080013b0       0x34 zephyr/libzephyr.a(thread_entry.c.obj)
                0x00000000080013b0                z_thread_entry
 .text.st_stm32_common_config
                0x00000000080013e4       0x14 zephyr/libzephyr.a(soc_config.c.obj)
 .text.soc_early_init_hook
                0x00000000080013f8       0x30 zephyr/libzephyr.a(soc.c.obj)
                0x00000000080013f8                soc_early_init_hook
 .text.msg_process
                0x0000000008001428       0x3c zephyr/libzephyr.a(log_core.c.obj)
 .text.log_backend_notify_all
                0x0000000008001464       0x30 zephyr/libzephyr.a(log_core.c.obj)
 .text.default_lf_get_timestamp
                0x0000000008001494       0x48 zephyr/libzephyr.a(log_core.c.obj)
 .text.activate_foreach_backend
                0x00000000080014dc       0x64 zephyr/libzephyr.a(log_core.c.obj)
 .text.z_log_init
                0x0000000008001540       0x94 zephyr/libzephyr.a(log_core.c.obj)
 .text.thread_set
                0x00000000080015d4       0x28 zephyr/libzephyr.a(log_core.c.obj)
 .text.log_process_thread_timer_expiry_fn
                0x00000000080015fc       0x10 zephyr/libzephyr.a(log_core.c.obj)
 .text.enable_logger
                0x000000000800160c       0x5c zephyr/libzephyr.a(log_core.c.obj)
 .text.log_format_func_t_get
                0x0000000008001668        0xc zephyr/libzephyr.a(log_core.c.obj)
                0x0000000008001668                log_format_func_t_get
 .text.log_set_timestamp_func
                0x0000000008001674       0x24 zephyr/libzephyr.a(log_core.c.obj)
                0x0000000008001674                log_set_timestamp_func
 .text.z_log_notify_backend_enabled
                0x0000000008001698       0x20 zephyr/libzephyr.a(log_core.c.obj)
                0x0000000008001698                z_log_notify_backend_enabled
 .text.z_log_dropped
                0x00000000080016b8       0x54 zephyr/libzephyr.a(log_core.c.obj)
                0x00000000080016b8                z_log_dropped
 .text.z_log_dropped_read_and_clear
                0x000000000800170c       0x20 zephyr/libzephyr.a(log_core.c.obj)
                0x000000000800170c                z_log_dropped_read_and_clear
 .text.dropped_notify
                0x000000000800172c       0x38 zephyr/libzephyr.a(log_core.c.obj)
                0x000000000800172c                dropped_notify
 .text.z_log_dropped_pending
                0x0000000008001764       0x14 zephyr/libzephyr.a(log_core.c.obj)
                0x0000000008001764                z_log_dropped_pending
 .text.z_log_msg_init
                0x0000000008001778       0x20 zephyr/libzephyr.a(log_core.c.obj)
                0x0000000008001778                z_log_msg_init
 .text.log_core_init
                0x0000000008001798       0x50 zephyr/libzephyr.a(log_core.c.obj)
                0x0000000008001798                log_core_init
 .text.z_log_msg_alloc
                0x00000000080017e8       0x10 zephyr/libzephyr.a(log_core.c.obj)
                0x00000000080017e8                z_log_msg_alloc
 .text.z_log_msg_local_claim
                0x00000000080017f8       0x10 zephyr/libzephyr.a(log_core.c.obj)
                0x00000000080017f8                z_log_msg_local_claim
 .text.z_log_msg_free
                0x0000000008001808       0x14 zephyr/libzephyr.a(log_core.c.obj)
                0x0000000008001808                z_log_msg_free
 .text.z_log_msg_pending
                0x000000000800181c       0x10 zephyr/libzephyr.a(log_core.c.obj)
                0x000000000800181c                z_log_msg_pending
 .text.z_impl_log_process
                0x000000000800182c       0xd0 zephyr/libzephyr.a(log_core.c.obj)
                0x000000000800182c                z_impl_log_process
 .text.z_impl_log_panic
                0x00000000080018fc       0x4c zephyr/libzephyr.a(log_core.c.obj)
                0x00000000080018fc                z_impl_log_panic
 .text.z_log_msg_post_finalize
                0x0000000008001948       0x84 zephyr/libzephyr.a(log_core.c.obj)
 .text.z_log_msg_commit
                0x00000000080019cc       0x20 zephyr/libzephyr.a(log_core.c.obj)
                0x00000000080019cc                z_log_msg_commit
 .text.log_process_thread_func
                0x00000000080019ec       0x78 zephyr/libzephyr.a(log_core.c.obj)
 .text.log_src_cnt_get
                0x0000000008001a64       0x14 zephyr/libzephyr.a(log_mgmt.c.obj)
                0x0000000008001a64                log_src_cnt_get
 .text.log_source_name_get
                0x0000000008001a78       0x1c zephyr/libzephyr.a(log_mgmt.c.obj)
                0x0000000008001a78                log_source_name_get
 .text.cbprintf_package_copy
                0x0000000008001a94       0x30 zephyr/libzephyr.a(log_msg.c.obj)
 .text.z_impl_z_log_msg_static_create
                0x0000000008001ac4      0x158 zephyr/libzephyr.a(log_msg.c.obj)
                0x0000000008001ac4                z_impl_z_log_msg_static_create
 .text.z_log_msg_runtime_vcreate
                0x0000000008001c1c       0xac zephyr/libzephyr.a(log_msg.c.obj)
                0x0000000008001c1c                z_log_msg_runtime_vcreate
 .text.log_msg_get_source_id
                0x0000000008001cc8       0x18 zephyr/libzephyr.a(log_msg.c.obj)
                0x0000000008001cc8                log_msg_get_source_id
 .text.print_formatted
                0x0000000008001ce0       0x24 zephyr/libzephyr.a(log_output.c.obj)
 .text.timestamp_print
                0x0000000008001d04       0x8c zephyr/libzephyr.a(log_output.c.obj)
 .text.color_print
                0x0000000008001d90       0x2c zephyr/libzephyr.a(log_output.c.obj)
 .text.ids_print
                0x0000000008001dbc       0x70 zephyr/libzephyr.a(log_output.c.obj)
 .text.prefix_print
                0x0000000008001e2c       0x88 zephyr/libzephyr.a(log_output.c.obj)
 .text.newline_print
                0x0000000008001eb4       0x28 zephyr/libzephyr.a(log_output.c.obj)
 .text.hexdump_line_print
                0x0000000008001edc       0xc4 zephyr/libzephyr.a(log_output.c.obj)
 .text.log_output_process
                0x0000000008001fa0       0x88 zephyr/libzephyr.a(log_output.c.obj)
                0x0000000008001fa0                log_output_process
 .text.log_output_dropped_process
                0x0000000008002028       0x84 zephyr/libzephyr.a(log_output.c.obj)
                0x0000000008002028                log_output_dropped_process
 .text.log_output_timestamp_freq_set
                0x00000000080020ac       0x2c zephyr/libzephyr.a(log_output.c.obj)
                0x00000000080020ac                log_output_timestamp_freq_set
 .text.char_out
                0x00000000080020d8       0x24 zephyr/libzephyr.a(log_backend_uart.c.obj)
 .text.mem_attr_get_regions
                0x00000000080020fc        0xc zephyr/libzephyr.a(mem_attr.c.obj)
                0x00000000080020fc                mem_attr_get_regions
 .text.esf_dump
                0x0000000008002108      0x160 zephyr/arch/arch/arm/core/libarch__arm__core.a(fatal.c.obj)
 .text.z_arm_fatal_error
                0x0000000008002268       0x38 zephyr/arch/arch/arm/core/libarch__arm__core.a(fatal.c.obj)
                0x0000000008002268                z_arm_fatal_error
 .text.z_SysNmiOnReset
                0x00000000080022a0        0x8 zephyr/arch/arch/arm/core/libarch__arm__core.a(nmi_on_reset.S.obj)
                0x00000000080022a0                z_SysNmiOnReset
 .text.z_tls_copy
                0x00000000080022a8       0x28 zephyr/arch/arch/arm/core/libarch__arm__core.a(tls.c.obj)
 .text.arch_tls_stack_setup
                0x00000000080022d0       0x28 zephyr/arch/arch/arm/core/libarch__arm__core.a(tls.c.obj)
                0x00000000080022d0                arch_tls_stack_setup
 .text._HandlerModeExit
                0x00000000080022f8       0x20 zephyr/arch/arch/arm/core/cortex_m/libarch__arm__core__cortex_m.a(exc_exit.c.obj)
                0x00000000080022f8                z_arm_int_exit
                0x00000000080022f8                z_arm_exc_exit
 .text.z_arm_is_synchronous_svc
                0x0000000008002318       0x3c zephyr/arch/arch/arm/core/cortex_m/libarch__arm__core__cortex_m.a(fault.c.obj)
 .text.get_esf  0x0000000008002354       0x48 zephyr/arch/arch/arm/core/cortex_m/libarch__arm__core__cortex_m.a(fault.c.obj)
 .text.usage_fault
                0x000000000800239c       0xd4 zephyr/arch/arch/arm/core/cortex_m/libarch__arm__core__cortex_m.a(fault.c.obj)
 .text.debug_monitor
                0x0000000008002470       0x1c zephyr/arch/arch/arm/core/cortex_m/libarch__arm__core__cortex_m.a(fault.c.obj)
 .text.reserved_exception
                0x000000000800248c       0xd8 zephyr/arch/arch/arm/core/cortex_m/libarch__arm__core__cortex_m.a(fault.c.obj)
 .text.bus_fault
                0x0000000008002564      0x110 zephyr/arch/arch/arm/core/cortex_m/libarch__arm__core__cortex_m.a(fault.c.obj)
 .text.mem_manage_fault
                0x0000000008002674      0x148 zephyr/arch/arch/arm/core/cortex_m/libarch__arm__core__cortex_m.a(fault.c.obj)
 .text.hard_fault
                0x00000000080027bc       0xd0 zephyr/arch/arch/arm/core/cortex_m/libarch__arm__core__cortex_m.a(fault.c.obj)
 .text.z_arm_fault
                0x000000000800288c       0x88 zephyr/arch/arch/arm/core/cortex_m/libarch__arm__core__cortex_m.a(fault.c.obj)
                0x000000000800288c                z_arm_fault
 .text.z_arm_fault_init
                0x0000000008002914       0x18 zephyr/arch/arch/arm/core/cortex_m/libarch__arm__core__cortex_m.a(fault.c.obj)
                0x0000000008002914                z_arm_fault_init
 .text.__fault  0x000000000800292c       0x14 zephyr/arch/arch/arm/core/cortex_m/libarch__arm__core__cortex_m.a(fault_s.S.obj)
                0x000000000800292c                z_arm_usage_fault
                0x000000000800292c                z_arm_mpu_fault
                0x000000000800292c                z_arm_exc_spurious
                0x000000000800292c                z_arm_debug_monitor
                0x000000000800292c                z_arm_hard_fault
                0x000000000800292c                z_arm_bus_fault
 .text._reset_section
                0x0000000008002940       0x40 zephyr/arch/arch/arm/core/cortex_m/libarch__arm__core__cortex_m.a(reset.S.obj)
                0x0000000008002940                __start
                0x0000000008002940                z_arm_reset
 .text.z_impl_k_thread_abort
                0x0000000008002980       0x34 zephyr/arch/arch/arm/core/cortex_m/libarch__arm__core__cortex_m.a(thread_abort.c.obj)
                0x0000000008002980                z_impl_k_thread_abort
 .text.z_arm_pendsv
                0x00000000080029b4       0x64 zephyr/arch/arch/arm/core/cortex_m/libarch__arm__core__cortex_m.a(swap_helper.S.obj)
                0x00000000080029b4                z_arm_pendsv
 .text.z_arm_svc
                0x0000000008002a18       0x24 zephyr/arch/arch/arm/core/cortex_m/libarch__arm__core__cortex_m.a(swap_helper.S.obj)
                0x0000000008002a18                z_arm_svc
 .text.__NVIC_EnableIRQ
                0x0000000008002a3c       0x1c zephyr/arch/arch/arm/core/cortex_m/libarch__arm__core__cortex_m.a(irq_manage.c.obj)
 .text.__NVIC_SetPriority
                0x0000000008002a58       0x28 zephyr/arch/arch/arm/core/cortex_m/libarch__arm__core__cortex_m.a(irq_manage.c.obj)
 .text.relocate_vector_table
                0x0000000008002a80       0x1c zephyr/arch/arch/arm/core/cortex_m/libarch__arm__core__cortex_m.a(prep_c.c.obj)
                0x0000000008002a80                relocate_vector_table
 .text.z_prep_c
                0x0000000008002a9c       0x38 zephyr/arch/arch/arm/core/cortex_m/libarch__arm__core__cortex_m.a(prep_c.c.obj)
                0x0000000008002a9c                z_prep_c
 .text.arch_new_thread
                0x0000000008002ad4       0x44 zephyr/arch/arch/arm/core/cortex_m/libarch__arm__core__cortex_m.a(thread.c.obj)
                0x0000000008002ad4                arch_new_thread
 .text.z_check_thread_stack_fail
                0x0000000008002b18       0x48 zephyr/arch/arch/arm/core/cortex_m/libarch__arm__core__cortex_m.a(thread.c.obj)
                0x0000000008002b18                z_check_thread_stack_fail
 .text.arch_switch_to_main_thread
                0x0000000008002b60       0x40 zephyr/arch/arch/arm/core/cortex_m/libarch__arm__core__cortex_m.a(thread.c.obj)
                0x0000000008002b60                arch_switch_to_main_thread
 .text.z_arm_cpu_idle_init
                0x0000000008002ba0        0xc zephyr/arch/arch/arm/core/cortex_m/libarch__arm__core__cortex_m.a(cpu_idle.c.obj)
                0x0000000008002ba0                z_arm_cpu_idle_init
 .text.z_arm_interrupt_init
                0x0000000008002bac       0x34 zephyr/arch/arch/arm/core/cortex_m/libarch__arm__core__cortex_m.a(irq_init.c.obj)
                0x0000000008002bac                z_arm_interrupt_init
 .text._isr_wrapper
                0x0000000008002be0       0x20 zephyr/arch/arch/arm/core/cortex_m/libarch__arm__core__cortex_m.a(isr_wrapper.c.obj)
                0x0000000008002be0                _isr_wrapper
 .text.z_arm_configure_static_mpu_regions
                0x0000000008002c00       0x1c zephyr/arch/arch/arm/core/mpu/libarch__arm__core__mpu.a(arm_core_mpu.c.obj)
                0x0000000008002c00                z_arm_configure_static_mpu_regions
 .text.z_arm_configure_dynamic_mpu_regions
                0x0000000008002c1c       0x24 zephyr/arch/arch/arm/core/mpu/libarch__arm__core__mpu.a(arm_core_mpu.c.obj)
                0x0000000008002c1c                z_arm_configure_dynamic_mpu_regions
 .text.region_init
                0x0000000008002c40       0x28 zephyr/arch/arch/arm/core/mpu/libarch__arm__core__mpu.a(arm_mpu.c.obj)
 .text.region_allocate_and_init
                0x0000000008002c68       0x3c zephyr/arch/arch/arm/core/mpu/libarch__arm__core__mpu.a(arm_mpu.c.obj)
 .text.mpu_configure_regions
                0x0000000008002ca4       0x64 zephyr/arch/arch/arm/core/mpu/libarch__arm__core__mpu.a(arm_mpu.c.obj)
 .text.mpu_configure_static_mpu_regions
                0x0000000008002d08       0x14 zephyr/arch/arch/arm/core/mpu/libarch__arm__core__mpu.a(arm_mpu.c.obj)
 .text.mpu_configure_dynamic_mpu_regions
                0x0000000008002d1c       0x3c zephyr/arch/arch/arm/core/mpu/libarch__arm__core__mpu.a(arm_mpu.c.obj)
 .text.arm_core_mpu_enable
                0x0000000008002d58       0x18 zephyr/arch/arch/arm/core/mpu/libarch__arm__core__mpu.a(arm_mpu.c.obj)
                0x0000000008002d58                arm_core_mpu_enable
 .text.arm_core_mpu_disable
                0x0000000008002d70       0x14 zephyr/arch/arch/arm/core/mpu/libarch__arm__core__mpu.a(arm_mpu.c.obj)
                0x0000000008002d70                arm_core_mpu_disable
 .text.z_arm_mpu_init
                0x0000000008002d84       0x80 zephyr/arch/arch/arm/core/mpu/libarch__arm__core__mpu.a(arm_mpu.c.obj)
                0x0000000008002d84                z_arm_mpu_init
 .text.cbvprintf
                0x0000000008002e04       0x34 zephyr/lib/libc/picolibc/liblib__libc__picolibc.a(cbprintf.c.obj)
                0x0000000008002e04                cbvprintf
 .text.z_impl_zephyr_fputc
                0x0000000008002e38       0x10 zephyr/lib/libc/picolibc/liblib__libc__picolibc.a(stdio.c.obj)
                0x0000000008002e38                z_impl_zephyr_fputc
 .text.__stdout_hook_install
                0x0000000008002e48       0x18 zephyr/lib/libc/picolibc/liblib__libc__picolibc.a(stdio.c.obj)
                0x0000000008002e48                __stdout_hook_install
 .text.malloc_prepare
                0x0000000008002e60       0x24 zephyr/lib/libc/common/liblib__libc__common.a(malloc.c.obj)
 .text.stm32_exti_isr
                0x0000000008002e84       0x48 zephyr/drivers/interrupt_controller/libdrivers__interrupt_controller.a(intc_exti_stm32.c.obj)
 .text.stm32_exti_enable_registers
                0x0000000008002ecc       0x3c zephyr/drivers/interrupt_controller/libdrivers__interrupt_controller.a(intc_exti_stm32.c.obj)
 .text.stm32_fill_irq_table
                0x0000000008002f08       0x24 zephyr/drivers/interrupt_controller/libdrivers__interrupt_controller.a(intc_exti_stm32.c.obj)
 .text.LL_SYSCFG_SetEXTISource
                0x0000000008002f2c       0x38 zephyr/drivers/interrupt_controller/libdrivers__interrupt_controller.a(intc_exti_stm32.c.obj)
 .text.LL_SYSCFG_GetEXTISource
                0x0000000008002f64       0x28 zephyr/drivers/interrupt_controller/libdrivers__interrupt_controller.a(intc_exti_stm32.c.obj)
 .text.stm32_gpio_intc_enable_line
                0x0000000008002f8c       0x30 zephyr/drivers/interrupt_controller/libdrivers__interrupt_controller.a(intc_exti_stm32.c.obj)
                0x0000000008002f8c                stm32_gpio_intc_enable_line
 .text.stm32_gpio_intc_disable_line
                0x0000000008002fbc       0x10 zephyr/drivers/interrupt_controller/libdrivers__interrupt_controller.a(intc_exti_stm32.c.obj)
                0x0000000008002fbc                stm32_gpio_intc_disable_line
 .text.stm32_gpio_intc_select_line_trigger
                0x0000000008002fcc       0x58 zephyr/drivers/interrupt_controller/libdrivers__interrupt_controller.a(intc_exti_stm32.c.obj)
                0x0000000008002fcc                stm32_gpio_intc_select_line_trigger
 .text.stm32_gpio_intc_set_irq_callback
                0x0000000008003024       0x4c zephyr/drivers/interrupt_controller/libdrivers__interrupt_controller.a(intc_exti_stm32.c.obj)
                0x0000000008003024                stm32_gpio_intc_set_irq_callback
 .text.stm32_gpio_intc_remove_irq_callback
                0x0000000008003070       0x24 zephyr/drivers/interrupt_controller/libdrivers__interrupt_controller.a(intc_exti_stm32.c.obj)
                0x0000000008003070                stm32_gpio_intc_remove_irq_callback
 .text.stm32_clock_switch_to_hsi
                0x0000000008003094       0x38 zephyr/drivers/clock_control/libdrivers__clock_control.a(clock_stm32_ll_common.c.obj)
 .text.set_up_fixed_clock_sources
                0x00000000080030cc       0x38 zephyr/drivers/clock_control/libdrivers__clock_control.a(clock_stm32_ll_common.c.obj)
 .text.stm32_clock_control_get_subsys_rate
                0x0000000008003104      0x110 zephyr/drivers/clock_control/libdrivers__clock_control.a(clock_stm32_ll_common.c.obj)
 .text.set_up_plls
                0x0000000008003214       0x68 zephyr/drivers/clock_control/libdrivers__clock_control.a(clock_stm32_ll_common.c.obj)
 .text.stm32_clock_control_init
                0x000000000800327c       0x98 zephyr/drivers/clock_control/libdrivers__clock_control.a(clock_stm32_ll_common.c.obj)
                0x000000000800327c                stm32_clock_control_init
 .text.get_pllsrc_frequency
                0x0000000008003314        0x8 zephyr/drivers/clock_control/libdrivers__clock_control.a(clock_stm32f2_f4_f7.c.obj)
                0x0000000008003314                get_pllsrc_frequency
 .text.config_pll_sysclock
                0x000000000800331c       0x48 zephyr/drivers/clock_control/libdrivers__clock_control.a(clock_stm32f2_f4_f7.c.obj)
                0x000000000800331c                config_pll_sysclock
 .text.config_enable_default_clocks
                0x0000000008003364       0x20 zephyr/drivers/clock_control/libdrivers__clock_control.a(clock_stm32f2_f4_f7.c.obj)
                0x0000000008003364                config_enable_default_clocks
 .text.console_out
                0x0000000008003384       0x28 zephyr/drivers/console/libdrivers__console.a(uart_console.c.obj)
 .text.uart_console_hook_install
                0x00000000080033ac       0x18 zephyr/drivers/console/libdrivers__console.a(uart_console.c.obj)
 .text.uart_console_init
                0x00000000080033c4       0x1c zephyr/drivers/console/libdrivers__console.a(uart_console.c.obj)
 .text.gpio_stm32_clock_request
                0x00000000080033e0       0x3c zephyr/drivers/gpio/libdrivers__gpio.a(gpio_stm32.c.obj)
 .text.gpio_stm32_pin_interrupt_configure
                0x000000000800341c       0x94 zephyr/drivers/gpio/libdrivers__gpio.a(gpio_stm32.c.obj)
 .text.gpio_stm32_init
                0x00000000080034b0       0x28 zephyr/drivers/gpio/libdrivers__gpio.a(gpio_stm32.c.obj)
 .text.timer_callback
                0x00000000080034d8       0x10 zephyr/drivers/lora/libloramac-node.a(hal_common.c.obj)
 .text.RtcGetTimerValue
                0x00000000080034e8       0x48 zephyr/drivers/lora/libloramac-node.a(hal_common.c.obj)
                0x00000000080034e8                RtcGetTimerValue
 .text.RtcGetTimerElapsedTime
                0x0000000008003530       0x54 zephyr/drivers/lora/libloramac-node.a(hal_common.c.obj)
                0x0000000008003530                RtcGetTimerElapsedTime
 .text.RtcStopAlarm
                0x0000000008003584       0x10 zephyr/drivers/lora/libloramac-node.a(hal_common.c.obj)
                0x0000000008003584                RtcStopAlarm
 .text.RtcSetAlarm
                0x0000000008003594       0x2c zephyr/drivers/lora/libloramac-node.a(hal_common.c.obj)
                0x0000000008003594                RtcSetAlarm
 .text.RtcSetTimerContext
                0x00000000080035c0       0x50 zephyr/drivers/lora/libloramac-node.a(hal_common.c.obj)
                0x00000000080035c0                RtcSetTimerContext
 .text.RtcGetTimerContext
                0x0000000008003610        0xc zephyr/drivers/lora/libloramac-node.a(hal_common.c.obj)
                0x0000000008003610                RtcGetTimerContext
 .text.modem_release
                0x000000000800361c       0x50 zephyr/drivers/lora/libloramac-node.a(sx12xx_common.c.obj)
 .text.sx12xx_ev_tx_timed_out
                0x000000000800366c       0x10 zephyr/drivers/lora/libloramac-node.a(sx12xx_common.c.obj)
 .text.sx12xx_ev_rx_error
                0x000000000800367c       0x38 zephyr/drivers/lora/libloramac-node.a(sx12xx_common.c.obj)
 .text.sx12xx_ev_rx_done
                0x00000000080036b4       0xb8 zephyr/drivers/lora/libloramac-node.a(sx12xx_common.c.obj)
 .text.sx12xx_ev_tx_done
                0x000000000800376c       0x1c zephyr/drivers/lora/libloramac-node.a(sx12xx_common.c.obj)
 .text.__sx12xx_configure_pin
                0x0000000008003788      0x198 zephyr/drivers/lora/libloramac-node.a(sx12xx_common.c.obj)
                0x0000000008003788                __sx12xx_configure_pin
 .text.sx12xx_lora_send_async
                0x0000000008003920       0x4c zephyr/drivers/lora/libloramac-node.a(sx12xx_common.c.obj)
                0x0000000008003920                sx12xx_lora_send_async
 .text.sx12xx_lora_send
                0x000000000800396c       0xc8 zephyr/drivers/lora/libloramac-node.a(sx12xx_common.c.obj)
                0x000000000800396c                sx12xx_lora_send
 .text.sx12xx_lora_recv
                0x0000000008003a34       0xe8 zephyr/drivers/lora/libloramac-node.a(sx12xx_common.c.obj)
                0x0000000008003a34                sx12xx_lora_recv
 .text.sx12xx_lora_recv_async
                0x0000000008003b1c       0x64 zephyr/drivers/lora/libloramac-node.a(sx12xx_common.c.obj)
                0x0000000008003b1c                sx12xx_lora_recv_async
 .text.sx12xx_lora_config
                0x0000000008003b80       0xc0 zephyr/drivers/lora/libloramac-node.a(sx12xx_common.c.obj)
                0x0000000008003b80                sx12xx_lora_config
 .text.sx12xx_lora_test_cw
                0x0000000008003c40       0x44 zephyr/drivers/lora/libloramac-node.a(sx12xx_common.c.obj)
                0x0000000008003c40                sx12xx_lora_test_cw
 .text.sx12xx_init
                0x0000000008003c84       0x5c zephyr/drivers/lora/libloramac-node.a(sx12xx_common.c.obj)
                0x0000000008003c84                sx12xx_init
 .text.z_impl_gpio_pin_interrupt_configure
                0x0000000008003ce0       0x34 zephyr/drivers/lora/libloramac-node.a(sx127x.c.obj)
 .text.sx127x_dio_work_handle
                0x0000000008003d14       0x1c zephyr/drivers/lora/libloramac-node.a(sx127x.c.obj)
 .text.sx127x_transceive
                0x0000000008003d30       0x48 zephyr/drivers/lora/libloramac-node.a(sx127x.c.obj)
 .text.sx127x_irq_callback
                0x0000000008003d78       0x4c zephyr/drivers/lora/libloramac-node.a(sx127x.c.obj)
 .text.SX1272Reset
                0x0000000008003dc4       0x30 zephyr/drivers/lora/libloramac-node.a(sx127x.c.obj)
                0x0000000008003dc4                SX1272Reset
 .text.SX1272IoIrqInit
                0x0000000008003df4      0x150 zephyr/drivers/lora/libloramac-node.a(sx127x.c.obj)
                0x0000000008003df4                SX1272IoIrqInit
 .text.SX1272ReadBuffer
                0x0000000008003f44       0x28 zephyr/drivers/lora/libloramac-node.a(sx127x.c.obj)
                0x0000000008003f44                SX1272ReadBuffer
 .text.sx127x_lora_init
                0x0000000008003f6c       0xd4 zephyr/drivers/lora/libloramac-node.a(sx127x.c.obj)
 .text.SX1272WriteBuffer
                0x0000000008004040       0x28 zephyr/drivers/lora/libloramac-node.a(sx127x.c.obj)
                0x0000000008004040                SX1272WriteBuffer
 .text.SX1272SetRfTxPower
                0x0000000008004068       0xa8 zephyr/drivers/lora/libloramac-node.a(sx127x.c.obj)
                0x0000000008004068                SX1272SetRfTxPower
 .text.SX1272GetDio1PinState
                0x0000000008004110       0x1c zephyr/drivers/lora/libloramac-node.a(sx127x.c.obj)
                0x0000000008004110                SX1272GetDio1PinState
 .text.TimerInsertTimer
                0x000000000800412c       0x2c zephyr/drivers/lora/libloramac-node.a(timer.c.obj)
 .text.TimerExists
                0x0000000008004158       0x1c zephyr/drivers/lora/libloramac-node.a(timer.c.obj)
 .text.TimerInsertNewHeadTimer
                0x0000000008004174       0x1c zephyr/drivers/lora/libloramac-node.a(timer.c.obj)
 .text.TimerStart
                0x0000000008004190       0x6c zephyr/drivers/lora/libloramac-node.a(timer.c.obj)
                0x0000000008004190                TimerStart
 .text.TimerIrqHandler
                0x00000000080041fc       0x88 zephyr/drivers/lora/libloramac-node.a(timer.c.obj)
                0x00000000080041fc                TimerIrqHandler
 .text.TimerStop
                0x0000000008004284       0x80 zephyr/drivers/lora/libloramac-node.a(timer.c.obj)
                0x0000000008004284                TimerStop
 .text.SX1272ConvertFreqInHzToPllStep
                0x0000000008004304       0x28 zephyr/drivers/lora/libloramac-node.a(sx1272.c.obj)
 .text.GetFskBandwidthRegValue
                0x000000000800432c       0x50 zephyr/drivers/lora/libloramac-node.a(sx1272.c.obj)
 .text.SX1272GetLoRaBandwidthInHz
                0x000000000800437c       0x28 zephyr/drivers/lora/libloramac-node.a(sx1272.c.obj)
 .text.SX1272OnDio4Irq
                0x00000000080043a4       0x20 zephyr/drivers/lora/libloramac-node.a(sx1272.c.obj)
 .text.SX1272GetStatus
                0x00000000080043c4        0xc zephyr/drivers/lora/libloramac-node.a(sx1272.c.obj)
                0x00000000080043c4                SX1272GetStatus
 .text.SX1272SetChannel
                0x00000000080043d0       0x34 zephyr/drivers/lora/libloramac-node.a(sx1272.c.obj)
                0x00000000080043d0                SX1272SetChannel
 .text.SX1272OnDio3Irq
                0x0000000008004404       0x5c zephyr/drivers/lora/libloramac-node.a(sx1272.c.obj)
 .text.SX1272OnDio2Irq
                0x0000000008004460       0xf8 zephyr/drivers/lora/libloramac-node.a(sx1272.c.obj)
 .text.SX1272OnDio1Irq
                0x0000000008004558      0x148 zephyr/drivers/lora/libloramac-node.a(sx1272.c.obj)
 .text.SX1272OnDio0Irq
                0x00000000080046a0      0x2b4 zephyr/drivers/lora/libloramac-node.a(sx1272.c.obj)
 .text.SX1272SetSleep
                0x0000000008004954       0x3c zephyr/drivers/lora/libloramac-node.a(sx1272.c.obj)
                0x0000000008004954                SX1272SetSleep
 .text.SX1272SetStby
                0x0000000008004990       0x34 zephyr/drivers/lora/libloramac-node.a(sx1272.c.obj)
                0x0000000008004990                SX1272SetStby
 .text.SX1272SetTx
                0x00000000080049c4       0xb8 zephyr/drivers/lora/libloramac-node.a(sx1272.c.obj)
 .text.SX1272Send
                0x0000000008004a7c      0x120 zephyr/drivers/lora/libloramac-node.a(sx1272.c.obj)
                0x0000000008004a7c                SX1272Send
 .text.SX1272SetRx
                0x0000000008004b9c      0x178 zephyr/drivers/lora/libloramac-node.a(sx1272.c.obj)
                0x0000000008004b9c                SX1272SetRx
 .text.SX1272SetModem
                0x0000000008004d14       0x8c zephyr/drivers/lora/libloramac-node.a(sx1272.c.obj)
                0x0000000008004d14                SX1272SetModem
 .text.SX1272Init
                0x0000000008004da0       0x84 zephyr/drivers/lora/libloramac-node.a(sx1272.c.obj)
                0x0000000008004da0                SX1272Init
 .text.SX1272SetRxConfig
                0x0000000008004e24      0x278 zephyr/drivers/lora/libloramac-node.a(sx1272.c.obj)
                0x0000000008004e24                SX1272SetRxConfig
 .text.SX1272SetTxConfig
                0x000000000800509c      0x230 zephyr/drivers/lora/libloramac-node.a(sx1272.c.obj)
                0x000000000800509c                SX1272SetTxConfig
 .text.SX1272SetTxContinuousWave
                0x00000000080052cc       0x80 zephyr/drivers/lora/libloramac-node.a(sx1272.c.obj)
                0x00000000080052cc                SX1272SetTxContinuousWave
 .text.SX1272SetMaxPayloadLength
                0x000000000800534c       0x34 zephyr/drivers/lora/libloramac-node.a(sx1272.c.obj)
                0x000000000800534c                SX1272SetMaxPayloadLength
 .text.SX1272SetPublicNetwork
                0x0000000008005380       0x2c zephyr/drivers/lora/libloramac-node.a(sx1272.c.obj)
                0x0000000008005380                SX1272SetPublicNetwork
 .text.SX1272OnTimeoutIrq
                0x00000000080053ac       0xdc zephyr/drivers/lora/libloramac-node.a(sx1272.c.obj)
 .text.stm32_pin_configure
                0x0000000008005488       0x40 zephyr/drivers/pinctrl/libdrivers__pinctrl.a(pinctrl_stm32.c.obj)
 .text.LL_USART_SetBaudRate
                0x00000000080054c8       0xcc zephyr/drivers/serial/libdrivers__serial.a(uart_stm32.c.obj)
 .text.uart_stm32_poll_in
                0x0000000008005594       0x10 zephyr/drivers/serial/libdrivers__serial.a(uart_stm32.c.obj)
 .text.uart_stm32_poll_out
                0x00000000080055a4       0x10 zephyr/drivers/serial/libdrivers__serial.a(uart_stm32.c.obj)
 .text.uart_stm32_set_baudrate
                0x00000000080055b4       0x4c zephyr/drivers/serial/libdrivers__serial.a(uart_stm32.c.obj)
 .text.uart_stm32_configure
                0x0000000008005600      0x128 zephyr/drivers/serial/libdrivers__serial.a(uart_stm32.c.obj)
 .text.uart_stm32_clocks_enable
                0x0000000008005728       0x54 zephyr/drivers/serial/libdrivers__serial.a(uart_stm32.c.obj)
 .text.uart_stm32_registers_configure
                0x000000000800577c       0x74 zephyr/drivers/serial/libdrivers__serial.a(uart_stm32.c.obj)
 .text.spi_context_wait_for_completion
                0x00000000080057f0       0x60 zephyr/drivers/spi/libdrivers__spi.a(spi_ll_stm32.c.obj)
 .text.spi_stm32_configure
                0x0000000008005850      0x2a4 zephyr/drivers/spi/libdrivers__spi.a(spi_ll_stm32.c.obj)
 .text.spi_stm32_get_err
                0x0000000008005af4       0xf4 zephyr/drivers/spi/libdrivers__spi.a(spi_ll_stm32.c.obj)
 .text.spi_context_cs_configure_all
                0x0000000008005be8       0xfc zephyr/drivers/spi/libdrivers__spi.a(spi_ll_stm32.c.obj)
 .text.spi_stm32_init
                0x0000000008005ce4       0x8c zephyr/drivers/spi/libdrivers__spi.a(spi_ll_stm32.c.obj)
 .text.elapsed  0x0000000008005d70       0x48 zephyr/drivers/timer/libdrivers__timer.a(cortex_m_systick.c.obj)
 .text.sys_clock_driver_init
                0x0000000008005db8       0x38 zephyr/drivers/timer/libdrivers__timer.a(cortex_m_systick.c.obj)
 .text.sys_clock_isr
                0x0000000008005df0       0x68 zephyr/drivers/timer/libdrivers__timer.a(cortex_m_systick.c.obj)
                0x0000000008005df0                sys_clock_isr
 .text.sys_clock_set_timeout
                0x0000000008005e58      0x124 zephyr/drivers/timer/libdrivers__timer.a(cortex_m_systick.c.obj)
                0x0000000008005e58                sys_clock_set_timeout
 .text.sys_clock_elapsed
                0x0000000008005f7c       0x40 zephyr/drivers/timer/libdrivers__timer.a(cortex_m_systick.c.obj)
                0x0000000008005f7c                sys_clock_elapsed
 .text.sys_clock_cycle_get_32
                0x0000000008005fbc       0x28 zephyr/drivers/timer/libdrivers__timer.a(cortex_m_systick.c.obj)
                0x0000000008005fbc                sys_clock_cycle_get_32
 .text.HAL_RCC_GetSysClockFreq
                0x0000000008005fe4       0xdc modules/hal_stm32/stm32cube/lib..__modules__hal__stm32__stm32cube.a(stm32f4xx_hal_rcc.c.obj)
                0x0000000008005fe4                HAL_RCC_GetSysClockFreq
 .text.LL_SetFlashLatency
                0x00000000080060c0       0x98 modules/hal_stm32/stm32cube/lib..__modules__hal__stm32__stm32cube.a(stm32f4xx_ll_utils.c.obj)
                0x00000000080060c0                LL_SetFlashLatency
 .text.z_device_state_init
                0x0000000008006158       0x18 zephyr/kernel/libkernel.a(device.c.obj)
                0x0000000008006158                z_device_state_init
 .text.reason_to_str
                0x0000000008006170       0x40 zephyr/kernel/libkernel.a(fatal.c.obj)
 .text.thread_name_get
                0x00000000080061b0       0x20 zephyr/kernel/libkernel.a(fatal.c.obj)
 .text.k_sys_fatal_error_handler
                0x00000000080061d0       0x20 zephyr/kernel/libkernel.a(fatal.c.obj)
                0x00000000080061d0                k_sys_fatal_error_handler
 .text.z_fatal_error
                0x00000000080061f0      0x1f4 zephyr/kernel/libkernel.a(fatal.c.obj)
                0x00000000080061f0                z_fatal_error
 .text.z_sys_init_run_level
                0x00000000080063e4       0x38 zephyr/kernel/libkernel.a(init.c.obj)
 .text.init_idle_thread
                0x000000000800641c       0x60 zephyr/kernel/libkernel.a(init.c.obj)
 .text.thread_schedule_new
                0x000000000800647c       0x1c zephyr/kernel/libkernel.a(init.c.obj)
 .text.z_init_static_threads
                0x0000000008006498       0x70 zephyr/kernel/libkernel.a(init.c.obj)
 .text.bg_thread_main
                0x0000000008006508       0x34 zephyr/kernel/libkernel.a(init.c.obj)
 .text.switch_to_main_thread
                0x000000000800653c       0x14 zephyr/kernel/libkernel.a(init.c.obj)
 .text.z_bss_zero
                0x0000000008006550       0x18 zephyr/kernel/libkernel.a(init.c.obj)
                0x0000000008006550                z_bss_zero
 .text.z_init_cpu
                0x0000000008006568       0x44 zephyr/kernel/libkernel.a(init.c.obj)
                0x0000000008006568                z_init_cpu
 .text.prepare_multithreading
                0x00000000080065ac       0x60 zephyr/kernel/libkernel.a(init.c.obj)
 .text.z_cstart
                0x000000000800660c       0x80 zephyr/kernel/libkernel.a(init.c.obj)
                0x000000000800660c                z_cstart
 .text.z_impl_k_msgq_put
                0x000000000800668c       0xe4 zephyr/kernel/libkernel.a(msg_q.c.obj)
                0x000000000800668c                z_impl_k_msgq_put
 .text.z_impl_k_msgq_get
                0x0000000008006770      0x104 zephyr/kernel/libkernel.a(msg_q.c.obj)
                0x0000000008006770                z_impl_k_msgq_get
 .text.z_impl_k_sem_give
                0x0000000008006874       0x90 zephyr/kernel/libkernel.a(sem.c.obj)
                0x0000000008006874                z_impl_k_sem_give
 .text.z_impl_k_sem_take
                0x0000000008006904       0x50 zephyr/kernel/libkernel.a(sem.c.obj)
                0x0000000008006904                z_impl_k_sem_take
 .text.queue_submit_locked
                0x0000000008006954       0x80 zephyr/kernel/libkernel.a(work.c.obj)
 .text.finalize_cancel_locked
                0x00000000080069d4       0x5c zephyr/kernel/libkernel.a(work.c.obj)
 .text.work_queue_main
                0x0000000008006a30      0x110 zephyr/kernel/libkernel.a(work.c.obj)
 .text.k_work_submit
                0x0000000008006b40       0x10 zephyr/kernel/libkernel.a(work.c.obj)
                0x0000000008006b40                k_work_submit
 .text.k_work_queue_start
                0x0000000008006b50       0x8c zephyr/kernel/libkernel.a(work.c.obj)
                0x0000000008006b50                k_work_queue_start
 .text.thread_schedule_new
                0x0000000008006bdc       0x1c zephyr/kernel/libkernel.a(thread.c.obj)
 .text.z_impl_k_thread_name_set
                0x0000000008006bf8       0x24 zephyr/kernel/libkernel.a(thread.c.obj)
                0x0000000008006bf8                z_impl_k_thread_name_set
 .text.z_setup_new_thread
                0x0000000008006c1c       0xc4 zephyr/kernel/libkernel.a(thread.c.obj)
                0x0000000008006c1c                z_setup_new_thread
 .text.z_dummy_thread_init
                0x0000000008006ce0       0x24 zephyr/kernel/libkernel.a(thread.c.obj)
                0x0000000008006ce0                z_dummy_thread_init
 .text.z_swap_irqlock
                0x0000000008006d04       0x34 zephyr/kernel/libkernel.a(sched.c.obj)
 .text.ready_thread
                0x0000000008006d38       0xb4 zephyr/kernel/libkernel.a(sched.c.obj)
 .text.unready_thread
                0x0000000008006dec       0x68 zephyr/kernel/libkernel.a(sched.c.obj)
 .text.thread_halt_spin
                0x0000000008006e54      0x114 zephyr/kernel/libkernel.a(sched.c.obj)
 .text.add_thread_timeout
                0x0000000008006f68       0x20 zephyr/kernel/libkernel.a(sched.c.obj)
 .text.move_thread_to_end_of_prio_q
                0x0000000008006f88       0xc8 zephyr/kernel/libkernel.a(sched.c.obj)
                0x0000000008006f88                move_thread_to_end_of_prio_q
 .text.z_pend_curr
                0x0000000008007050       0x38 zephyr/kernel/libkernel.a(sched.c.obj)
                0x0000000008007050                z_pend_curr
 .text.z_reschedule
                0x0000000008007088       0x2c zephyr/kernel/libkernel.a(sched.c.obj)
                0x0000000008007088                z_reschedule
 .text.z_reschedule_irqlock
                0x00000000080070b4       0x2c zephyr/kernel/libkernel.a(sched.c.obj)
                0x00000000080070b4                z_reschedule_irqlock
 .text.k_sched_lock
                0x00000000080070e0       0x30 zephyr/kernel/libkernel.a(sched.c.obj)
                0x00000000080070e0                k_sched_lock
 .text.k_sched_unlock
                0x0000000008007110       0x70 zephyr/kernel/libkernel.a(sched.c.obj)
                0x0000000008007110                k_sched_unlock
 .text.z_sched_init
                0x0000000008007180       0x10 zephyr/kernel/libkernel.a(sched.c.obj)
                0x0000000008007180                z_sched_init
 .text.z_impl_k_yield
                0x0000000008007190       0xa0 zephyr/kernel/libkernel.a(sched.c.obj)
                0x0000000008007190                z_impl_k_yield
 .text.z_tick_sleep
                0x0000000008007230       0x7c zephyr/kernel/libkernel.a(sched.c.obj)
 .text.z_impl_k_sleep
                0x00000000080072ac       0x84 zephyr/kernel/libkernel.a(sched.c.obj)
                0x00000000080072ac                z_impl_k_sleep
 .text.z_impl_k_wakeup
                0x0000000008007330       0x48 zephyr/kernel/libkernel.a(sched.c.obj)
                0x0000000008007330                z_impl_k_wakeup
 .text.z_impl_k_sched_current_thread_query
                0x0000000008007378        0xc zephyr/kernel/libkernel.a(sched.c.obj)
                0x0000000008007378                z_impl_k_sched_current_thread_query
 .text.z_thread_abort
                0x0000000008007384      0x164 zephyr/kernel/libkernel.a(sched.c.obj)
                0x0000000008007384                z_thread_abort
 .text.z_sched_wait
                0x00000000080074e8       0x28 zephyr/kernel/libkernel.a(sched.c.obj)
                0x00000000080074e8                z_sched_wait
 .text.slice_timeout
                0x0000000008007510       0x20 zephyr/kernel/libkernel.a(timeslicing.c.obj)
 .text.thread_is_sliceable
                0x0000000008007530       0x4c zephyr/kernel/libkernel.a(timeslicing.c.obj)
                0x0000000008007530                thread_is_sliceable
 .text.z_reset_time_slice
                0x000000000800757c       0x50 zephyr/kernel/libkernel.a(timeslicing.c.obj)
                0x000000000800757c                z_reset_time_slice
 .text.z_time_slice
                0x00000000080075cc       0x70 zephyr/kernel/libkernel.a(timeslicing.c.obj)
                0x00000000080075cc                z_time_slice
 .text.z_thread_monitor_exit
                0x000000000800763c       0x3c zephyr/kernel/libkernel.a(thread_monitor.c.obj)
                0x000000000800763c                z_thread_monitor_exit
 .text.z_data_copy
                0x0000000008007678       0x34 zephyr/kernel/libkernel.a(xip.c.obj)
                0x0000000008007678                z_data_copy
 .text.first    0x00000000080076ac       0x14 zephyr/kernel/libkernel.a(timeout.c.obj)
 .text.next     0x00000000080076c0       0x18 zephyr/kernel/libkernel.a(timeout.c.obj)
 .text.elapsed  0x00000000080076d8       0x18 zephyr/kernel/libkernel.a(timeout.c.obj)
 .text.z_add_timeout
                0x00000000080076f0      0x134 zephyr/kernel/libkernel.a(timeout.c.obj)
                0x00000000080076f0                z_add_timeout
 .text.sys_clock_announce
                0x0000000008007824       0xc4 zephyr/kernel/libkernel.a(timeout.c.obj)
                0x0000000008007824                sys_clock_announce
 .text.sys_clock_tick_get
                0x00000000080078e8       0x40 zephyr/kernel/libkernel.a(timeout.c.obj)
                0x00000000080078e8                sys_clock_tick_get
 .text.z_timer_expiration_handler
                0x0000000008007928      0x11c zephyr/kernel/libkernel.a(timer.c.obj)
                0x0000000008007928                z_timer_expiration_handler
 .text.z_impl_k_timer_start
                0x0000000008007a44       0x70 zephyr/kernel/libkernel.a(timer.c.obj)
                0x0000000008007a44                z_impl_k_timer_start
 .text.clear_event_registration
                0x0000000008007ab4       0x34 zephyr/kernel/libkernel.a(poll.c.obj)
 .text.z_impl_k_poll
                0x0000000008007ae8       0xb8 zephyr/kernel/libkernel.a(poll.c.obj)
                0x0000000008007ae8                z_impl_k_poll
 .text.z_impl_k_poll_signal_raise
                0x0000000008007ba0       0x50 zephyr/kernel/libkernel.a(poll.c.obj)
                0x0000000008007ba0                z_impl_k_poll_signal_raise
 .text.k_malloc
                0x0000000008007bf0       0x18 zephyr/kernel/libkernel.a(mempool.c.obj)
                0x0000000008007bf0                k_malloc
 .text.k_thread_system_pool_assign
                0x0000000008007c08        0xc zephyr/kernel/libkernel.a(mempool.c.obj)
                0x0000000008007c08                k_thread_system_pool_assign
 .text.boot_banner
                0x0000000008007c14       0x10 zephyr/kernel/libkernel.a(banner.c.obj)
                0x0000000008007c14                boot_banner
 .text.statics_init
                0x0000000008007c24       0x24 zephyr/kernel/libkernel.a(kheap.c.obj)
 .text.k_sys_work_q_init
                0x0000000008007c48       0x2c zephyr/kernel/libkernel.a(system_work_q.c.obj)
 .text.snprintf
                0x0000000008007c74       0x58 c:\users\zainsiddiqui\.zephyr_ide\toolchains\zephyr-sdk-0.17.0\arm-zephyr-eabi\bin\../lib/gcc/../../picolibc/arm-zephyr-eabi/lib/thumb/v7e-m/nofp\libc.a(libc_tinystdio_snprintf.c.o)
                0x0000000008007c74                snprintf
 .text.__l_vfprintf
                0x0000000008007ccc      0x4b8 c:\users\zainsiddiqui\.zephyr_ide\toolchains\zephyr-sdk-0.17.0\arm-zephyr-eabi\bin\../lib/gcc/../../picolibc/arm-zephyr-eabi/lib/thumb/v7e-m/nofp\libc.a(libc_tinystdio_vflprintf.c.o)
                0x0000000008007ccc                __l_vfprintf
 .text._OffsetAbsSyms
                0x0000000008008184        0x2 zephyr/CMakeFiles/offsets.dir/./arch/arm/core/offsets/offsets.c.obj
                0x0000000008008184                _OffsetAbsSyms
 .text.calc_checksum_crc16
                0x0000000008008186       0x42 app/libapp.a(mesh_handler.c.obj)
 .text.chunk_mem
                0x00000000080081c8        0x8 zephyr/libzephyr.a(heap.c.obj)
 .text.free_list_remove_bidx
                0x00000000080081d0       0x3e zephyr/libzephyr.a(heap.c.obj)
 .text.free_list_add_bidx
                0x000000000800820e       0x4e zephyr/libzephyr.a(heap.c.obj)
 .text.split_chunks
                0x000000000800825c       0x3a zephyr/libzephyr.a(heap.c.obj)
 .text.merge_chunks
                0x0000000008008296       0x34 zephyr/libzephyr.a(heap.c.obj)
 .text.mem_to_chunkid
                0x00000000080082ca        0x8 zephyr/libzephyr.a(heap.c.obj)
 .text.free_list_remove
                0x00000000080082d2       0x18 zephyr/libzephyr.a(heap.c.obj)
 .text.free_list_add
                0x00000000080082ea       0x18 zephyr/libzephyr.a(heap.c.obj)
 .text.free_chunk
                0x0000000008008302       0x62 zephyr/libzephyr.a(heap.c.obj)
 .text.alloc_chunk
                0x0000000008008364       0x76 zephyr/libzephyr.a(heap.c.obj)
 .text.sys_heap_free
                0x00000000080083da       0x24 zephyr/libzephyr.a(heap.c.obj)
                0x00000000080083da                sys_heap_free
 .text.sys_heap_alloc
                0x00000000080083fe       0x66 zephyr/libzephyr.a(heap.c.obj)
                0x00000000080083fe                sys_heap_alloc
 .text.sys_heap_noalign_alloc
                0x0000000008008464        0xa zephyr/libzephyr.a(heap.c.obj)
                0x0000000008008464                sys_heap_noalign_alloc
 .text.sys_heap_init
                0x000000000800846e       0x84 zephyr/libzephyr.a(heap.c.obj)
                0x000000000800846e                sys_heap_init
 .text.cbprintf_via_va_list
                0x00000000080084f2        0xe zephyr/libzephyr.a(cbprintf_packaged.c.obj)
 .text.is_fmt_spec
                0x0000000008008500        0xe zephyr/libzephyr.a(cbprintf_packaged.c.obj)
 .text.get_package_len
                0x000000000800850e       0x2a zephyr/libzephyr.a(cbprintf_packaged.c.obj)
 .text.append_string
                0x0000000008008538       0x2c zephyr/libzephyr.a(cbprintf_packaged.c.obj)
 .text.cbpprintf_external
                0x0000000008008564       0x60 zephyr/libzephyr.a(cbprintf_packaged.c.obj)
                0x0000000008008564                cbpprintf_external
 .text.is_ptr   0x00000000080085c4       0x4e zephyr/libzephyr.a(cbprintf_packaged.c.obj)
                0x00000000080085c4                is_ptr
 .text.arch_printk_char_out
                0x0000000008008612        0x4 zephyr/libzephyr.a(printk.c.obj)
                0x0000000008008612                arch_printk_char_out
 .text.vprintk  0x0000000008008616        0x8 zephyr/libzephyr.a(printk.c.obj)
                0x0000000008008616                vprintk
 .text.printk   0x000000000800861e       0x1c zephyr/libzephyr.a(printk.c.obj)
                0x000000000800861e                printk
 .text.free_space
                0x000000000800863a       0x28 zephyr/libzephyr.a(mpsc_pbuf.c.obj)
 .text.available
                0x0000000008008662       0x24 zephyr/libzephyr.a(mpsc_pbuf.c.obj)
 .text.get_usage
                0x0000000008008686       0x24 zephyr/libzephyr.a(mpsc_pbuf.c.obj)
 .text.max_utilization_update
                0x00000000080086aa       0x26 zephyr/libzephyr.a(mpsc_pbuf.c.obj)
 .text.rd_idx_inc
                0x00000000080086d0       0x26 zephyr/libzephyr.a(mpsc_pbuf.c.obj)
 .text.add_skip_item
                0x00000000080086f6       0x66 zephyr/libzephyr.a(mpsc_pbuf.c.obj)
 .text.drop_item_locked
                0x000000000800875c      0x12e zephyr/libzephyr.a(mpsc_pbuf.c.obj)
 .text.post_drop_action
                0x000000000800888a       0x62 zephyr/libzephyr.a(mpsc_pbuf.c.obj)
 .text.mpsc_pbuf_init
                0x00000000080088ec       0x42 zephyr/libzephyr.a(mpsc_pbuf.c.obj)
                0x00000000080088ec                mpsc_pbuf_init
 .text.mpsc_pbuf_alloc
                0x000000000800892e      0x134 zephyr/libzephyr.a(mpsc_pbuf.c.obj)
                0x000000000800892e                mpsc_pbuf_alloc
 .text.mpsc_pbuf_commit
                0x0000000008008a62       0x50 zephyr/libzephyr.a(mpsc_pbuf.c.obj)
                0x0000000008008a62                mpsc_pbuf_commit
 .text.mpsc_pbuf_claim
                0x0000000008008ab2       0xd0 zephyr/libzephyr.a(mpsc_pbuf.c.obj)
                0x0000000008008ab2                mpsc_pbuf_claim
 .text.mpsc_pbuf_free
                0x0000000008008b82       0x88 zephyr/libzephyr.a(mpsc_pbuf.c.obj)
                0x0000000008008b82                mpsc_pbuf_free
 .text.mpsc_pbuf_is_pending
                0x0000000008008c0a       0x2c zephyr/libzephyr.a(mpsc_pbuf.c.obj)
                0x0000000008008c0a                mpsc_pbuf_is_pending
 .text._ConfigAbsSyms
                0x0000000008008c36        0x2 zephyr/libzephyr.a(configs.c.obj)
                0x0000000008008c36                _ConfigAbsSyms
 .text.log_msg_generic_get_wlen
                0x0000000008008c38       0x20 zephyr/libzephyr.a(log_core.c.obj)
 .text.log_backend_init
                0x0000000008008c58       0x14 zephyr/libzephyr.a(log_core.c.obj)
 .text.dummy_timestamp
                0x0000000008008c6c        0x4 zephyr/libzephyr.a(log_core.c.obj)
 .text.msg_filter_check
                0x0000000008008c70        0x4 zephyr/libzephyr.a(log_core.c.obj)
 .text.k_msleep
                0x0000000008008c74       0x20 zephyr/libzephyr.a(log_core.c.obj)
 .text.msg_alloc
                0x0000000008008c94        0xc zephyr/libzephyr.a(log_core.c.obj)
 .text.msg_free
                0x0000000008008ca0        0x8 zephyr/libzephyr.a(log_core.c.obj)
 .text.msg_pending
                0x0000000008008ca8        0x8 zephyr/libzephyr.a(log_core.c.obj)
 .text.z_log_vprintk
                0x0000000008008cb0       0x1e zephyr/libzephyr.a(log_core.c.obj)
                0x0000000008008cb0                z_log_vprintk
 .text.z_log_notify_drop
                0x0000000008008cce        0xa zephyr/libzephyr.a(log_core.c.obj)
 .text.z_log_msg_claim
                0x0000000008008cd8        0x8 zephyr/libzephyr.a(log_core.c.obj)
                0x0000000008008cd8                z_log_msg_claim
 .text.msg_commit
                0x0000000008008ce0        0xc zephyr/libzephyr.a(log_core.c.obj)
 .text.z_log_get_tag
                0x0000000008008cec        0x4 zephyr/libzephyr.a(log_core.c.obj)
                0x0000000008008cec                z_log_get_tag
 .text.log_backend_enable
                0x0000000008008cf0       0x16 zephyr/libzephyr.a(log_mgmt.c.obj)
                0x0000000008008cf0                log_backend_enable
 .text.z_cbprintf_cpy
                0x0000000008008d06       0x32 zephyr/libzephyr.a(log_msg.c.obj)
 .text.z_log_msg_finalize
                0x0000000008008d38       0x2e zephyr/libzephyr.a(log_msg.c.obj)
                0x0000000008008d38                z_log_msg_finalize
 .text.z_log_msg_simple_create
                0x0000000008008d66       0x62 zephyr/libzephyr.a(log_msg.c.obj)
 .text.z_impl_z_log_msg_simple_create_0
                0x0000000008008dc8       0x14 zephyr/libzephyr.a(log_msg.c.obj)
                0x0000000008008dc8                z_impl_z_log_msg_simple_create_0
 .text.z_impl_z_log_msg_simple_create_1
                0x0000000008008ddc       0x16 zephyr/libzephyr.a(log_msg.c.obj)
                0x0000000008008ddc                z_impl_z_log_msg_simple_create_1
 .text.z_impl_z_log_msg_simple_create_2
                0x0000000008008df2       0x1a zephyr/libzephyr.a(log_msg.c.obj)
                0x0000000008008df2                z_impl_z_log_msg_simple_create_2
 .text.z_log_msg_static_create
                0x0000000008008e0c        0x8 zephyr/libzephyr.a(log_msg.c.obj)
 .text.log_output_flush
                0x0000000008008e14       0x2e zephyr/libzephyr.a(log_output.c.obj)
 .text.out_func
                0x0000000008008e42       0x38 zephyr/libzephyr.a(log_output.c.obj)
 .text.cr_out_func
                0x0000000008008e7a       0x1e zephyr/libzephyr.a(log_output.c.obj)
 .text.color_prefix
                0x0000000008008e98        0xc zephyr/libzephyr.a(log_output.c.obj)
 .text.color_postfix
                0x0000000008008ea4        0xc zephyr/libzephyr.a(log_output.c.obj)
 .text.postfix_print
                0x0000000008008eb0       0x18 zephyr/libzephyr.a(log_output.c.obj)
 .text.log_msg_hexdump
                0x0000000008008ec8       0x36 zephyr/libzephyr.a(log_output.c.obj)
 .text.log_output_msg_process
                0x0000000008008efe       0x66 zephyr/libzephyr.a(log_output.c.obj)
                0x0000000008008efe                log_output_msg_process
 .text.log_output_flush
                0x0000000008008f64       0x2e zephyr/libzephyr.a(log_backend_uart.c.obj)
 .text.format_set
                0x0000000008008f92        0xc zephyr/libzephyr.a(log_backend_uart.c.obj)
 .text.log_backend_uart_init
                0x0000000008008f9e        0xc zephyr/libzephyr.a(log_backend_uart.c.obj)
 .text.panic    0x0000000008008faa       0x14 zephyr/libzephyr.a(log_backend_uart.c.obj)
 .text.dropped  0x0000000008008fbe        0xe zephyr/libzephyr.a(log_backend_uart.c.obj)
 .text.process  0x0000000008008fcc       0x1c zephyr/libzephyr.a(log_backend_uart.c.obj)
 .text.z_do_kernel_oops
                0x0000000008008fe8        0xc zephyr/arch/arch/arm/core/libarch__arm__core.a(fatal.c.obj)
                0x0000000008008fe8                z_do_kernel_oops
 .text.z_arm_nmi
                0x0000000008008ff4        0xc zephyr/arch/arch/arm/core/libarch__arm__core.a(nmi.c.obj)
                0x0000000008008ff4                z_arm_nmi
 .text.memory_fault_recoverable
                0x0000000008009000        0x4 zephyr/arch/arch/arm/core/cortex_m/libarch__arm__core__cortex_m.a(fault.c.obj)
 .text.fault_handle
                0x0000000008009004       0x4a zephyr/arch/arch/arm/core/cortex_m/libarch__arm__core__cortex_m.a(fault.c.obj)
 .text.arm_irq_enable
                0x000000000800904e        0xa zephyr/arch/arch/arm/core/cortex_m/libarch__arm__core__cortex_m.a(irq_manage.c.obj)
                0x000000000800904e                arm_irq_enable
 .text.arm_irq_priority_set
                0x0000000008009058        0xc zephyr/arch/arch/arm/core/cortex_m/libarch__arm__core__cortex_m.a(irq_manage.c.obj)
                0x0000000008009058                arm_irq_priority_set
 .text.z_irq_spurious
                0x0000000008009064        0xc zephyr/arch/arch/arm/core/cortex_m/libarch__arm__core__cortex_m.a(irq_manage.c.obj)
                0x0000000008009064                z_irq_spurious
 .text.arch_irq_unlock_outlined
                0x0000000008009070        0xe zephyr/arch/arch/arm/core/cortex_m/libarch__arm__core__cortex_m.a(thread.c.obj)
                0x0000000008009070                arch_irq_unlock_outlined
 .text.arch_cpu_idle
                0x000000000800907e       0x1a zephyr/arch/arch/arm/core/cortex_m/libarch__arm__core__cortex_m.a(cpu_idle.c.obj)
                0x000000000800907e                arch_cpu_idle
 .text.mpu_partition_is_valid
                0x0000000008009098       0x22 zephyr/arch/arch/arm/core/mpu/libarch__arm__core__mpu.a(arm_mpu.c.obj)
 .text.mpu_configure_region
                0x00000000080090ba       0x3e zephyr/arch/arch/arm/core/mpu/libarch__arm__core__mpu.a(arm_mpu.c.obj)
 .text.mpu_configure_regions_from_dt
                0x00000000080090f8      0x1b0 zephyr/arch/arch/arm/core/mpu/libarch__arm__core__mpu.a(arm_mpu.c.obj)
 .text.arm_core_mpu_configure_static_mpu_regions
                0x00000000080092a8        0x8 zephyr/arch/arch/arm/core/mpu/libarch__arm__core__mpu.a(arm_mpu.c.obj)
                0x00000000080092a8                arm_core_mpu_configure_static_mpu_regions
 .text.arm_core_mpu_configure_dynamic_mpu_regions
                0x00000000080092b0        0x8 zephyr/arch/arch/arm/core/mpu/libarch__arm__core__mpu.a(arm_mpu.c.obj)
                0x00000000080092b0                arm_core_mpu_configure_dynamic_mpu_regions
 .text.cbputc   0x00000000080092b8        0xc zephyr/lib/libc/picolibc/liblib__libc__picolibc.a(cbprintf.c.obj)
 .text.picolibc_put
                0x00000000080092c4        0xa zephyr/lib/libc/picolibc/liblib__libc__picolibc.a(stdio.c.obj)
 .text.stm32_exti_init
                0x00000000080092ce       0x94 zephyr/drivers/interrupt_controller/libdrivers__interrupt_controller.a(intc_exti_stm32.c.obj)
 .text.stm32_gpio_intc_get_pin_irq_line
                0x0000000008009362        0x6 zephyr/drivers/interrupt_controller/libdrivers__interrupt_controller.a(intc_exti_stm32.c.obj)
                0x0000000008009362                stm32_gpio_intc_get_pin_irq_line
 .text.stm32_exti_set_line_src_port
                0x0000000008009368       0x1c zephyr/drivers/interrupt_controller/libdrivers__interrupt_controller.a(intc_exti_stm32.c.obj)
                0x0000000008009368                stm32_exti_set_line_src_port
 .text.stm32_exti_get_line_src_port
                0x0000000008009384       0x1a zephyr/drivers/interrupt_controller/libdrivers__interrupt_controller.a(intc_exti_stm32.c.obj)
                0x0000000008009384                stm32_exti_get_line_src_port
 .text.get_pll_div_frequency
                0x000000000800939e        0xe zephyr/drivers/clock_control/libdrivers__clock_control.a(clock_stm32_ll_common.c.obj)
 .text.get_bus_clock
                0x00000000080093ac        0x6 zephyr/drivers/clock_control/libdrivers__clock_control.a(clock_stm32_ll_common.c.obj)
 .text.stm32_clock_control_on
                0x00000000080093b2       0x44 zephyr/drivers/clock_control/libdrivers__clock_control.a(clock_stm32_ll_common.c.obj)
 .text.stm32_clock_control_off
                0x00000000080093f6       0x2e zephyr/drivers/clock_control/libdrivers__clock_control.a(clock_stm32_ll_common.c.obj)
 .text.enabled_clock
                0x0000000008009424       0x1e zephyr/drivers/clock_control/libdrivers__clock_control.a(clock_stm32_ll_common.c.obj)
                0x0000000008009424                enabled_clock
 .text.stm32_clock_control_configure
                0x0000000008009442       0x56 zephyr/drivers/clock_control/libdrivers__clock_control.a(clock_stm32_ll_common.c.obj)
 .text.stm32_clock_control_get_status
                0x0000000008009498       0x3a zephyr/drivers/clock_control/libdrivers__clock_control.a(clock_stm32_ll_common.c.obj)
 .text.config_regulator_voltage
                0x00000000080094d2        0x2 zephyr/drivers/clock_control/libdrivers__clock_control.a(clock_stm32_ll_common.c.obj)
                0x00000000080094d2                config_regulator_voltage
 .text.get_pll_source
                0x00000000080094d4        0x6 zephyr/drivers/clock_control/libdrivers__clock_control.a(clock_stm32f2_f4_f7.c.obj)
 .text.sys_slist_remove
                0x00000000080094da       0x26 zephyr/drivers/gpio/libdrivers__gpio.a(gpio_stm32.c.obj)
 .text.sys_slist_find_and_remove
                0x0000000008009500       0x20 zephyr/drivers/gpio/libdrivers__gpio.a(gpio_stm32.c.obj)
 .text.pm_device_driver_init
                0x0000000008009520       0x24 zephyr/drivers/gpio/libdrivers__gpio.a(gpio_stm32.c.obj)
 .text.gpio_manage_callback
                0x0000000008009544       0x3e zephyr/drivers/gpio/libdrivers__gpio.a(gpio_stm32.c.obj)
 .text.gpio_fire_callbacks
                0x0000000008009582       0x40 zephyr/drivers/gpio/libdrivers__gpio.a(gpio_stm32.c.obj)
 .text.gpio_stm32_isr
                0x00000000080095c2       0x10 zephyr/drivers/gpio/libdrivers__gpio.a(gpio_stm32.c.obj)
 .text.gpio_stm32_flags_to_conf
                0x00000000080095d2       0xa8 zephyr/drivers/gpio/libdrivers__gpio.a(gpio_stm32.c.obj)
 .text.gpio_stm32_port_get_raw
                0x000000000800967a        0xc zephyr/drivers/gpio/libdrivers__gpio.a(gpio_stm32.c.obj)
 .text.gpio_stm32_port_set_masked_raw
                0x0000000008009686       0x12 zephyr/drivers/gpio/libdrivers__gpio.a(gpio_stm32.c.obj)
 .text.gpio_stm32_port_set_bits_raw
                0x0000000008009698        0xa zephyr/drivers/gpio/libdrivers__gpio.a(gpio_stm32.c.obj)
 .text.gpio_stm32_port_clear_bits_raw
                0x00000000080096a2        0xc zephyr/drivers/gpio/libdrivers__gpio.a(gpio_stm32.c.obj)
 .text.gpio_stm32_port_toggle_bits
                0x00000000080096ae        0xe zephyr/drivers/gpio/libdrivers__gpio.a(gpio_stm32.c.obj)
 .text.gpio_stm32_manage_callback
                0x00000000080096bc        0xc zephyr/drivers/gpio/libdrivers__gpio.a(gpio_stm32.c.obj)
 .text.gpio_stm32_pm_action
                0x00000000080096c8       0x32 zephyr/drivers/gpio/libdrivers__gpio.a(gpio_stm32.c.obj)
 .text.LL_GPIO_SetPinMode
                0x00000000080096fa       0x3a zephyr/drivers/gpio/libdrivers__gpio.a(gpio_stm32.c.obj)
 .text.LL_GPIO_SetPinSpeed
                0x0000000008009734       0x3a zephyr/drivers/gpio/libdrivers__gpio.a(gpio_stm32.c.obj)
 .text.LL_GPIO_SetPinPull
                0x000000000800976e       0x3a zephyr/drivers/gpio/libdrivers__gpio.a(gpio_stm32.c.obj)
 .text.LL_GPIO_SetAFPin_0_7
                0x00000000080097a8       0x3a zephyr/drivers/gpio/libdrivers__gpio.a(gpio_stm32.c.obj)
 .text.LL_GPIO_SetAFPin_8_15
                0x00000000080097e2       0x3c zephyr/drivers/gpio/libdrivers__gpio.a(gpio_stm32.c.obj)
 .text.gpio_stm32_configure_raw
                0x000000000800981e       0x70 zephyr/drivers/gpio/libdrivers__gpio.a(gpio_stm32.c.obj)
 .text.gpio_stm32_config
                0x000000000800988e       0x98 zephyr/drivers/gpio/libdrivers__gpio.a(gpio_stm32.c.obj)
 .text.gpio_stm32_disable_pin_irqs
                0x0000000008009926       0x30 zephyr/drivers/gpio/libdrivers__gpio.a(gpio_stm32.c.obj)
 .text.gpio_stm32_configure
                0x0000000008009956       0x34 zephyr/drivers/gpio/libdrivers__gpio.a(gpio_stm32.c.obj)
                0x0000000008009956                gpio_stm32_configure
 .text.timer_work_handler
                0x000000000800998a        0x8 zephyr/drivers/lora/libloramac-node.a(hal_common.c.obj)
 .text.RtcGetMinimumTimeout
                0x0000000008009992        0x4 zephyr/drivers/lora/libloramac-node.a(hal_common.c.obj)
                0x0000000008009992                RtcGetMinimumTimeout
 .text.DelayMsMcu
                0x0000000008009996       0x16 zephyr/drivers/lora/libloramac-node.a(hal_common.c.obj)
                0x0000000008009996                DelayMsMcu
 .text.RtcMs2Tick
                0x00000000080099ac        0x2 zephyr/drivers/lora/libloramac-node.a(hal_common.c.obj)
                0x00000000080099ac                RtcMs2Tick
 .text.RtcTick2Ms
                0x00000000080099ae        0x2 zephyr/drivers/lora/libloramac-node.a(hal_common.c.obj)
                0x00000000080099ae                RtcTick2Ms
 .text.BoardCriticalSectionBegin
                0x00000000080099b0       0x12 zephyr/drivers/lora/libloramac-node.a(hal_common.c.obj)
                0x00000000080099b0                BoardCriticalSectionBegin
 .text.BoardCriticalSectionEnd
                0x00000000080099c2        0xc zephyr/drivers/lora/libloramac-node.a(hal_common.c.obj)
                0x00000000080099c2                BoardCriticalSectionEnd
 .text.z_impl_gpio_pin_configure
                0x00000000080099ce       0x50 zephyr/drivers/lora/libloramac-node.a(sx12xx_common.c.obj)
 .text.gpio_pin_configure_dt
                0x0000000008009a1e       0x16 zephyr/drivers/lora/libloramac-node.a(sx12xx_common.c.obj)
 .text.gpio_pin_interrupt_configure_dt
                0x0000000008009a34       0x10 zephyr/drivers/lora/libloramac-node.a(sx127x.c.obj)
 .text.z_impl_gpio_pin_configure
                0x0000000008009a44       0x50 zephyr/drivers/lora/libloramac-node.a(sx127x.c.obj)
 .text.gpio_pin_configure_dt
                0x0000000008009a94       0x16 zephyr/drivers/lora/libloramac-node.a(sx127x.c.obj)
 .text.gpio_port_get
                0x0000000008009aaa       0x18 zephyr/drivers/lora/libloramac-node.a(sx127x.c.obj)
 .text.gpio_pin_get
                0x0000000008009ac2       0x20 zephyr/drivers/lora/libloramac-node.a(sx127x.c.obj)
 .text.gpio_pin_set_raw
                0x0000000008009ae2       0x20 zephyr/drivers/lora/libloramac-node.a(sx127x.c.obj)
 .text.gpio_pin_set
                0x0000000008009b02       0x1a zephyr/drivers/lora/libloramac-node.a(sx127x.c.obj)
 .text.gpio_add_callback
                0x0000000008009b1c       0x14 zephyr/drivers/lora/libloramac-node.a(sx127x.c.obj)
 .text.spi_transceive_dt
                0x0000000008009b30       0x16 zephyr/drivers/lora/libloramac-node.a(sx127x.c.obj)
 .text.spi_write_dt
                0x0000000008009b46       0x14 zephyr/drivers/lora/libloramac-node.a(sx127x.c.obj)
 .text.clamp_int8
                0x0000000008009b5a       0x10 zephyr/drivers/lora/libloramac-node.a(sx127x.c.obj)
 .text.SX1272CheckRfFrequency
                0x0000000008009b6a        0x4 zephyr/drivers/lora/libloramac-node.a(sx127x.c.obj)
                0x0000000008009b6a                SX1272CheckRfFrequency
 .text.sx127x_antenna_configure
                0x0000000008009b6e        0x4 zephyr/drivers/lora/libloramac-node.a(sx127x.c.obj)
 .text.spi_is_ready_dt
                0x0000000008009b72       0x1c zephyr/drivers/lora/libloramac-node.a(sx127x.c.obj)
 .text.SX1272GetBoardTcxoWakeupTime
                0x0000000008009b8e        0x4 zephyr/drivers/lora/libloramac-node.a(sx127x.c.obj)
                0x0000000008009b8e                SX1272GetBoardTcxoWakeupTime
 .text.SX1272SetAntSwLowPower
                0x0000000008009b92        0x2 zephyr/drivers/lora/libloramac-node.a(sx127x.c.obj)
                0x0000000008009b92                SX1272SetAntSwLowPower
 .text.SX1272SetBoardTcxo
                0x0000000008009b94        0x2 zephyr/drivers/lora/libloramac-node.a(sx127x.c.obj)
                0x0000000008009b94                SX1272SetBoardTcxo
 .text.SX1272SetAntSw
                0x0000000008009b96        0x2 zephyr/drivers/lora/libloramac-node.a(sx127x.c.obj)
                0x0000000008009b96                SX1272SetAntSw
 .text.sx127x_read
                0x0000000008009b98        0xe zephyr/drivers/lora/libloramac-node.a(sx127x.c.obj)
                0x0000000008009b98                sx127x_read
 .text.sx127x_write
                0x0000000008009ba6       0x12 zephyr/drivers/lora/libloramac-node.a(sx127x.c.obj)
                0x0000000008009ba6                sx127x_write
 .text.memcpy1  0x0000000008009bb8       0x16 zephyr/drivers/lora/libloramac-node.a(utilities.c.obj)
                0x0000000008009bb8                memcpy1
 .text.TimerSetTimeout
                0x0000000008009bce       0x2c zephyr/drivers/lora/libloramac-node.a(timer.c.obj)
 .text.TimerInit
                0x0000000008009bfa       0x12 zephyr/drivers/lora/libloramac-node.a(timer.c.obj)
                0x0000000008009bfa                TimerInit
 .text.TimerSetValue
                0x0000000008009c0c       0x22 zephyr/drivers/lora/libloramac-node.a(timer.c.obj)
                0x0000000008009c0c                TimerSetValue
 .text.TimerGetCurrentTime
                0x0000000008009c2e        0xc zephyr/drivers/lora/libloramac-node.a(timer.c.obj)
                0x0000000008009c2e                TimerGetCurrentTime
 .text.TimerGetElapsedTime
                0x0000000008009c3a       0x20 zephyr/drivers/lora/libloramac-node.a(timer.c.obj)
                0x0000000008009c3a                TimerGetElapsedTime
 .text.DelayMs  0x0000000008009c5a        0x8 zephyr/drivers/lora/libloramac-node.a(delay.c.obj)
                0x0000000008009c5a                DelayMs
 .text.SX1272ConvertPllStepToFreqInHz
                0x0000000008009c62       0x16 zephyr/drivers/lora/libloramac-node.a(sx1272.c.obj)
 .text.SX1272GetGfskTimeOnAirNumerator
                0x0000000008009c78       0x1e zephyr/drivers/lora/libloramac-node.a(sx1272.c.obj)
 .text.SX1272GetLoRaTimeOnAirNumerator
                0x0000000008009c96       0xa2 zephyr/drivers/lora/libloramac-node.a(sx1272.c.obj)
 .text.SX1272ReadFifo
                0x0000000008009d38        0xe zephyr/drivers/lora/libloramac-node.a(sx1272.c.obj)
 .text.SX1272WriteFifo
                0x0000000008009d46        0xe zephyr/drivers/lora/libloramac-node.a(sx1272.c.obj)
 .text.SX1272GetTimeOnAir
                0x0000000008009d54       0x64 zephyr/drivers/lora/libloramac-node.a(sx1272.c.obj)
                0x0000000008009d54                SX1272GetTimeOnAir
 .text.SX1272Write
                0x0000000008009db8       0x18 zephyr/drivers/lora/libloramac-node.a(sx1272.c.obj)
                0x0000000008009db8                SX1272Write
 .text.SX1272Read
                0x0000000008009dd0       0x18 zephyr/drivers/lora/libloramac-node.a(sx1272.c.obj)
                0x0000000008009dd0                SX1272Read
 .text.SX1272SetOpMode
                0x0000000008009de8       0x38 zephyr/drivers/lora/libloramac-node.a(sx1272.c.obj)
 .text.SX1272ReadRssi
                0x0000000008009e20       0x2a zephyr/drivers/lora/libloramac-node.a(sx1272.c.obj)
                0x0000000008009e20                SX1272ReadRssi
 .text.SX1272IsChannelFree
                0x0000000008009e4a       0x66 zephyr/drivers/lora/libloramac-node.a(sx1272.c.obj)
                0x0000000008009e4a                SX1272IsChannelFree
 .text.SX1272Random
                0x0000000008009eb0       0x40 zephyr/drivers/lora/libloramac-node.a(sx1272.c.obj)
                0x0000000008009eb0                SX1272Random
 .text.SX1272GetWakeupTime
                0x0000000008009ef0        0xa zephyr/drivers/lora/libloramac-node.a(sx1272.c.obj)
                0x0000000008009ef0                SX1272GetWakeupTime
 .text.pinctrl_lookup_state
                0x0000000008009efa       0x32 zephyr/drivers/pinctrl/libdrivers__pinctrl.a(common.c.obj)
                0x0000000008009efa                pinctrl_lookup_state
 .text.pinctrl_configure_pins
                0x0000000008009f2c       0x5e zephyr/drivers/pinctrl/libdrivers__pinctrl.a(pinctrl_stm32.c.obj)
                0x0000000008009f2c                pinctrl_configure_pins
 .text.reset_stm32_status
                0x0000000008009f8a       0x20 zephyr/drivers/reset/libdrivers__reset.a(reset_stm32.c.obj)
 .text.reset_stm32_line_assert
                0x0000000008009faa       0x1e zephyr/drivers/reset/libdrivers__reset.a(reset_stm32.c.obj)
 .text.reset_stm32_line_deassert
                0x0000000008009fc8       0x20 zephyr/drivers/reset/libdrivers__reset.a(reset_stm32.c.obj)
 .text.reset_stm32_line_toggle
                0x0000000008009fe8       0x16 zephyr/drivers/reset/libdrivers__reset.a(reset_stm32.c.obj)
 .text.reset_line_toggle
                0x0000000008009ffe       0x12 zephyr/drivers/serial/libdrivers__serial.a(uart_stm32.c.obj)
 .text.uart_stm32_config_get
                0x000000000800a010       0x94 zephyr/drivers/serial/libdrivers__serial.a(uart_stm32.c.obj)
 .text.uart_stm32_poll_in_visitor
                0x000000000800a0a4       0x34 zephyr/drivers/serial/libdrivers__serial.a(uart_stm32.c.obj)
 .text.uart_stm32_poll_out_visitor
                0x000000000800a0d8       0x3a zephyr/drivers/serial/libdrivers__serial.a(uart_stm32.c.obj)
 .text.poll_in_u8
                0x000000000800a112        0x6 zephyr/drivers/serial/libdrivers__serial.a(uart_stm32.c.obj)
 .text.poll_out_u8
                0x000000000800a118        0x6 zephyr/drivers/serial/libdrivers__serial.a(uart_stm32.c.obj)
 .text.uart_stm32_err_check
                0x000000000800a11e       0x98 zephyr/drivers/serial/libdrivers__serial.a(uart_stm32.c.obj)
 .text.uart_stm32_parameters_set
                0x000000000800a1b6      0x114 zephyr/drivers/serial/libdrivers__serial.a(uart_stm32.c.obj)
 .text.pinctrl_apply_state
                0x000000000800a2ca       0x20 zephyr/drivers/serial/libdrivers__serial.a(uart_stm32.c.obj)
 .text.uart_stm32_init
                0x000000000800a2ea       0x28 zephyr/drivers/serial/libdrivers__serial.a(uart_stm32.c.obj)
 .text.z_impl_gpio_pin_configure
                0x000000000800a312       0x50 zephyr/drivers/spi/libdrivers__spi.a(spi_ll_stm32.c.obj)
 .text.gpio_pin_configure_dt
                0x000000000800a362       0x16 zephyr/drivers/spi/libdrivers__spi.a(spi_ll_stm32.c.obj)
 .text.gpio_pin_set_raw
                0x000000000800a378       0x20 zephyr/drivers/spi/libdrivers__spi.a(spi_ll_stm32.c.obj)
 .text.gpio_pin_set
                0x000000000800a398       0x1a zephyr/drivers/spi/libdrivers__spi.a(spi_ll_stm32.c.obj)
 .text.spi_context_get_next_buf
                0x000000000800a3b2       0x2e zephyr/drivers/spi/libdrivers__spi.a(spi_ll_stm32.c.obj)
 .text.spi_context_buffers_setup
                0x000000000800a3e0       0x60 zephyr/drivers/spi/libdrivers__spi.a(spi_ll_stm32.c.obj)
 .text.spi_context_count_tx_buf_lens
                0x000000000800a440       0x1a zephyr/drivers/spi/libdrivers__spi.a(spi_ll_stm32.c.obj)
 .text.spi_context_count_rx_buf_lens
                0x000000000800a45a       0x1a zephyr/drivers/spi/libdrivers__spi.a(spi_ll_stm32.c.obj)
 .text.spi_stm32_send_next_frame
                0x000000000800a474       0xa6 zephyr/drivers/spi/libdrivers__spi.a(spi_ll_stm32.c.obj)
 .text.spi_stm32_read_next_frame
                0x000000000800a51a       0x9c zephyr/drivers/spi/libdrivers__spi.a(spi_ll_stm32.c.obj)
 .text.spi_stm32_transfer_ongoing
                0x000000000800a5b6       0x14 zephyr/drivers/spi/libdrivers__spi.a(spi_ll_stm32.c.obj)
 .text.spi_stm32_shift_fifo
                0x000000000800a5ca       0x36 zephyr/drivers/spi/libdrivers__spi.a(spi_ll_stm32.c.obj)
 .text.spi_stm32_shift_m
                0x000000000800a600       0x56 zephyr/drivers/spi/libdrivers__spi.a(spi_ll_stm32.c.obj)
 .text.spi_stm32_shift_s
                0x000000000800a656      0x134 zephyr/drivers/spi/libdrivers__spi.a(spi_ll_stm32.c.obj)
 .text.spi_stm32_half_duplex_switch_to_receive
                0x000000000800a78a       0x32 zephyr/drivers/spi/libdrivers__spi.a(spi_ll_stm32.c.obj)
 .text._spi_context_cs_control
                0x000000000800a7bc       0x40 zephyr/drivers/spi/libdrivers__spi.a(spi_ll_stm32.c.obj)
 .text.spi_stm32_cs_control
                0x000000000800a7fc        0xc zephyr/drivers/spi/libdrivers__spi.a(spi_ll_stm32.c.obj)
 .text.spi_context_unlock_unconditionally
                0x000000000800a808       0x1e zephyr/drivers/spi/libdrivers__spi.a(spi_ll_stm32.c.obj)
 .text.spi_stm32_release
                0x000000000800a826       0x28 zephyr/drivers/spi/libdrivers__spi.a(spi_ll_stm32.c.obj)
 .text.spi_context_release
                0x000000000800a84e       0x1a zephyr/drivers/spi/libdrivers__spi.a(spi_ll_stm32.c.obj)
 .text.spi_stm32_complete
                0x000000000800a868       0x8c zephyr/drivers/spi/libdrivers__spi.a(spi_ll_stm32.c.obj)
 .text.spi_context_lock
                0x000000000800a8f4       0x3e zephyr/drivers/spi/libdrivers__spi.a(spi_ll_stm32.c.obj)
 .text.transceive
                0x000000000800a932       0xe0 zephyr/drivers/spi/libdrivers__spi.a(spi_ll_stm32.c.obj)
 .text.spi_stm32_transceive
                0x000000000800aa12       0x14 zephyr/drivers/spi/libdrivers__spi.a(spi_ll_stm32.c.obj)
 .text.spi_stm32_shift_frames
                0x000000000800aa26       0x22 zephyr/drivers/spi/libdrivers__spi.a(spi_ll_stm32.c.obj)
 .text.spi_stm32_isr
                0x000000000800aa48       0x96 zephyr/drivers/spi/libdrivers__spi.a(spi_ll_stm32.c.obj)
 .text.pinctrl_apply_state
                0x000000000800aade       0x20 zephyr/drivers/spi/libdrivers__spi.a(spi_ll_stm32.c.obj)
 .text.spi_stm32_irq_config_func_0
                0x000000000800aafe       0x14 zephyr/drivers/spi/libdrivers__spi.a(spi_ll_stm32.c.obj)
 .text.spi_stm32_irq_config_func_1
                0x000000000800ab12       0x14 zephyr/drivers/spi/libdrivers__spi.a(spi_ll_stm32.c.obj)
 .text.z_impl_k_busy_wait
                0x000000000800ab26       0x20 zephyr/kernel/libkernel.a(busy_wait.c.obj)
                0x000000000800ab26                z_impl_k_busy_wait
 .text.z_impl_device_is_ready
                0x000000000800ab46       0x20 zephyr/kernel/libkernel.a(device.c.obj)
                0x000000000800ab46                z_impl_device_is_ready
 .text.arch_system_halt
                0x000000000800ab66       0x10 zephyr/kernel/libkernel.a(fatal.c.obj)
                0x000000000800ab66                arch_system_halt
 .text.do_device_init
                0x000000000800ab76       0x2e zephyr/kernel/libkernel.a(init.c.obj)
 .text.z_early_memset
                0x000000000800aba4        0x8 zephyr/kernel/libkernel.a(init.c.obj)
                0x000000000800aba4                z_early_memset
 .text.z_early_memcpy
                0x000000000800abac        0x8 zephyr/kernel/libkernel.a(init.c.obj)
                0x000000000800abac                z_early_memcpy
 .text.idle     0x000000000800abb4       0x16 zephyr/kernel/libkernel.a(idle.c.obj)
                0x000000000800abb4                idle
 .text.arch_spin_relax
                0x000000000800abca        0x4 zephyr/kernel/libkernel.a(idle.c.obj)
                0x000000000800abca                arch_spin_relax
 .text.z_impl_k_sem_init
                0x000000000800abce       0x26 zephyr/kernel/libkernel.a(sem.c.obj)
                0x000000000800abce                z_impl_k_sem_init
 .text.sys_slist_remove
                0x000000000800abf4       0x26 zephyr/kernel/libkernel.a(work.c.obj)
 .text.notify_queue_locked
                0x000000000800ac1a       0x14 zephyr/kernel/libkernel.a(work.c.obj)
 .text.submit_to_queue_locked
                0x000000000800ac2e       0x60 zephyr/kernel/libkernel.a(work.c.obj)
 .text.z_reschedule_unlocked
                0x000000000800ac8e       0x16 zephyr/kernel/libkernel.a(work.c.obj)
 .text.finalize_flush_locked
                0x000000000800aca4       0x12 zephyr/kernel/libkernel.a(work.c.obj)
 .text.k_work_init
                0x000000000800acb6        0xe zephyr/kernel/libkernel.a(work.c.obj)
                0x000000000800acb6                k_work_init
 .text.z_work_submit_to_queue
                0x000000000800acc4       0x28 zephyr/kernel/libkernel.a(work.c.obj)
                0x000000000800acc4                z_work_submit_to_queue
 .text.k_work_submit_to_queue
                0x000000000800acec       0x14 zephyr/kernel/libkernel.a(work.c.obj)
                0x000000000800acec                k_work_submit_to_queue
 .text.setup_thread_stack
                0x000000000800ad00       0x4c zephyr/kernel/libkernel.a(thread.c.obj)
 .text.k_is_in_isr
                0x000000000800ad4c        0xc zephyr/kernel/libkernel.a(thread.c.obj)
                0x000000000800ad4c                k_is_in_isr
 .text.k_thread_name_get
                0x000000000800ad58        0x4 zephyr/kernel/libkernel.a(thread.c.obj)
                0x000000000800ad58                k_thread_name_get
 .text.z_init_thread_base
                0x000000000800ad5c       0x16 zephyr/kernel/libkernel.a(thread.c.obj)
                0x000000000800ad5c                z_init_thread_base
 .text.z_impl_k_thread_create
                0x000000000800ad72       0x44 zephyr/kernel/libkernel.a(thread.c.obj)
                0x000000000800ad72                z_impl_k_thread_create
 .text.thread_active_elsewhere
                0x000000000800adb6        0x4 zephyr/kernel/libkernel.a(sched.c.obj)
 .text.add_to_waitq_locked
                0x000000000800adba       0x64 zephyr/kernel/libkernel.a(sched.c.obj)
 .text.z_abort_thread_timeout
                0x000000000800ae1e        0xa zephyr/kernel/libkernel.a(sched.c.obj)
 .text.unpend_all
                0x000000000800ae28       0x46 zephyr/kernel/libkernel.a(sched.c.obj)
 .text.pend_locked
                0x000000000800ae6e       0x18 zephyr/kernel/libkernel.a(sched.c.obj)
 .text.z_ready_thread
                0x000000000800ae86       0x36 zephyr/kernel/libkernel.a(sched.c.obj)
                0x000000000800ae86                z_ready_thread
 .text.z_unpend_thread_no_timeout
                0x000000000800aebc       0x40 zephyr/kernel/libkernel.a(sched.c.obj)
                0x000000000800aebc                z_unpend_thread_no_timeout
 .text.z_sched_wake_thread
                0x000000000800aefc       0x5a zephyr/kernel/libkernel.a(sched.c.obj)
                0x000000000800aefc                z_sched_wake_thread
 .text.z_thread_timeout
                0x000000000800af56        0xc zephyr/kernel/libkernel.a(sched.c.obj)
                0x000000000800af56                z_thread_timeout
 .text.z_unpend1_no_timeout
                0x000000000800af62       0x4a zephyr/kernel/libkernel.a(sched.c.obj)
                0x000000000800af62                z_unpend1_no_timeout
 .text.z_unpend_thread
                0x000000000800afac       0x12 zephyr/kernel/libkernel.a(sched.c.obj)
                0x000000000800afac                z_unpend_thread
 .text.z_reschedule_unlocked
                0x000000000800afbe       0x16 zephyr/kernel/libkernel.a(sched.c.obj)
 .text.z_unpend_all
                0x000000000800afd4       0x2e zephyr/kernel/libkernel.a(sched.c.obj)
                0x000000000800afd4                z_unpend_all
 .text.init_ready_q
                0x000000000800b002        0x8 zephyr/kernel/libkernel.a(sched.c.obj)
                0x000000000800b002                init_ready_q
 .text.z_sched_wake
                0x000000000800b00a       0x6c zephyr/kernel/libkernel.a(sched.c.obj)
                0x000000000800b00a                z_sched_wake
 .text.remove_timeout
                0x000000000800b076       0x2e zephyr/kernel/libkernel.a(timeout.c.obj)
 .text.next_timeout
                0x000000000800b0a4       0x36 zephyr/kernel/libkernel.a(timeout.c.obj)
 .text.z_abort_timeout
                0x000000000800b0da       0x5e zephyr/kernel/libkernel.a(timeout.c.obj)
                0x000000000800b0da                z_abort_timeout
 .text.sys_clock_tick_get_32
                0x000000000800b138        0x8 zephyr/kernel/libkernel.a(timeout.c.obj)
                0x000000000800b138                sys_clock_tick_get_32
 .text.z_impl_k_uptime_ticks
                0x000000000800b140        0x8 zephyr/kernel/libkernel.a(timeout.c.obj)
                0x000000000800b140                z_impl_k_uptime_ticks
 .text.z_reschedule_unlocked
                0x000000000800b148       0x16 zephyr/kernel/libkernel.a(timer.c.obj)
 .text.k_timer_init
                0x000000000800b15e       0x18 zephyr/kernel/libkernel.a(timer.c.obj)
                0x000000000800b15e                k_timer_init
 .text.z_impl_k_timer_stop
                0x000000000800b176       0x26 zephyr/kernel/libkernel.a(timer.c.obj)
                0x000000000800b176                z_impl_k_timer_stop
 .text.is_condition_met
                0x000000000800b19c       0x80 zephyr/kernel/libkernel.a(poll.c.obj)
 .text.poller_thread
                0x000000000800b21c        0x8 zephyr/kernel/libkernel.a(poll.c.obj)
 .text.add_event
                0x000000000800b224       0x9a zephyr/kernel/libkernel.a(poll.c.obj)
 .text.register_event
                0x000000000800b2be       0x6c zephyr/kernel/libkernel.a(poll.c.obj)
 .text.clear_event_registrations
                0x000000000800b32a       0x34 zephyr/kernel/libkernel.a(poll.c.obj)
 .text.register_events
                0x000000000800b35e       0x80 zephyr/kernel/libkernel.a(poll.c.obj)
 .text.signal_poller
                0x000000000800b3de       0x3c zephyr/kernel/libkernel.a(poll.c.obj)
 .text.signal_triggered_work
                0x000000000800b41a       0x2a zephyr/kernel/libkernel.a(poll.c.obj)
 .text.signal_poll_event
                0x000000000800b444       0x44 zephyr/kernel/libkernel.a(poll.c.obj)
 .text.z_handle_obj_poll_events
                0x000000000800b488       0x3e zephyr/kernel/libkernel.a(poll.c.obj)
                0x000000000800b488                z_handle_obj_poll_events
 .text.z_alloc_helper
                0x000000000800b4c6       0x3a zephyr/kernel/libkernel.a(mempool.c.obj)
 .text.k_free   0x000000000800b500       0x12 zephyr/kernel/libkernel.a(mempool.c.obj)
                0x000000000800b500                k_free
 .text.k_heap_init
                0x000000000800b512       0x10 zephyr/kernel/libkernel.a(kheap.c.obj)
                0x000000000800b512                k_heap_init
 .text.k_heap_free
                0x000000000800b522       0x38 zephyr/kernel/libkernel.a(kheap.c.obj)
                0x000000000800b522                k_heap_free
 .text.memcpy   0x000000000800b55a       0x1c c:\users\zainsiddiqui\.zephyr_ide\toolchains\zephyr-sdk-0.17.0\arm-zephyr-eabi\bin\../lib/gcc/../../picolibc/arm-zephyr-eabi/lib/thumb/v7e-m/nofp\libc.a(memcpy.c.o)
                0x000000000800b55a                __aeabi_memcpy
                0x000000000800b55a                __aeabi_memcpy4
                0x000000000800b55a                __aeabi_memcpy8
                0x000000000800b55a                memcpy
 .text.memset   0x000000000800b576       0x10 c:\users\zainsiddiqui\.zephyr_ide\toolchains\zephyr-sdk-0.17.0\arm-zephyr-eabi\bin\../lib/gcc/../../picolibc/arm-zephyr-eabi/lib/thumb/v7e-m/nofp\libc.a(memset.c.o)
                0x000000000800b576                memset
 .text.strncpy  0x000000000800b586       0x20 c:\users\zainsiddiqui\.zephyr_ide\toolchains\zephyr-sdk-0.17.0\arm-zephyr-eabi\bin\../lib/gcc/../../picolibc/arm-zephyr-eabi/lib/thumb/v7e-m/nofp\libc.a(libc_string_strncpy.c.o)
                0x000000000800b586                strncpy
 .text.strnlen  0x000000000800b5a6       0x18 c:\users\zainsiddiqui\.zephyr_ide\toolchains\zephyr-sdk-0.17.0\arm-zephyr-eabi\bin\../lib/gcc/../../picolibc/arm-zephyr-eabi/lib/thumb/v7e-m/nofp\libc.a(libc_string_strnlen.c.o)
                0x000000000800b5a6                strnlen
 .text.__ultoa_invert
                0x000000000800b5be       0xae c:\users\zainsiddiqui\.zephyr_ide\toolchains\zephyr-sdk-0.17.0\arm-zephyr-eabi\bin\../lib/gcc/../../picolibc/arm-zephyr-eabi/lib/thumb/v7e-m/nofp\libc.a(libc_tinystdio_vflprintf.c.o)
 .text.__file_str_put
                0x000000000800b66c       0x10 c:\users\zainsiddiqui\.zephyr_ide\toolchains\zephyr-sdk-0.17.0\arm-zephyr-eabi\bin\../lib/gcc/../../picolibc/arm-zephyr-eabi/lib/thumb/v7e-m/nofp\libc.a(libc_tinystdio_filestrput.c.o)
                0x000000000800b66c                __file_str_put
 *(SORT_BY_ALIGNMENT(.TEXT.*))